Component: ARM Compiler 5.05 update 2 (build 169) Tool: armlink [4d0f33]

==============================================================================

Section Cross References

    supporting_functions.o(i.Error_Handler) refers to printfb.o(i.__0printf$bare) for __2printf
    main.o(i.main) refers to stm32f4xx_hal.o(i.HAL_Init) for HAL_Init
    main.o(i.main) refers to sysclk_config.o(i.SystemClock_Config) for SystemClock_Config
    main.o(i.main) refers to kp_thread.o(i.start_Kp_thread) for start_Kp_thread
    main.o(i.main) refers to temp_thread.o(i.start_Temp_thread) for start_Temp_thread
    main.o(i.main) refers to acc_thread.o(i.start_Acc_thread) for start_Acc_thread
    main.o(i.main) refers to disp_thread.o(i.start_Disp_thread) for start_Disp_thread
    main.o(i.main) refers to rt_cmsis.o(i.osKernelInitialize) for osKernelInitialize
    main.o(i.main) refers to rt_cmsis.o(i.osKernelStart) for osKernelStart
    main.o(i.main) refers to rt_cmsis.o(i.osDelay) for osDelay
    stm32f4xx_it.o(i.EXTI0_IRQHandler) refers to stm32f4xx_hal_gpio.o(i.HAL_GPIO_EXTI_IRQHandler) for HAL_GPIO_EXTI_IRQHandler
    stm32f4xx_it.o(i.TIM3_IRQHandler) refers to stm32f4xx_hal_tim.o(i.HAL_TIM_IRQHandler) for HAL_TIM_IRQHandler
    stm32f4xx_it.o(i.TIM3_IRQHandler) refers to temp_thread.o(.bss) for TIM3_handle
    stm32f4xx_it.o(i.TIM4_IRQHandler) refers to stm32f4xx_hal_tim.o(i.HAL_TIM_IRQHandler) for HAL_TIM_IRQHandler
    stm32f4xx_it.o(i.TIM4_IRQHandler) refers to kp_thread.o(.bss) for TIM4_handle
    stm32f4xx_it.o(i.TIM5_IRQHandler) refers to stm32f4xx_hal_tim.o(i.HAL_TIM_IRQHandler) for HAL_TIM_IRQHandler
    stm32f4xx_it.o(i.TIM5_IRQHandler) refers to disp_thread.o(.bss) for TIM5_handle
    sysclk_config.o(i.SystemClock_Config) refers to stm32f4xx_hal_rcc.o(i.HAL_RCC_OscConfig) for HAL_RCC_OscConfig
    sysclk_config.o(i.SystemClock_Config) refers to supporting_functions.o(i.Error_Handler) for Error_Handler
    sysclk_config.o(i.SystemClock_Config) refers to stm32f4xx_hal_rcc.o(i.HAL_RCC_ClockConfig) for HAL_RCC_ClockConfig
    sysclk_config.o(i.SystemClock_Config) refers to stm32f4xx_hal_rcc.o(i.HAL_RCC_GetHCLKFreq) for HAL_RCC_GetHCLKFreq
    sysclk_config.o(i.SystemClock_Config) refers to stm32f4xx_hal_cortex.o(i.HAL_SYSTICK_Config) for HAL_SYSTICK_Config
    sysclk_config.o(i.SystemClock_Config) refers to stm32f4xx_hal_cortex.o(i.HAL_SYSTICK_CLKSourceConfig) for HAL_SYSTICK_CLKSourceConfig
    sysclk_config.o(i.SystemClock_Config) refers to stm32f4xx_hal_cortex.o(i.HAL_NVIC_SetPriority) for HAL_NVIC_SetPriority
    acc_thread.o(i.Acc_thread) refers to acc_thread.o(i.Acc_thread_periph_init) for Acc_thread_periph_init
    acc_thread.o(i.Acc_thread) refers to rt_cmsis.o(i.osSignalWait) for osSignalWait
    acc_thread.o(i.Acc_thread) refers to lis3dsh.o(i.LIS3DSH_ReadACC) for LIS3DSH_ReadACC
    acc_thread.o(i.Acc_thread) refers to rt_cmsis.o(i.osMutexWait) for osMutexWait
    acc_thread.o(i.Acc_thread) refers to kalman.o(i.Kalmanfilter_C) for Kalmanfilter_C
    acc_thread.o(i.Acc_thread) refers to accelerometer.o(i.pitch_calc) for pitch_calc
    acc_thread.o(i.Acc_thread) refers to accelerometer.o(i.roll_calc) for roll_calc
    acc_thread.o(i.Acc_thread) refers to rt_cmsis.o(i.osMutexRelease) for osMutexRelease
    acc_thread.o(i.Acc_thread) refers to acc_thread.o(.bss) for axes_vals
    acc_thread.o(i.Acc_thread) refers to acc_thread.o(.data) for acc_mut_id
    acc_thread.o(i.Acc_thread_periph_init) refers to accelerometer.o(i.acc_init) for acc_init
    acc_thread.o(i.Acc_thread_periph_init) refers to acc_thread.o(i.acc_calibrate) for acc_calibrate
    acc_thread.o(i.Acc_thread_periph_init) refers to kalman.o(i.kalman_init) for kalman_init
    acc_thread.o(i.Acc_thread_periph_init) refers to rt_cmsis.o(i.osMutexCreate) for osMutexCreate
    acc_thread.o(i.Acc_thread_periph_init) refers to acc_thread.o(.bss) for xstate
    acc_thread.o(i.Acc_thread_periph_init) refers to acc_thread.o(.constdata) for os_mutex_def_acc_mut
    acc_thread.o(i.Acc_thread_periph_init) refers to acc_thread.o(.data) for acc_mut_id
    acc_thread.o(i.HAL_GPIO_EXTI_Callback) refers to rt_cmsis.o(i.osSignalSet) for osSignalSet
    acc_thread.o(i.HAL_GPIO_EXTI_Callback) refers to acc_thread.o(.data) for Acc_thread_ID
    acc_thread.o(i.acc_calibrate) refers to rt_cmsis.o(i.osSignalWait) for osSignalWait
    acc_thread.o(i.acc_calibrate) refers to printfb.o(i.__0printf$bare) for __2printf
    acc_thread.o(i.acc_calibrate) refers to rt_cmsis.o(i.osMutexWait) for osMutexWait
    acc_thread.o(i.acc_calibrate) refers to lis3dsh.o(i.LIS3DSH_ReadACC) for LIS3DSH_ReadACC
    acc_thread.o(i.acc_calibrate) refers to rt_cmsis.o(i.osMutexRelease) for osMutexRelease
    acc_thread.o(i.acc_calibrate) refers to acc_thread.o(.data) for acc_mut_id
    acc_thread.o(i.acc_calibrate) refers to acc_thread.o(.bss) for axes_vals
[...]
    i.rt_dispatch                            0x08003ebc   Section        0  rt_task.o(i.rt_dispatch)
    i.rt_dly_wait                            0x08003f00   Section        0  rt_time.o(i.rt_dly_wait)
    i.rt_evt_psh                             0x08003f08   Section        0  rt_event.o(i.rt_evt_psh)
    i.rt_evt_set                             0x08003f58   Section        0  rt_event.o(i.rt_evt_set)
    i.rt_evt_wait                            0x08003fb4   Section        0  rt_event.o(i.rt_evt_wait)
    i.rt_free_box                            0x08003ff0   Section        0  rt_membox.o(i.rt_free_box)
    i.rt_free_mem                            0x0800401c   Section        0  rt_memory.o(i.rt_free_mem)
    i.rt_get_first                           0x08004044   Section        0  rt_list.o(i.rt_get_first)
    i.rt_id2obj                              0x0800406c   Section        0  rt_cmsis.o(i.rt_id2obj)
    rt_id2obj                                0x0800406d   Thumb Code     8  rt_cmsis.o(i.rt_id2obj)
    i.rt_init_context                        0x08004074   Section        0  rt_task.o(i.rt_init_context)
    rt_init_context                          0x08004075   Thumb Code    66  rt_task.o(i.rt_init_context)
    i.rt_init_mem                            0x080040bc   Section        0  rt_memory.o(i.rt_init_mem)
    i.rt_init_robin                          0x080040d8   Section        0  rt_robin.o(i.rt_init_robin)
    i.rt_init_stack                          0x080040f0   Section        0  hal_cm.o(i.rt_init_stack)
    i.rt_mbx_check                           0x08004170   Section        0  rt_mailbox.o(i.rt_mbx_check)
    i.rt_mbx_init                            0x08004178   Section        0  rt_mailbox.o(i.rt_mbx_init)
    i.rt_mbx_psh                             0x08004194   Section        0  rt_mailbox.o(i.rt_mbx_psh)
    i.rt_mbx_wait                            0x08004284   Section        0  rt_mailbox.o(i.rt_mbx_wait)
    i.rt_ms2tick                             0x08004338   Section        0  rt_cmsis.o(i.rt_ms2tick)
    rt_ms2tick                               0x08004339   Thumb Code    58  rt_cmsis.o(i.rt_ms2tick)
    i.rt_mut_init                            0x0800437c   Section        0  rt_mutex.o(i.rt_mut_init)
    i.rt_mut_release                         0x0800438c   Section        0  rt_mutex.o(i.rt_mut_release)
    i.rt_mut_wait                            0x08004464   Section        0  rt_mutex.o(i.rt_mut_wait)
    i.rt_pop_req                             0x080044cc   Section        0  rt_system.o(i.rt_pop_req)
    i.rt_psh_req                             0x08004548   Section        0  rt_system.o(i.rt_psh_req)
    i.rt_psq_enq                             0x08004568   Section        0  rt_list.o(i.rt_psq_enq)
    i.rt_put_dly                             0x080045c4   Section        0  rt_list.o(i.rt_put_dly)
    i.rt_put_prio                            0x0800460c   Section        0  rt_list.o(i.rt_put_prio)
    i.rt_put_rdy_first                       0x08004644   Section        0  rt_list.o(i.rt_put_rdy_first)
    i.rt_resort_prio                         0x08004658   Section        0  rt_list.o(i.rt_resort_prio)
    i.rt_ret_regs                            0x0800468c   Section        0  hal_cm.o(i.rt_ret_regs)
    rt_ret_regs                              0x0800468d   Thumb Code    16  hal_cm.o(i.rt_ret_regs)
    i.rt_ret_val                             0x0800469c   Section        0  hal_cm.o(i.rt_ret_val)
    i.rt_ret_val2                            0x080046a8   Section        0  hal_cm.o(i.rt_ret_val2)
    i.rt_rmv_dly                             0x080046b8   Section        0  rt_list.o(i.rt_rmv_dly)
    i.rt_rmv_list                            0x080046e0   Section        0  rt_list.o(i.rt_rmv_list)
    i.rt_sem_psh                             0x08004710   Section        0  rt_semaphore.o(i.rt_sem_psh)
    i.rt_stk_check                           0x08004744   Section        0  rt_system.o(i.rt_stk_check)
    i.rt_switch_req                          0x08004768   Section        0  rt_task.o(i.rt_switch_req)
    i.rt_sys_init                            0x08004790   Section        0  rt_task.o(i.rt_sys_init)
    i.rt_sys_start                           0x0800485c   Section        0  rt_task.o(i.rt_sys_start)
    i.rt_systick                             0x080048d4   Section        0  rt_system.o(i.rt_systick)
    i.rt_tid2ptcb                            0x08004914   Section        0  rt_cmsis.o(i.rt_tid2ptcb)
    rt_tid2ptcb                              0x08004915   Thumb Code    18  rt_cmsis.o(i.rt_tid2ptcb)
    i.rt_timer_insert                        0x08004928   Section        0  rt_cmsis.o(i.rt_timer_insert)
    rt_timer_insert                          0x08004929   Thumb Code    48  rt_cmsis.o(i.rt_timer_insert)
    i.rt_tsk_create                          0x0800495c   Section        0  rt_task.o(i.rt_tsk_create)
    i.rt_tsk_delete                          0x080049e4   Section        0  rt_task.o(i.rt_tsk_delete)
    i.rt_tsk_prio                            0x08004b60   Section        0  rt_task.o(i.rt_tsk_prio)
    i.rt_tsk_self                            0x08004bdc   Section        0  rt_task.o(i.rt_tsk_self)
    i.set_col_read                           0x08004bec   Section        0  key_pad.o(i.set_col_read)
    i.start_Acc_thread                       0x08004cd4   Section        0  acc_thread.o(i.start_Acc_thread)
    i.start_Disp_thread                      0x08004cf0   Section        0  disp_thread.o(i.start_Disp_thread)
    i.start_Kp_thread                        0x08004d0c   Section        0  kp_thread.o(i.start_Kp_thread)
    i.start_Temp_thread                      0x08004d28   Section        0  temp_thread.o(i.start_Temp_thread)
    i.stdout_putchar                         0x08004d44   Section        0  retarget_io.o(i.stdout_putchar)
    stdout_putchar                           0x08004d45   Thumb Code    12  retarget_io.o(i.stdout_putchar)
    i.svcDelay                               0x08004d50   Section        0  rt_cmsis.o(i.svcDelay)
    i.svcKernelInitialize                    0x08004d64   Section        0  rt_cmsis.o(i.svcKernelInitialize)
    i.svcKernelStart                         0x08004dd4   Section        0  rt_cmsis.o(i.svcKernelStart)
    i.svcMessageCreate                       0x08004e1c   Section        0  rt_cmsis.o(i.svcMessageCreate)
    i.svcMessageGet                          0x08004e40   Section        0  rt_cmsis.o(i.svcMessageGet)
    i.svcMutexCreate                         0x08004e7a   Section        0  rt_cmsis.o(i.svcMutexCreate)
    i.svcMutexRelease                        0x08004e96   Section        0  rt_cmsis.o(i.svcMutexRelease)
    i.svcMutexWait                           0x08004eb8   Section        0  rt_cmsis.o(i.svcMutexWait)
    i.svcSignalSet                           0x08004eee   Section        0  rt_cmsis.o(i.svcSignalSet)
    i.svcSignalWait                          0x08004f14   Section        0  rt_cmsis.o(i.svcSignalWait)
    i.svcThreadCreate                        0x08004f68   Section        0  rt_cmsis.o(i.svcThreadCreate)
    i.svcThreadGetId                         0x08004fd8   Section        0  rt_cmsis.o(i.svcThreadGetId)
    i.svcThreadTerminate                     0x08004ff4   Section        0  rt_cmsis.o(i.svcThreadTerminate)
    i.svcTimerCall                           0x0800502c   Section        0  rt_cmsis.o(i.svcTimerCall)
    i.sysTimerTick                           0x08005044   Section        0  rt_cmsis.o(i.sysTimerTick)
    i.undisplay_Decimal                      0x080050a0   Section        0  7_segment_display.o(i.undisplay_Decimal)
    i.vol_To_Temp                            0x080050b4   Section        0  temperature.o(i.vol_To_Temp)
    i.write_Number                           0x080050e0   Section        0  7_segment_display.o(i.write_Number)
    .constdata                               0x080054c4   Section       20  acc_thread.o(.constdata)
    .constdata                               0x080054d8   Section       20  temp_thread.o(.constdata)
    .constdata                               0x080054ec   Section       24  kp_thread.o(.constdata)
    .constdata                               0x08005504   Section       16  disp_thread.o(.constdata)
    .constdata                               0x08005514   Section      104  rtx_conf_cm.o(.constdata)
    __tagsym$$used                           0x08005530   Number         0  rtx_conf_cm.o(.constdata)
    __tagsym$$used                           0x08005534   Number         0  rtx_conf_cm.o(.constdata)
    __tagsym$$used                           0x08005538   Number         0  rtx_conf_cm.o(.constdata)
    __tagsym$$used                           0x0800553c   Number         0  rtx_conf_cm.o(.constdata)
    .constdata                               0x0800557c   Section       16  stm32f4xx_hal_rcc.o(.constdata)
    .constdata                               0x08005590   Section      152  atan.o(.constdata)
    atanhi                                   0x08005590   Data          32  atan.o(.constdata)
    atanlo                                   0x080055b0   Data          32  atan.o(.constdata)
    aTodd                                    0x080055d0   Data          40  atan.o(.constdata)
    aTeven                                   0x080055f8   Data          48  atan.o(.constdata)
    .data                                    0x20000000   Section       40  acc_thread.o(.data)
    .data                                    0x20000028   Section        4  lis3dsh.o(.data)
    .data                                    0x2000002c   Section       12  temp_thread.o(.data)
    .data                                    0x20000038   Section       84  key_pad.o(.data)
    map                                      0x20000038   Data          64  key_pad.o(.data)
    .data                                    0x2000008c   Section       84  kp_thread.o(.data)
    map                                      0x2000008c   Data          64  kp_thread.o(.data)
    .data                                    0x200000e0   Section       25  disp_thread.o(.data)
    .data                                    0x200000fc   Section       16  rtx_conf_cm.o(.data)
    .data                                    0x2000010c   Section        4  stm32f4xx_hal.o(.data)
    .data                                    0x20000110   Section        4  system_stm32f4xx.o(.data)
    .data                                    0x20000114   Section        8  rt_cmsis.o(.data)
    .data                                    0x2000011c   Section        8  rt_task.o(.data)
    .data                                    0x20000124   Section        8  rt_system.o(.data)
    os_lock                                  0x20000124   Data           1  rt_system.o(.data)
    os_psh_flag                              0x20000125   Data           1  rt_system.o(.data)
    pend_flags                               0x20000126   Data           1  rt_system.o(.data)
    .data                                    0x2000012c   Section        4  rt_time.o(.data)
    .data                                    0x20000130   Section        1  hal_cm.o(.data)
    .data                                    0x20000134   Section        8  rt_robin.o(.data)
    .data                                    0x2000013c   Section        4  stdout.o(.data)
    .data                                    0x20000140   Section        4  errno.o(.data)
    _errno                                   0x20000140   Data           4  errno.o(.data)
    .bss                                     0x20000144   Section      112  acc_thread.o(.bss)
    .bss                                     0x200001b4   Section       88  lis3dsh.o(.bss)
    .bss                                     0x2000020c   Section      104  temp_thread.o(.bss)
    .bss                                     0x20000274   Section       72  temperature.o(.bss)
    .bss                                     0x200002bc   Section       20  key_pad.o(.bss)
    GPIO_InitStructure                       0x200002bc   Data          20  key_pad.o(.bss)
    .bss                                     0x200002d0   Section       92  kp_thread.o(.bss)
    .bss                                     0x2000032c   Section       60  disp_thread.o(.bss)
    .bss                                     0x20000368   Section     5688  rtx_conf_cm.o(.bss)
    .bss                                     0x200019a0   Section       52  rt_task.o(.bss)
    .bss                                     0x200019d4   Section       48  rt_list.o(.bss)
    STACK                                    0x20001a08   Section     1024  startup_stm32f407xx.o(STACK)

    Global Symbols

    Symbol Name                              Value     Ov Type        Size  Object(Section)

    BuildAttributes$$THM_ISAv4$E$P$D$K$B$S$7EM$VFPi3$EXTD16$VFPS$VFMA$PE$A:L22UL41UL21$X:L11$S22US41US21$IEEE1$IW$USESV6$~STKCKD$USESV7$~SHL$OTIME$ROPI$IEEEX$EBA8$MICROLIB$REQ8$PRES8$EABIv2 0x00000000   Number         0  anon$$obj.o ABSOLUTE
    __ARM_use_no_argv                        0x00000000   Number         0  main.o ABSOLUTE
    __cpp_initialize__aeabi_                  - Undefined Weak Reference
    __cxa_finalize                            - Undefined Weak Reference
    _clock_init                               - Undefined Weak Reference
    _microlib_exit                            - Undefined Weak Reference
    __Vectors_Size                           0x00000188   Number         0  startup_stm32f407xx.o ABSOLUTE
    __RL_RTX_VER                             0x00000481   Number         0  rt_system.o ABSOLUTE
    __Vectors                                0x08000000   Data           4  startup_stm32f407xx.o(RESET)
    __Vectors_End                            0x08000188   Data           0  startup_stm32f407xx.o(RESET)
    __main                                   0x08000189   Thumb Code     0  entry.o(.ARM.Collect$$$$00000000)
    _main_stk                                0x08000189   Thumb Code     0  entry2.o(.ARM.Collect$$$$00000001)
    _main_scatterload                        0x0800018d   Thumb Code     0  entry5.o(.ARM.Collect$$$$00000004)
    __main_after_scatterload                 0x08000191   Thumb Code     0  entry5.o(.ARM.Collect$$$$00000004)
    __rt_final_cpp                           0x08000191   Thumb Code     0  entry10a.o(.ARM.Collect$$$$0000000D)
    __rt_final_exit                          0x08000191   Thumb Code     0  entry11a.o(.ARM.Collect$$$$0000000F)
    _main_clock                              0x08000191   Thumb Code     0  entry7b.o(.ARM.Collect$$$$00000008)
    _main_cpp_init                           0x08000191   Thumb Code     0  entry8b.o(.ARM.Collect$$$$0000000A)
    _main_init                               0x08000191   Thumb Code    18  rtx_conf_cm.o(.ARM.Collect$$$$000000FF)
    rt_set_PSP                               0x080001ad   Thumb Code     6  hal_cm4.o(.emb_text)
    rt_get_PSP                               0x080001b3   Thumb Code     6  hal_cm4.o(.emb_text)
    os_set_env                               0x080001b9   Thumb Code    24  hal_cm4.o(.emb_text)
    _alloc_box                               0x080001d5   Thumb Code    28  hal_cm4.o(.emb_text)
    _free_box                                0x080001f5   Thumb Code    28  hal_cm4.o(.emb_text)
    SVC_Handler                              0x08000215   Thumb Code   168  hal_cm4.o(.emb_text)
    PendSV_Handler                           0x080002cd   Thumb Code    96  hal_cm4.o(.emb_text)
    SysTick_Handler                          0x08000331   Thumb Code     8  hal_cm4.o(.emb_text)
    OS_Tick_Handler                          0x08000339   Thumb Code    12  hal_cm4.o(.emb_text)
    Reset_Handler                            0x08000345   Thumb Code     8  startup_stm32f407xx.o(.text)
    ADC_IRQHandler                           0x0800035f   Thumb Code     0  startup_stm32f407xx.o(.text)
    CAN1_RX0_IRQHandler                      0x0800035f   Thumb Code     0  startup_stm32f407xx.o(.text)
    CAN1_RX1_IRQHandler                      0x0800035f   Thumb Code     0  startup_stm32f407xx.o(.text)
    CAN1_SCE_IRQHandler                      0x0800035f   Thumb Code     0  startup_stm32f407xx.o(.text)
    CAN1_TX_IRQHandler                       0x0800035f   Thumb Code     0  startup_stm32f407xx.o(.text)
    CAN2_RX0_IRQHandler                      0x0800035f   Thumb Code     0  startup_stm32f407xx.o(.text)
    CAN2_RX1_IRQHandler                      0x0800035f   Thumb Code     0  startup_stm32f407xx.o(.text)
    CAN2_SCE_IRQHandler                      0x0800035f   Thumb Code     0  startup_stm32f407xx.o(.text)
    CAN2_TX_IRQHandler                       0x0800035f   Thumb Code     0  startup_stm32f407xx.o(.text)
    DCMI_IRQHandler                          0x0800035f   Thumb Code     0  startup_stm32f407xx.o(.text)
    DMA1_Stream0_IRQHandler                  0x0800035f   Thumb Code     0  startup_stm32f407xx.o(.text)
    DMA1_Stream1_IRQHandler                  0x0800035f   Thumb Code     0  startup_stm32f407xx.o(.text)
    DMA1_Stream2_IRQHandler                  0x0800035f   Thumb Code     0  startup_stm32f407xx.o(.text)
    DMA1_Stream3_IRQHandler                  0x0800035f   Thumb Code     0  startup_stm32f407xx.o(.text)
    DMA1_Stream4_IRQHandler                  0x0800035f   Thumb Code     0  startup_stm32f407xx.o(.text)
    DMA1_Stream5_IRQHandler                  0x0800035f   Thumb Code     0  startup_stm32f407xx.o(.text)
    DMA1_Stream6_IRQHandler                  0x0800035f   Thumb Code     0  startup_stm32f407xx.o(.text)
    DMA1_Stream7_IRQHandler                  0x0800035f   Thumb Code     0  startup_stm32f407xx.o(.text)
    DMA2_Stream0_IRQHandler                  0x0800035f   Thumb Code     0  startup_stm32f407xx.o(.text)
    DMA2_Stream1_IRQHandler                  0x0800035f   Thumb Code     0  startup_stm32f407xx.o(.text)
    DMA2_Stream2_IRQHandler                  0x0800035f   Thumb Code     0  startup_stm32f407xx.o(.text)
    DMA2_Stream3_IRQHandler                  0x0800035f   Thumb Code     0  startup_stm32f407xx.o(.text)
    DMA2_Stream4_IRQHandler                  0x0800035f   Thumb Code     0  startup_stm32f407xx.o(.text)
    DMA2_Stream5_IRQHandler                  0x0800035f   Thumb Code     0  startup_stm32f407xx.o(.text)
    DMA2_Stream6_IRQHandler                  0x0800035f   Thumb Code     0  startup_stm32f407xx.o(.text)
    DMA2_Stream7_IRQHandler                  0x0800035f   Thumb Code     0  startup_stm32f407xx.o(.text)
    ETH_IRQHandler                           0x0800035f   Thumb Code     0  startup_stm32f407xx.o(.text)
    ETH_WKUP_IRQHandler                      0x0800035f   Thumb Code     0  startup_stm32f407xx.o(.text)
    EXTI15_10_IRQHandler                     0x0800035f   Thumb Code     0  startup_stm32f407xx.o(.text)
    EXTI1_IRQHandler                         0x0800035f   Thumb Code     0  startup_stm32f407xx.o(.text)
    EXTI2_IRQHandler                         0x0800035f   Thumb Code     0  startup_stm32f407xx.o(.text)
    EXTI3_IRQHandler                         0x0800035f   Thumb Code     0  startup_stm32f407xx.o(.text)
    EXTI4_IRQHandler                         0x0800035f   Thumb Code     0  startup_stm32f407xx.o(.text)
    EXTI9_5_IRQHandler                       0x0800035f   Thumb Code     0  startup_stm32f407xx.o(.text)
    FLASH_IRQHandler                         0x0800035f   Thumb Code     0  startup_stm32f407xx.o(.text)
    FMC_IRQHandler                           0x0800035f   Thumb Code     0  startup_stm32f407xx.o(.text)
    FPU_IRQHandler                           0x0800035f   Thumb Code     0  startup_stm32f407xx.o(.text)
    HASH_RNG_IRQHandler                      0x0800035f   Thumb Code     0  startup_stm32f407xx.o(.text)
    I2C1_ER_IRQHandler                       0x0800035f   Thumb Code     0  startup_stm32f407xx.o(.text)
    I2C1_EV_IRQHandler                       0x0800035f   Thumb Code     0  startup_stm32f407xx.o(.text)
    I2C2_ER_IRQHandler                       0x0800035f   Thumb Code     0  startup_stm32f407xx.o(.text)
    I2C2_EV_IRQHandler                       0x0800035f   Thumb Code     0  startup_stm32f407xx.o(.text)
    I2C3_ER_IRQHandler                       0x0800035f   Thumb Code     0  startup_stm32f407xx.o(.text)
    I2C3_EV_IRQHandler                       0x0800035f   Thumb Code     0  startup_stm32f407xx.o(.text)
    OTG_FS_IRQHandler                        0x0800035f   Thumb Code     0  startup_stm32f407xx.o(.text)
    OTG_FS_WKUP_IRQHandler                   0x0800035f   Thumb Code     0  startup_stm32f407xx.o(.text)
    OTG_HS_EP1_IN_IRQHandler                 0x0800035f   Thumb Code     0  startup_stm32f407xx.o(.text)
    OTG_HS_EP1_OUT_IRQHandler                0x0800035f   Thumb Code     0  startup_stm32f407xx.o(.text)
    OTG_HS_IRQHandler                        0x0800035f   Thumb Code     0  startup_stm32f407xx.o(.text)
    OTG_HS_WKUP_IRQHandler                   0x0800035f   Thumb Code     0  startup_stm32f407xx.o(.text)
    PVD_IRQHandler                           0x0800035f   Thumb Code     0  startup_stm32f407xx.o(.text)
    RCC_IRQHandler                           0x0800035f   Thumb Code     0  startup_stm32f407xx.o(.text)
    RTC_Alarm_IRQHandler                     0x0800035f   Thumb Code     0  startup_stm32f407xx.o(.text)
    RTC_WKUP_IRQHandler                      0x0800035f   Thumb Code     0  startup_stm32f407xx.o(.text)
    SDIO_IRQHandler                          0x0800035f   Thumb Code     0  startup_stm32f407xx.o(.text)
    SPI1_IRQHandler                          0x0800035f   Thumb Code     0  startup_stm32f407xx.o(.text)
    SPI2_IRQHandler                          0x0800035f   Thumb Code     0  startup_stm32f407xx.o(.text)
    SPI3_IRQHandler                          0x0800035f   Thumb Code     0  startup_stm32f407xx.o(.text)
    TAMP_STAMP_IRQHandler                    0x0800035f   Thumb Code     0  startup_stm32f407xx.o(.text)
    TIM1_BRK_TIM9_IRQHandler                 0x0800035f   Thumb Code     0  startup_stm32f407xx.o(.text)
    TIM1_CC_IRQHandler                       0x0800035f   Thumb Code     0  startup_stm32f407xx.o(.text)
    TIM1_TRG_COM_TIM11_IRQHandler            0x0800035f   Thumb Code     0  startup_stm32f407xx.o(.text)
    TIM1_UP_TIM10_IRQHandler                 0x0800035f   Thumb Code     0  startup_stm32f407xx.o(.text)
    TIM2_IRQHandler                          0x0800035f   Thumb Code     0  startup_stm32f407xx.o(.text)
    TIM6_DAC_IRQHandler                      0x0800035f   Thumb Code     0  startup_stm32f407xx.o(.text)
    TIM7_IRQHandler                          0x0800035f   Thumb Code     0  startup_stm32f407xx.o(.text)
    TIM8_BRK_TIM12_IRQHandler                0x0800035f   Thumb Code     0  startup_stm32f407xx.o(.text)
    TIM8_CC_IRQHandler                       0x0800035f   Thumb Code     0  startup_stm32f407xx.o(.text)
    TIM8_TRG_COM_TIM14_IRQHandler            0x0800035f   Thumb Code     0  startup_stm32f407xx.o(.text)
    TIM8_UP_TIM13_IRQHandler                 0x0800035f   Thumb Code     0  startup_stm32f407xx.o(.text)
    UART4_IRQHandler                         0x0800035f   Thumb Code     0  startup_stm32f407xx.o(.text)
    UART5_IRQHandler                         0x0800035f   Thumb Code     0  startup_stm32f407xx.o(.text)
    USART1_IRQHandler                        0x0800035f   Thumb Code     0  startup_stm32f407xx.o(.text)
    USART2_IRQHandler                        0x0800035f   Thumb Code     0  startup_stm32f407xx.o(.text)
    USART3_IRQHandler                        0x0800035f   Thumb Code     0  startup_stm32f407xx.o(.text)
    USART6_IRQHandler                        0x0800035f   Thumb Code     0  startup_stm32f407xx.o(.text)
    WWDG_IRQHandler                          0x0800035f   Thumb Code     0  startup_stm32f407xx.o(.text)
    __aeabi_memcpy                           0x08000369   Thumb Code    36  memcpya.o(.text)
    __aeabi_memcpy4                          0x08000369   Thumb Code     0  memcpya.o(.text)
    __aeabi_memcpy8                          0x08000369   Thumb Code     0  memcpya.o(.text)
    __aeabi_dmul                             0x0800038d   Thumb Code   228  dmul.o(.text)
    __aeabi_ddiv                             0x08000471   Thumb Code   222  ddiv.o(.text)
    __aeabi_f2d                              0x0800054f   Thumb Code    38  f2d.o(.text)
    __aeabi_cdrcmple                         0x08000575   Thumb Code    48  cdrcmple.o(.text)
    __aeabi_d2f                              0x080005a5   Thumb Code    56  d2f.o(.text)
    __aeabi_llsl                             0x080005dd   Thumb Code    30  llshl.o(.text)
    _ll_shift_l                              0x080005dd   Thumb Code     0  llshl.o(.text)
    __aeabi_llsr                             0x080005fb   Thumb Code    32  llushr.o(.text)
    _ll_ushift_r                             0x080005fb   Thumb Code     0  llushr.o(.text)
    __I$use$fp                               0x0800061b   Thumb Code     0  iusefp.o(.text)
    _float_round                             0x0800061b   Thumb Code    18  fepilogue.o(.text)
    _float_epilogue                          0x0800062d   Thumb Code    92  fepilogue.o(.text)
    _double_round                            0x08000689   Thumb Code    30  depilogue.o(.text)
    _double_epilogue                         0x080006a7   Thumb Code   156  depilogue.o(.text)
    __aeabi_dadd                             0x08000743   Thumb Code   322  dadd.o(.text)
    __aeabi_dsub                             0x08000885   Thumb Code     6  dadd.o(.text)
    __aeabi_drsub                            0x0800088b   Thumb Code     6  dadd.o(.text)
    _dsqrt                                   0x08000891   Thumb Code   162  dsqrt.o(.text)
    __scatterload                            0x08000935   Thumb Code    28  init.o(.text)
    __scatterload_rt2                        0x08000935   Thumb Code     0  init.o(.text)
    __aeabi_lasr                             0x08000959   Thumb Code    36  llsshr.o(.text)
    _ll_sshift_r                             0x08000959   Thumb Code     0  llsshr.o(.text)
    __decompress                             0x0800097d   Thumb Code     0  __dczerorl2.o(.text)
    __decompress1                            0x0800097d   Thumb Code    86  __dczerorl2.o(.text)
    SVC_Count                                0x080009d4   Data           4  svc_table.o(SVC_TABLE)
    Acc_thread                               0x080009d9   Thumb Code   198  acc_thread.o(i.Acc_thread)
    SVC_Table                                0x080009d8   Data           0  svc_table.o(SVC_TABLE)
    Acc_thread_periph_init                   0x08000ad5   Thumb Code   112  acc_thread.o(i.Acc_thread_periph_init)
    BusFault_Handler                         0x08000b61   Thumb Code     4  stm32f4xx_it.o(i.BusFault_Handler)
    DebugMon_Handler                         0x08000b65   Thumb Code     2  stm32f4xx_it.o(i.DebugMon_Handler)
    Disp_thread                              0x08000b69   Thumb Code   456  disp_thread.o(i.Disp_thread)
    Disp_thread_periph_init                  0x08000d75   Thumb Code    92  disp_thread.o(i.Disp_thread_periph_init)
    EXTI0_IRQHandler                         0x08000ddd   Thumb Code    10  stm32f4xx_it.o(i.EXTI0_IRQHandler)
    Error_Handler                            0x08000de9   Thumb Code    78  supporting_functions.o(i.Error_Handler)
    HAL_ADCEx_MultiModeConfigChannel         0x08000f69   Thumb Code   128  stm32f4xx_hal_adc_ex.o(i.HAL_ADCEx_MultiModeConfigChannel)
    HAL_ADC_ConfigChannel                    0x08000ff1   Thumb Code   386  stm32f4xx_hal_adc.o(i.HAL_ADC_ConfigChannel)
    HAL_ADC_GetValue                         0x08001185   Thumb Code     8  stm32f4xx_hal_adc.o(i.HAL_ADC_GetValue)
    HAL_ADC_PollForConversion                0x0800118d   Thumb Code   186  stm32f4xx_hal_adc.o(i.HAL_ADC_PollForConversion)
    HAL_ADC_Start                            0x08001249   Thumb Code   238  stm32f4xx_hal_adc.o(i.HAL_ADC_Start)
    HAL_ADC_Stop                             0x08001349   Thumb Code    72  stm32f4xx_hal_adc.o(i.HAL_ADC_Stop)
    HAL_GPIO_EXTI_Callback                   0x08001391   Thumb Code    20  acc_thread.o(i.HAL_GPIO_EXTI_Callback)
    HAL_GPIO_EXTI_IRQHandler                 0x080013a9   Thumb Code    24  stm32f4xx_hal_gpio.o(i.HAL_GPIO_EXTI_IRQHandler)
    HAL_GPIO_Init                            0x080013c5   Thumb Code   476  stm32f4xx_hal_gpio.o(i.HAL_GPIO_Init)
    HAL_GPIO_ReadPin                         0x080015d1   Thumb Code    16  stm32f4xx_hal_gpio.o(i.HAL_GPIO_ReadPin)
    HAL_GPIO_WritePin                        0x080015e1   Thumb Code    12  stm32f4xx_hal_gpio.o(i.HAL_GPIO_WritePin)
    HAL_GetTick                              0x080015ed   Thumb Code     6  stm32f4xx_hal.o(i.HAL_GetTick)
    HAL_Init                                 0x080015f9   Thumb Code    54  stm32f4xx_hal.o(i.HAL_Init)
    HAL_InitTick                             0x08001635   Thumb Code    36  stm32f4xx_hal.o(i.HAL_InitTick)
    HAL_MspInit                              0x0800165d   Thumb Code     2  stm32f4xx_hal.o(i.HAL_MspInit)
    HAL_NVIC_EnableIRQ                       0x0800165f   Thumb Code    32  stm32f4xx_hal_cortex.o(i.HAL_NVIC_EnableIRQ)
    HAL_NVIC_SetPriority                     0x0800167f   Thumb Code   124  stm32f4xx_hal_cortex.o(i.HAL_NVIC_SetPriority)
    HAL_NVIC_SetPriorityGrouping             0x080016fd   Thumb Code    32  stm32f4xx_hal_cortex.o(i.HAL_NVIC_SetPriorityGrouping)
    HAL_RCC_ClockConfig                      0x08001725   Thumb Code   446  stm32f4xx_hal_rcc.o(i.HAL_RCC_ClockConfig)
    HAL_RCC_GetHCLKFreq                      0x080018f5   Thumb Code     6  stm32f4xx_hal_rcc.o(i.HAL_RCC_GetHCLKFreq)
    HAL_RCC_GetSysClockFreq                  0x08001901   Thumb Code   168  stm32f4xx_hal_rcc.o(i.HAL_RCC_GetSysClockFreq)
    HAL_RCC_OscConfig                        0x080019b5   Thumb Code   914  stm32f4xx_hal_rcc.o(i.HAL_RCC_OscConfig)
    HAL_SPI_DeInit                           0x08001d59   Thumb Code    54  stm32f4xx_hal_spi.o(i.HAL_SPI_DeInit)
    HAL_SPI_Init                             0x08001d8f   Thumb Code   140  stm32f4xx_hal_spi.o(i.HAL_SPI_Init)
    HAL_SPI_MspDeInit                        0x08001e1b   Thumb Code     2  stm32f4xx_hal_spi.o(i.HAL_SPI_MspDeInit)
    HAL_SPI_MspInit                          0x08001e1d   Thumb Code   218  lis3dsh.o(i.HAL_SPI_MspInit)
    HAL_SYSTICK_CLKSourceConfig              0x08001f09   Thumb Code    40  stm32f4xx_hal_cortex.o(i.HAL_SYSTICK_CLKSourceConfig)
    HAL_SYSTICK_Config                       0x08001f31   Thumb Code    52  stm32f4xx_hal_cortex.o(i.HAL_SYSTICK_Config)
    HAL_TIMEx_BreakCallback                  0x08001f65   Thumb Code     2  stm32f4xx_hal_tim_ex.o(i.HAL_TIMEx_BreakCallback)
    HAL_TIMEx_CommutationCallback            0x08001f67   Thumb Code     2  stm32f4xx_hal_tim_ex.o(i.HAL_TIMEx_CommutationCallback)
    HAL_TIM_Base_Init                        0x08001f69   Thumb Code    52  stm32f4xx_hal_tim.o(i.HAL_TIM_Base_Init)
    HAL_TIM_Base_MspInit                     0x08001f9d   Thumb Code     2  stm32f4xx_hal_tim.o(i.HAL_TIM_Base_MspInit)
    HAL_TIM_Base_Start_IT                    0x08001f9f   Thumb Code    30  stm32f4xx_hal_tim.o(i.HAL_TIM_Base_Start_IT)
    HAL_TIM_IC_CaptureCallback               0x08001fbd   Thumb Code     2  stm32f4xx_hal_tim.o(i.HAL_TIM_IC_CaptureCallback)
    HAL_TIM_IRQHandler                       0x08001fbf   Thumb Code   406  stm32f4xx_hal_tim.o(i.HAL_TIM_IRQHandler)
    HAL_TIM_OC_DelayElapsedCallback          0x08002155   Thumb Code     2  stm32f4xx_hal_tim.o(i.HAL_TIM_OC_DelayElapsedCallback)
    HAL_TIM_PWM_PulseFinishedCallback        0x08002157   Thumb Code     2  stm32f4xx_hal_tim.o(i.HAL_TIM_PWM_PulseFinishedCallback)
    HAL_TIM_PeriodElapsedCallback            0x08002159   Thumb Code    64  timer.o(i.HAL_TIM_PeriodElapsedCallback)
    HAL_TIM_TriggerCallback                  0x080021b1   Thumb Code     2  stm32f4xx_hal_tim.o(i.HAL_TIM_TriggerCallback)
    HardFault_Handler                        0x080021b3   Thumb Code     4  stm32f4xx_it.o(i.HardFault_Handler)
    ITM_SendChar                             0x080021b9   Thumb Code    42  retarget_io.o(i.ITM_SendChar)
    Kalmanfilter_C                           0x080021e9   Thumb Code   170  kalman.o(i.Kalmanfilter_C)
    Kp_thread                                0x08002295   Thumb Code   148  kp_thread.o(i.Kp_thread)
    Kp_thread_periph_init                    0x0800234d   Thumb Code   116  kp_thread.o(i.Kp_thread_periph_init)
    LIS3DSH_DataReadyInterruptConfig         0x080023dd   Thumb Code    42  lis3dsh.o(i.LIS3DSH_DataReadyInterruptConfig)
    LIS3DSH_Init                             0x08002409   Thumb Code   170  lis3dsh.o(i.LIS3DSH_Init)
    LIS3DSH_Read                             0x080024e5   Thumb Code    70  lis3dsh.o(i.LIS3DSH_Read)
    LIS3DSH_ReadACC                          0x08002531   Thumb Code   538  lis3dsh.o(i.LIS3DSH_ReadACC)
    LIS3DSH_TIMEOUT_UserCallback             0x080027e9   Thumb Code     4  lis3dsh.o(i.LIS3DSH_TIMEOUT_UserCallback)
    LIS3DSH_Write                            0x080027ed   Thumb Code    62  lis3dsh.o(i.LIS3DSH_Write)
    MemManage_Handler                        0x08002831   Thumb Code     4  stm32f4xx_it.o(i.MemManage_Handler)
    NMI_Handler                              0x08002835   Thumb Code     2  stm32f4xx_it.o(i.NMI_Handler)
    SPI_ReceiveData                          0x08002837   Thumb Code    10  lis3dsh.o(i.SPI_ReceiveData)
    SPI_SendData                             0x08002841   Thumb Code     6  lis3dsh.o(i.SPI_SendData)
    SystemClock_Config                       0x08002849   Thumb Code   192  sysclk_config.o(i.SystemClock_Config)
    SystemInit                               0x08002911   Thumb Code    82  system_stm32f4xx.o(i.SystemInit)
    TIM3_IRQHandler                          0x08002975   Thumb Code    10  stm32f4xx_it.o(i.TIM3_IRQHandler)
    TIM4_IRQHandler                          0x08002985   Thumb Code    10  stm32f4xx_it.o(i.TIM4_IRQHandler)
    TIM5_IRQHandler                          0x08002995   Thumb Code    10  stm32f4xx_it.o(i.TIM5_IRQHandler)
    TIM_Base_SetConfig                       0x080029a5   Thumb Code   184  stm32f4xx_hal_tim.o(i.TIM_Base_SetConfig)
    Temp_thread                              0x08002a89   Thumb Code    66  temp_thread.o(i.Temp_thread)
    Temp_thread_periph_init                  0x08002ad9   Thumb Code   136  temp_thread.o(i.Temp_thread_periph_init)
    UsageFault_Handler                       0x08002b81   Thumb Code     4  stm32f4xx_it.o(i.UsageFault_Handler)
    __0printf$bare                           0x08002b85   Thumb Code     8  printfb.o(i.__0printf$bare)
    __1printf$bare                           0x08002b85   Thumb Code     0  printfb.o(i.__0printf$bare)
    __2printf                                0x08002b85   Thumb Code     0  printfb.o(i.__0printf$bare)
    __ARM_fpclassify                         0x08002b95   Thumb Code    48  fpclassify.o(i.__ARM_fpclassify)
    __hardfp_atan                            0x08002c01   Thumb Code   622  atan.o(i.__hardfp_atan)
    __hardfp_sqrt                            0x08002ed9   Thumb Code   122  sqrt.o(i.__hardfp_sqrt)
    __kernel_poly                            0x08002f53   Thumb Code   248  poly.o(i.__kernel_poly)
    __mathlib_dbl_infnan                     0x0800304b   Thumb Code    20  dunder.o(i.__mathlib_dbl_infnan)
    __mathlib_dbl_underflow                  0x08003061   Thumb Code    24  dunder.o(i.__mathlib_dbl_underflow)
    __scatterload_copy                       0x08003081   Thumb Code    14  handlers.o(i.__scatterload_copy)
    __scatterload_null                       0x0800308f   Thumb Code     2  handlers.o(i.__scatterload_null)
    __scatterload_zeroinit                   0x08003091   Thumb Code    14  handlers.o(i.__scatterload_zeroinit)
    __set_errno                              0x080030a1   Thumb Code     6  errno.o(i.__set_errno)
    _init_box                                0x080030ad   Thumb Code    70  rt_membox.o(i._init_box)
    acc_calibrate                            0x08003115   Thumb Code   168  acc_thread.o(i.acc_calibrate)
    acc_init                                 0x080031f1   Thumb Code   146  accelerometer.o(i.acc_init)
    adc_Temp_Init                            0x08003291   Thumb Code   206  temperature.o(i.adc_Temp_Init)
    dbg_init                                 0x08003375   Thumb Code    34  hal_cm.o(i.dbg_init)
    dbg_task_notify                          0x080033a5   Thumb Code    32  hal_cm.o(i.dbg_task_notify)
    dbg_task_switch                          0x080033c5   Thumb Code    16  hal_cm.o(i.dbg_task_switch)
    disable_Digit                            0x080033d5   Thumb Code    52  7_segment_display.o(i.disable_Digit)
    display_Decimal                          0x0800340d   Thumb Code    14  7_segment_display.o(i.display_Decimal)
    display_Number                           0x08003421   Thumb Code   208  7_segment_display.o(i.display_Number)
    enable_Digit                             0x080034f1   Thumb Code   276  7_segment_display.o(i.enable_Digit)
    fabs                                     0x08003609   Thumb Code    24  fabs.o(i.fabs)
    fputc                                    0x08003621   Thumb Code    26  retarget_io.o(i.fputc)
    get_Data_Sensor                          0x08003641   Thumb Code   128  temperature.o(i.get_Data_Sensor)
    init_Display_Pins                        0x080036d9   Thumb Code    78  7_segment_display.o(i.init_Display_Pins)
    isrMessageGet                            0x08003731   Thumb Code    42  rt_cmsis.o(i.isrMessageGet)
    isrMessagePut                            0x0800375b   Thumb Code    44  rt_cmsis.o(i.isrMessagePut)
    isrSignalSet                             0x08003787   Thumb Code    36  rt_cmsis.o(i.isrSignalSet)
    isr_evt_set                              0x080037ad   Thumb Code    34  rt_event.o(i.isr_evt_set)
    isr_mbx_receive                          0x080037d5   Thumb Code    86  rt_mailbox.o(i.isr_mbx_receive)
    isr_mbx_send                             0x0800382b   Thumb Code    14  rt_mailbox.o(i.isr_mbx_send)
    kalman_init                              0x08003839   Thumb Code    38  kalman.o(i.kalman_init)
    keypad_init                              0x08003865   Thumb Code   128  key_pad.o(i.keypad_init)
    keypad_read                              0x08003905   Thumb Code   222  key_pad.o(i.keypad_read)
    main                                     0x080039f9   Thumb Code    54  main.o(i.main)
    osDelay                                  0x08003a31   Thumb Code    18  rt_cmsis.o(i.osDelay)
    osKernelInitialize                       0x08003a49   Thumb Code    30  rt_cmsis.o(i.osKernelInitialize)
    osKernelStart                            0x08003a6d   Thumb Code    98  rt_cmsis.o(i.osKernelStart)
    osMessageGet                             0x08003ad9   Thumb Code    18  rt_cmsis.o(i.osMessageGet)
    osMutexCreate                            0x08003af1   Thumb Code    38  rt_cmsis.o(i.osMutexCreate)
    osMutexRelease                           0x08003b21   Thumb Code    18  rt_cmsis.o(i.osMutexRelease)
    osMutexWait                              0x08003b39   Thumb Code    18  rt_cmsis.o(i.osMutexWait)
    osSignalSet                              0x08003b51   Thumb Code    18  rt_cmsis.o(i.osSignalSet)
    osSignalWait                             0x08003b69   Thumb Code    18  rt_cmsis.o(i.osSignalWait)
    osThreadCreate                           0x08003b81   Thumb Code    38  rt_cmsis.o(i.osThreadCreate)
    osThreadExit                             0x08003bb1   Thumb Code    14  rt_cmsis.o(i.osThreadExit)
    osTimerCall                              0x08003bc9   Thumb Code     8  rt_cmsis.o(i.osTimerCall)
    osTimerThread                            0x08003bd5   Thumb Code    38  rt_cmsis.o(i.osTimerThread)
    os_error                                 0x08003c01   Thumb Code    34  rtx_conf_cm.o(i.os_error)
    os_idle_demon                            0x08003c23   Thumb Code     4  rtx_conf_cm.o(i.os_idle_demon)
    os_tick_init                             0x08003c29   Thumb Code    32  rt_system.o(i.os_tick_init)
    os_tick_irqack                           0x08003c51   Thumb Code     2  rt_system.o(i.os_tick_irqack)
    pitch_calc                               0x08003c55   Thumb Code   138  accelerometer.o(i.pitch_calc)
    roll_calc                                0x08003ce5   Thumb Code   138  accelerometer.o(i.roll_calc)
    rt_alloc_box                             0x08003d75   Thumb Code    26  rt_membox.o(i.rt_alloc_box)
    rt_alloc_mem                             0x08003d8f   Thumb Code    62  rt_memory.o(i.rt_alloc_mem)
    rt_block                                 0x08003dcd   Thumb Code    48  rt_task.o(i.rt_block)
    rt_chk_robin                             0x08003e05   Thumb Code    60  rt_robin.o(i.rt_chk_robin)
    rt_dec_dly                               0x08003e4d   Thumb Code   102  rt_list.o(i.rt_dec_dly)
    rt_dispatch                              0x08003ebd   Thumb Code    60  rt_task.o(i.rt_dispatch)
    rt_dly_wait                              0x08003f01   Thumb Code     6  rt_time.o(i.rt_dly_wait)
    rt_evt_psh                               0x08003f09   Thumb Code    76  rt_event.o(i.rt_evt_psh)
    rt_evt_set                               0x08003f59   Thumb Code    88  rt_event.o(i.rt_evt_set)
    rt_evt_wait                              0x08003fb5   Thumb Code    56  rt_event.o(i.rt_evt_wait)
    rt_free_box                              0x08003ff1   Thumb Code    44  rt_membox.o(i.rt_free_box)
    rt_free_mem                              0x0800401d   Thumb Code    40  rt_memory.o(i.rt_free_mem)
    rt_get_first                             0x08004045   Thumb Code    40  rt_list.o(i.rt_get_first)
    rt_init_mem                              0x080040bd   Thumb Code    26  rt_memory.o(i.rt_init_mem)
    rt_init_robin                            0x080040d9   Thumb Code    14  rt_robin.o(i.rt_init_robin)
    rt_init_stack                            0x080040f1   Thumb Code   118  hal_cm.o(i.rt_init_stack)
    rt_mbx_check                             0x08004171   Thumb Code     8  rt_mailbox.o(i.rt_mbx_check)
    rt_mbx_init                              0x08004179   Thumb Code    26  rt_mailbox.o(i.rt_mbx_init)
    rt_mbx_psh                               0x08004195   Thumb Code   236  rt_mailbox.o(i.rt_mbx_psh)
    rt_mbx_wait                              0x08004285   Thumb Code   174  rt_mailbox.o(i.rt_mbx_wait)
    rt_mut_init                              0x0800437d   Thumb Code    16  rt_mutex.o(i.rt_mut_init)
    rt_mut_release                           0x0800438d   Thumb Code   208  rt_mutex.o(i.rt_mut_release)
    rt_mut_wait                              0x08004465   Thumb Code   100  rt_mutex.o(i.rt_mut_wait)
    rt_pop_req                               0x080044cd   Thumb Code   112  rt_system.o(i.rt_pop_req)
    rt_psh_req                               0x08004549   Thumb Code    22  rt_system.o(i.rt_psh_req)
    rt_psq_enq                               0x08004569   Thumb Code    88  rt_list.o(i.rt_psq_enq)
    rt_put_dly                               0x080045c5   Thumb Code    68  rt_list.o(i.rt_put_dly)
    rt_put_prio                              0x0800460d   Thumb Code    54  rt_list.o(i.rt_put_prio)
    rt_put_rdy_first                         0x08004645   Thumb Code    14  rt_list.o(i.rt_put_rdy_first)
    rt_resort_prio                           0x08004659   Thumb Code    46  rt_list.o(i.rt_resort_prio)
    rt_ret_val                               0x0800469d   Thumb Code    12  hal_cm.o(i.rt_ret_val)
    rt_ret_val2                              0x080046a9   Thumb Code    16  hal_cm.o(i.rt_ret_val2)
    rt_rmv_dly                               0x080046b9   Thumb Code    40  rt_list.o(i.rt_rmv_dly)
    rt_rmv_list                              0x080046e1   Thumb Code    44  rt_list.o(i.rt_rmv_list)
    rt_sem_psh                               0x08004711   Thumb Code    48  rt_semaphore.o(i.rt_sem_psh)
    rt_stk_check                             0x08004745   Thumb Code    28  rt_system.o(i.rt_stk_check)
    rt_switch_req                            0x08004769   Thumb Code    30  rt_task.o(i.rt_switch_req)
    rt_sys_init                              0x08004791   Thumb Code   138  rt_task.o(i.rt_sys_init)
    rt_sys_start                             0x0800485d   Thumb Code   110  rt_task.o(i.rt_sys_start)
    rt_systick                               0x080048d5   Thumb Code    50  rt_system.o(i.rt_systick)
    rt_tsk_create                            0x0800495d   Thumb Code   118  rt_task.o(i.rt_tsk_create)
    rt_tsk_delete                            0x080049e5   Thumb Code   352  rt_task.o(i.rt_tsk_delete)
    rt_tsk_prio                              0x08004b61   Thumb Code   108  rt_task.o(i.rt_tsk_prio)
    rt_tsk_self                              0x08004bdd   Thumb Code    12  rt_task.o(i.rt_tsk_self)
    set_col_read                             0x08004bed   Thumb Code   218  key_pad.o(i.set_col_read)
    start_Acc_thread                         0x08004cd5   Thumb Code    18  acc_thread.o(i.start_Acc_thread)
    start_Disp_thread                        0x08004cf1   Thumb Code    18  disp_thread.o(i.start_Disp_thread)
    start_Kp_thread                          0x08004d0d   Thumb Code    18  kp_thread.o(i.start_Kp_thread)
    start_Temp_thread                        0x08004d29   Thumb Code    18  temp_thread.o(i.start_Temp_thread)
    svcDelay                                 0x08004d51   Thumb Code    18  rt_cmsis.o(i.svcDelay)
    svcKernelInitialize                      0x08004d65   Thumb Code    80  rt_cmsis.o(i.svcKernelInitialize)
    svcKernelStart                           0x08004dd5   Thumb Code    62  rt_cmsis.o(i.svcKernelStart)
    svcMessageCreate                         0x08004e1d   Thumb Code    36  rt_cmsis.o(i.svcMessageCreate)
    svcMessageGet                            0x08004e41   Thumb Code    58  rt_cmsis.o(i.svcMessageGet)
    svcMutexCreate                           0x08004e7b   Thumb Code    28  rt_cmsis.o(i.svcMutexCreate)
    svcMutexRelease                          0x08004e97   Thumb Code    34  rt_cmsis.o(i.svcMutexRelease)
    svcMutexWait                             0x08004eb9   Thumb Code    54  rt_cmsis.o(i.svcMutexWait)
    svcSignalSet                             0x08004eef   Thumb Code    36  rt_cmsis.o(i.svcSignalSet)
    svcSignalWait                            0x08004f15   Thumb Code    80  rt_cmsis.o(i.svcSignalWait)
    svcThreadCreate                          0x08004f69   Thumb Code   100  rt_cmsis.o(i.svcThreadCreate)
    svcThreadGetId                           0x08004fd9   Thumb Code    22  rt_cmsis.o(i.svcThreadGetId)
    svcThreadTerminate                       0x08004ff5   Thumb Code    50  rt_cmsis.o(i.svcThreadTerminate)
    svcTimerCall                             0x0800502d   Thumb Code    24  rt_cmsis.o(i.svcTimerCall)
    sysTimerTick                             0x08005045   Thumb Code    84  rt_cmsis.o(i.sysTimerTick)
    undisplay_Decimal                        0x080050a1   Thumb Code    16  7_segment_display.o(i.undisplay_Decimal)
    vol_To_Temp                              0x080050b5   Thumb Code    34  temperature.o(i.vol_To_Temp)
    write_Number                             0x080050e1   Thumb Code   992  7_segment_display.o(i.write_Number)
    os_mutex_def_acc_mut                     0x080054c4   Data           4  acc_thread.o(.constdata)
    os_thread_def_Acc_thread                 0x080054c8   Data          16  acc_thread.o(.constdata)
    os_mutex_def_temp_mut                    0x080054d8   Data           4  temp_thread.o(.constdata)
    os_thread_def_Temp_thread                0x080054dc   Data          16  temp_thread.o(.constdata)
    os_thread_def_Kp_thread                  0x080054ec   Data          16  kp_thread.o(.constdata)
    os_mutex_def_mode_mut                    0x080054fc   Data           4  kp_thread.o(.constdata)
    os_mutex_def_tilt_mut                    0x08005500   Data           4  kp_thread.o(.constdata)
    os_thread_def_Disp_thread                0x08005504   Data          16  disp_thread.o(.constdata)
    os_maxtaskrun                            0x08005514   Data           2  rtx_conf_cm.o(.constdata)
    os_stackinfo                             0x08005518   Data           4  rtx_conf_cm.o(.constdata)
    os_rrobin                                0x0800551c   Data           4  rtx_conf_cm.o(.constdata)
    os_tickfreq                              0x08005520   Data           4  rtx_conf_cm.o(.constdata)
    os_tickus_i                              0x08005524   Data           2  rtx_conf_cm.o(.constdata)
    os_tickus_f                              0x08005526   Data           2  rtx_conf_cm.o(.constdata)
    os_trv                                   0x08005528   Data           4  rtx_conf_cm.o(.constdata)
    os_flags                                 0x0800552c   Data           1  rtx_conf_cm.o(.constdata)
    CMSIS_RTOS_API_Version                   0x08005530   Data           4  rtx_conf_cm.o(.constdata)
    CMSIS_RTOS_RTX_Version                   0x08005534   Data           4  rtx_conf_cm.o(.constdata)
    os_clockrate                             0x08005538   Data           4  rtx_conf_cm.o(.constdata)
    os_timernum                              0x0800553c   Data           4  rtx_conf_cm.o(.constdata)
    mp_tcb_size                              0x08005540   Data           2  rtx_conf_cm.o(.constdata)
    mp_stk_size                              0x08005544   Data           4  rtx_conf_cm.o(.constdata)
    os_stack_sz                              0x08005548   Data           4  rtx_conf_cm.o(.constdata)
    os_fifo_size                             0x0800554c   Data           1  rtx_conf_cm.o(.constdata)
    os_thread_def_osTimerThread              0x08005550   Data          16  rtx_conf_cm.o(.constdata)
    os_messageQ_def_osTimerMessageQ          0x08005560   Data           8  rtx_conf_cm.o(.constdata)
    mp_tmr_size                              0x08005568   Data           2  rtx_conf_cm.o(.constdata)
    os_thread_def_main                       0x0800556c   Data          16  rtx_conf_cm.o(.constdata)
    APBAHBPrescTable                         0x0800557c   Data          16  stm32f4xx_hal_rcc.o(.constdata)
    Region$$Table$$Base                      0x08005628   Number         0  anon$$obj.o(Region$$Table)
    Region$$Table$$Limit                     0x08005648   Number         0  anon$$obj.o(Region$$Table)
    pitch                                    0x20000000   Data           4  acc_thread.o(.data)
    roll                                     0x20000004   Data           4  acc_thread.o(.data)
    x                                        0x20000008   Data           4  acc_thread.o(.data)
    y                                        0x2000000c   Data           4  acc_thread.o(.data)
    z                                        0x20000010   Data           4  acc_thread.o(.data)
    offsetx                                  0x20000014   Data           4  acc_thread.o(.data)
    offsety                                  0x20000018   Data           4  acc_thread.o(.data)
    offsetz                                  0x2000001c   Data           4  acc_thread.o(.data)
    acc_mut_id                               0x20000020   Data           4  acc_thread.o(.data)
    Acc_thread_ID                            0x20000024   Data           4  acc_thread.o(.data)
    LIS3DSHTimeout                           0x20000028   Data           4  lis3dsh.o(.data)
    temp                                     0x2000002c   Data           4  temp_thread.o(.data)
    temp_mut_id                              0x20000030   Data           4  temp_thread.o(.data)
    Temp_thread_ID                           0x20000034   Data           4  temp_thread.o(.data)
    select                                   0x20000078   Data           1  key_pad.o(.data)
    readrow                                  0x20000079   Data           1  key_pad.o(.data)
    readcol                                  0x2000007a   Data           1  key_pad.o(.data)
    rowIndex                                 0x2000007c   Data           4  key_pad.o(.data)
    colIndex                                 0x20000080   Data           4  key_pad.o(.data)
    key_found                                0x20000084   Data           4  key_pad.o(.data)
    key_number                               0x20000088   Data           4  key_pad.o(.data)
    key_val                                  0x200000cc   Data           4  kp_thread.o(.data)
    mode                                     0x200000d0   Data           1  kp_thread.o(.data)
    tilt                                     0x200000d1   Data           1  kp_thread.o(.data)
    Kp_thread_ID                             0x200000d4   Data           4  kp_thread.o(.data)
    mode_mut_id                              0x200000d8   Data           4  kp_thread.o(.data)
    tilt_mut_id                              0x200000dc   Data           4  kp_thread.o(.data)
    temperature                              0x200000e0   Data           4  disp_thread.o(.data)
    pth                                      0x200000e4   Data           4  disp_thread.o(.data)
    rol                                      0x200000e8   Data           4  disp_thread.o(.data)
    Disp_thread_ID                           0x200000ec   Data           4  disp_thread.o(.data)
    m                                        0x200000f0   Data           1  disp_thread.o(.data)
    alarm                                    0x200000f4   Data           4  disp_thread.o(.data)
    t                                        0x200000f8   Data           1  disp_thread.o(.data)
    osThreadId_osTimerThread                 0x200000fc   Data           4  rtx_conf_cm.o(.data)
    osMessageQId_osTimerMessageQ             0x20000100   Data           4  rtx_conf_cm.o(.data)
    os_tmr                                   0x20000104   Data           4  rtx_conf_cm.o(.data)
    m_tmr                                    0x20000108   Data           4  rtx_conf_cm.o(.data)
    uwTick                                   0x2000010c   Data           4  stm32f4xx_hal.o(.data)
    SystemCoreClock                          0x20000110   Data           4  system_stm32f4xx.o(.data)
    os_initialized                           0x20000114   Data           1  rt_cmsis.o(.data)
    os_running                               0x20000115   Data           1  rt_cmsis.o(.data)
    os_timer_head                            0x20000118   Data           4  rt_cmsis.o(.data)
    os_tsk                                   0x2000011c   Data           8  rt_task.o(.data)
    os_tick_irqn                             0x20000128   Data           4  rt_system.o(.data)
    os_time                                  0x2000012c   Data           4  rt_time.o(.data)
    dbg_msg                                  0x20000130   Data           1  hal_cm.o(.data)
    os_robin                                 0x20000134   Data           8  rt_robin.o(.data)
    __stdout                                 0x2000013c   Data           4  stdout.o(.data)
    xstate                                   0x20000144   Data          28  acc_thread.o(.bss)
    ystate                                   0x20000160   Data          28  acc_thread.o(.bss)
    zstate                                   0x2000017c   Data          28  acc_thread.o(.bss)
    axes_vals                                0x20000198   Data          12  acc_thread.o(.bss)
    os_mutex_cb_acc_mut                      0x200001a4   Data          16  acc_thread.o(.bss)
    SpiHandle                                0x200001b4   Data          88  lis3dsh.o(.bss)
    tstate                                   0x2000020c   Data          28  temp_thread.o(.bss)
    os_mutex_cb_temp_mut                     0x20000228   Data          16  temp_thread.o(.bss)
    TIM3_handle                              0x20000238   Data          60  temp_thread.o(.bss)
    temp_ADC_Handle                          0x20000274   Data          72  temperature.o(.bss)
    os_mutex_cb_mode_mut                     0x200002d0   Data          16  kp_thread.o(.bss)
    os_mutex_cb_tilt_mut                     0x200002e0   Data          16  kp_thread.o(.bss)
    TIM4_handle                              0x200002f0   Data          60  kp_thread.o(.bss)
    TIM5_handle                              0x2000032c   Data          60  disp_thread.o(.bss)
    mp_tcb                                   0x20000368   Data         376  rtx_conf_cm.o(.bss)
    mp_stk                                   0x200004e0   Data        4192  rtx_conf_cm.o(.bss)
    os_stack_mem                             0x20001540   Data         928  rtx_conf_cm.o(.bss)
    os_fifo                                  0x200018e0   Data         132  rtx_conf_cm.o(.bss)
    os_active_TCB                            0x20001964   Data          28  rtx_conf_cm.o(.bss)
    os_messageQ_q_osTimerMessageQ            0x20001980   Data          32  rtx_conf_cm.o(.bss)
    os_idle_TCB                              0x200019a0   Data          52  rt_task.o(.bss)
    os_rdy                                   0x200019d4   Data          24  rt_list.o(.bss)
    os_dly                                   0x200019ec   Data          24  rt_list.o(.bss)
    __initial_sp                             0x20001e08   Data           0  startup_stm32f407xx.o(STACK)



==============================================================================

Memory Map of the image

  Image Entry point : 0x08000345

  Load Region LR_1 (Base: 0x08000000, Size: 0x0000578c, Max: 0xffffffff, ABSOLUTE, COMPRESSED[0x00005678])

    Execution Region ER_RO (Base: 0x08000000, Size: 0x00005648, Max: 0xffffffff, ABSOLUTE)

    Base Addr    Size         Type   Attr      Idx    E Section Name        Object

    0x08000000   0x00000188   Data   RO         5245    RESET               startup_stm32f407xx.o
    0x08000188   0x00000000   Code   RO         6532  * .ARM.Collect$$$$00000000  mc_w.l(entry.o)
    0x08000188   0x00000004   Code   RO         6841    .ARM.Collect$$$$00000001  mc_w.l(entry2.o)
    0x0800018c   0x00000004   Code   RO         6844    .ARM.Collect$$$$00000004  mc_w.l(entry5.o)
    0x08000190   0x00000000   Code   RO         6846    .ARM.Collect$$$$00000008  mc_w.l(entry7b.o)
    0x08000190   0x00000000   Code   RO         6848    .ARM.Collect$$$$0000000A  mc_w.l(entry8b.o)
    0x08000190   0x00000000   Code   RO         6849    .ARM.Collect$$$$0000000D  mc_w.l(entry10a.o)
    0x08000190   0x00000000   Code   RO         6851    .ARM.Collect$$$$0000000F  mc_w.l(entry11a.o)
    0x08000190   0x00000018   Code   RO          884    .ARM.Collect$$$$000000FF  rtx_conf_cm.o
    0x080001a8   0x00000004   Code   RO         6842    .ARM.Collect$$$$00002712  mc_w.l(entry2.o)
    0x080001ac   0x00000198   Code   RO         6493    .emb_text           RTX_CM4.lib(hal_cm4.o)
    0x08000344   0x00000024   Code   RO         5246  * .text               startup_stm32f407xx.o
    0x08000368   0x00000024   Code   RO         6543    .text               mc_w.l(memcpya.o)
    0x0800038c   0x000000e4   Code   RO         6807    .text               mf_w.l(dmul.o)
    0x08000470   0x000000de   Code   RO         6809    .text               mf_w.l(ddiv.o)
    0x0800054e   0x00000026   Code   RO         6811    .text               mf_w.l(f2d.o)
    0x08000574   0x00000030   Code   RO         6813    .text               mf_w.l(cdrcmple.o)
    0x080005a4   0x00000038   Code   RO         6815    .text               mf_w.l(d2f.o)
    0x080005dc   0x0000001e   Code   RO         6855    .text               mc_w.l(llshl.o)
    0x080005fa   0x00000020   Code   RO         6857    .text               mc_w.l(llushr.o)
    0x0800061a   0x00000000   Code   RO         6866    .text               mc_w.l(iusefp.o)
    0x0800061a   0x0000006e   Code   RO         6867    .text               mf_w.l(fepilogue.o)
    0x08000688   0x000000ba   Code   RO         6869    .text               mf_w.l(depilogue.o)
    0x08000742   0x0000014e   Code   RO         6871    .text               mf_w.l(dadd.o)
    0x08000890   0x000000a2   Code   RO         6875    .text               mf_w.l(dsqrt.o)
    0x08000932   0x00000002   PAD
    0x08000934   0x00000024   Code   RO         6881    .text               mc_w.l(init.o)
    0x08000958   0x00000024   Code   RO         6883    .text               mc_w.l(llsshr.o)
    0x0800097c   0x00000056   Code   RO         6893    .text               mc_w.l(__dczerorl2.o)
    0x080009d2   0x00000002   PAD
    0x080009d4   0x00000004   Code   RO         6503    SVC_TABLE           RTX_CM4.lib(svc_table.o)
    0x080009d8   0x000000fc   Code   RO          326    i.Acc_thread        acc_thread.o
    0x08000ad4   0x0000008c   Code   RO          327    i.Acc_thread_periph_init  acc_thread.o
    0x08000b60   0x00000004   Code   RO          214    i.BusFault_Handler  stm32f4xx_it.o
    0x08000b64   0x00000002   Code   RO          215    i.DebugMon_Handler  stm32f4xx_it.o
    0x08000b66   0x00000002   PAD
    0x08000b68   0x0000020c   Code   RO          819    i.Disp_thread       disp_thread.o
    0x08000d74   0x00000068   Code   RO          820    i.Disp_thread_periph_init  disp_thread.o
    0x08000ddc   0x0000000a   Code   RO          216    i.EXTI0_IRQHandler  stm32f4xx_it.o
    0x08000de6   0x00000002   PAD
    0x08000de8   0x00000180   Code   RO            1    i.Error_Handler     supporting_functions.o
    0x08000f68   0x00000088   Code   RO         1316    i.HAL_ADCEx_MultiModeConfigChannel  stm32f4xx_hal_adc_ex.o
    0x08000ff0   0x00000194   Code   RO         1140    i.HAL_ADC_ConfigChannel  stm32f4xx_hal_adc.o
    0x08001184   0x00000008   Code   RO         1147    i.HAL_ADC_GetValue  stm32f4xx_hal_adc.o
    0x0800118c   0x000000ba   Code   RO         1153    i.HAL_ADC_PollForConversion  stm32f4xx_hal_adc.o
    0x08001246   0x00000002   PAD
    0x08001248   0x00000100   Code   RO         1155    i.HAL_ADC_Start     stm32f4xx_hal_adc.o
    0x08001348   0x00000048   Code   RO         1158    i.HAL_ADC_Stop      stm32f4xx_hal_adc.o
    0x08001390   0x00000018   Code   RO          328    i.HAL_GPIO_EXTI_Callback  acc_thread.o
    0x080013a8   0x0000001c   Code   RO         1910    i.HAL_GPIO_EXTI_IRQHandler  stm32f4xx_hal_gpio.o
    0x080013c4   0x0000020c   Code   RO         1911    i.HAL_GPIO_Init     stm32f4xx_hal_gpio.o
    0x080015d0   0x00000010   Code   RO         1913    i.HAL_GPIO_ReadPin  stm32f4xx_hal_gpio.o
    0x080015e0   0x0000000c   Code   RO         1915    i.HAL_GPIO_WritePin  stm32f4xx_hal_gpio.o
    0x080015ec   0x0000000c   Code   RO         1001    i.HAL_GetTick       stm32f4xx_hal.o
    0x080015f8   0x0000003c   Code   RO         1003    i.HAL_Init          stm32f4xx_hal.o
    0x08001634   0x00000028   Code   RO         1004    i.HAL_InitTick      stm32f4xx_hal.o
    0x0800165c   0x00000002   Code   RO         1006    i.HAL_MspInit       stm32f4xx_hal.o
    0x0800165e   0x00000020   Code   RO         1413    i.HAL_NVIC_EnableIRQ  stm32f4xx_hal_cortex.o
    0x0800167e   0x0000007c   Code   RO         1419    i.HAL_NVIC_SetPriority  stm32f4xx_hal_cortex.o
    0x080016fa   0x00000002   PAD
    0x080016fc   0x00000028   Code   RO         1420    i.HAL_NVIC_SetPriorityGrouping  stm32f4xx_hal_cortex.o
    0x08001724   0x000001d0   Code   RO         2852    i.HAL_RCC_ClockConfig  stm32f4xx_hal_rcc.o
    0x080018f4   0x0000000c   Code   RO         2857    i.HAL_RCC_GetHCLKFreq  stm32f4xx_hal_rcc.o
    0x08001900   0x000000b4   Code   RO         2861    i.HAL_RCC_GetSysClockFreq  stm32f4xx_hal_rcc.o
    0x080019b4   0x000003a4   Code   RO         2864    i.HAL_RCC_OscConfig  stm32f4xx_hal_rcc.o
    0x08001d58   0x00000036   Code   RO         3359    i.HAL_SPI_DeInit    stm32f4xx_hal_spi.o
    0x08001d8e   0x0000008c   Code   RO         3364    i.HAL_SPI_Init      stm32f4xx_hal_spi.o
    0x08001e1a   0x00000002   Code   RO         3365    i.HAL_SPI_MspDeInit  stm32f4xx_hal_spi.o
    0x08001e1c   0x000000ec   Code   RO          401    i.HAL_SPI_MspInit   lis3dsh.o
    0x08001f08   0x00000028   Code   RO         1422    i.HAL_SYSTICK_CLKSourceConfig  stm32f4xx_hal_cortex.o
    0x08001f30   0x00000034   Code   RO         1424    i.HAL_SYSTICK_Config  stm32f4xx_hal_cortex.o
    0x08001f64   0x00000002   Code   RO         4386    i.HAL_TIMEx_BreakCallback  stm32f4xx_hal_tim_ex.o
    0x08001f66   0x00000002   Code   RO         4387    i.HAL_TIMEx_CommutationCallback  stm32f4xx_hal_tim_ex.o
    0x08001f68   0x00000034   Code   RO         3747    i.HAL_TIM_Base_Init  stm32f4xx_hal_tim.o
    0x08001f9c   0x00000002   Code   RO         3749    i.HAL_TIM_Base_MspInit  stm32f4xx_hal_tim.o
    0x08001f9e   0x0000001e   Code   RO         3752    i.HAL_TIM_Base_Start_IT  stm32f4xx_hal_tim.o
    0x08001fbc   0x00000002   Code   RO         3776    i.HAL_TIM_IC_CaptureCallback  stm32f4xx_hal_tim.o
    0x08001fbe   0x00000196   Code   RO         3789    i.HAL_TIM_IRQHandler  stm32f4xx_hal_tim.o
    0x08002154   0x00000002   Code   RO         3792    i.HAL_TIM_OC_DelayElapsedCallback  stm32f4xx_hal_tim.o
    0x08002156   0x00000002   Code   RO         3819    i.HAL_TIM_PWM_PulseFinishedCallback  stm32f4xx_hal_tim.o
    0x08002158   0x00000058   Code   RO          863    i.HAL_TIM_PeriodElapsedCallback  timer.o
    0x080021b0   0x00000002   Code   RO         3830    i.HAL_TIM_TriggerCallback  stm32f4xx_hal_tim.o
    0x080021b2   0x00000004   Code   RO          217    i.HardFault_Handler  stm32f4xx_it.o
    0x080021b6   0x00000002   PAD
    0x080021b8   0x00000030   Code   RO          920    i.ITM_SendChar      retarget_io.o
    0x080021e8   0x000000aa   Code   RO          629    i.Kalmanfilter_C    kalman.o
    0x08002292   0x00000002   PAD
    0x08002294   0x000000b8   Code   RO          702    i.Kp_thread         kp_thread.o
    0x0800234c   0x00000090   Code   RO          703    i.Kp_thread_periph_init  kp_thread.o
    0x080023dc   0x0000002a   Code   RO          403    i.LIS3DSH_DataReadyInterruptConfig  lis3dsh.o
    0x08002406   0x00000002   PAD
    0x08002408   0x000000dc   Code   RO          405    i.LIS3DSH_Init      lis3dsh.o
    0x080024e4   0x0000004c   Code   RO          407    i.LIS3DSH_Read      lis3dsh.o
    0x08002530   0x00000244   Code   RO          408    i.LIS3DSH_ReadACC   lis3dsh.o
    0x08002774   0x00000074   Code   RO          409    i.LIS3DSH_SendByte  lis3dsh.o
    0x080027e8   0x00000004   Code   RO          410    i.LIS3DSH_TIMEOUT_UserCallback  lis3dsh.o
    0x080027ec   0x00000044   Code   RO          411    i.LIS3DSH_Write     lis3dsh.o
    0x08002830   0x00000004   Code   RO          218    i.MemManage_Handler  stm32f4xx_it.o
    0x08002834   0x00000002   Code   RO          219    i.NMI_Handler       stm32f4xx_it.o
    0x08002836   0x0000000a   Code   RO          412    i.SPI_ReceiveData   lis3dsh.o
    0x08002840   0x00000006   Code   RO          413    i.SPI_SendData      lis3dsh.o
    0x08002846   0x00000002   PAD
    0x08002848   0x000000c8   Code   RO          302    i.SystemClock_Config  sysclk_config.o
    0x08002910   0x00000064   Code   RO         5254    i.SystemInit        system_stm32f4xx.o
    0x08002974   0x00000010   Code   RO          220    i.TIM3_IRQHandler   stm32f4xx_it.o
    0x08002984   0x00000010   Code   RO          221    i.TIM4_IRQHandler   stm32f4xx_it.o
    0x08002994   0x00000010   Code   RO          222    i.TIM5_IRQHandler   stm32f4xx_it.o
    0x080029a4   0x000000e4   Code   RO         3831    i.TIM_Base_SetConfig  stm32f4xx_hal_tim.o
    0x08002a88   0x00000050   Code   RO          543    i.Temp_thread       temp_thread.o
    0x08002ad8   0x000000a8   Code   RO          544    i.Temp_thread_periph_init  temp_thread.o
    0x08002b80   0x00000004   Code   RO          223    i.UsageFault_Handler  stm32f4xx_it.o
    0x08002b84   0x00000010   Code   RO         6548    i.__0printf$bare    mc_w.l(printfb.o)
    0x08002b94   0x00000030   Code   RO         6837    i.__ARM_fpclassify  m_wm.l(fpclassify.o)
    0x08002bc4   0x00000010   Code   RO         1426    i.__NVIC_GetPriorityGrouping  stm32f4xx_hal_cortex.o
    0x08002bd4   0x00000028   Code   RO         1427    i.__NVIC_SetPriority  stm32f4xx_hal_cortex.o
    0x08002bfc   0x00000004   PAD
    0x08002c00   0x000002d8   Code   RO         6506    i.__hardfp_atan     m_wm.l(atan.o)
    0x08002ed8   0x0000007a   Code   RO         6520    i.__hardfp_sqrt     m_wm.l(sqrt.o)
    0x08002f52   0x000000f8   Code   RO         6839    i.__kernel_poly     m_wm.l(poly.o)
    0x0800304a   0x00000014   Code   RO         6818    i.__mathlib_dbl_infnan  m_wm.l(dunder.o)
    0x0800305e   0x00000002   PAD
    0x08003060   0x00000020   Code   RO         6823    i.__mathlib_dbl_underflow  m_wm.l(dunder.o)
    0x08003080   0x0000000e   Code   RO         6887    i.__scatterload_copy  mc_w.l(handlers.o)
    0x0800308e   0x00000002   Code   RO         6888    i.__scatterload_null  mc_w.l(handlers.o)
    0x08003090   0x0000000e   Code   RO         6889    i.__scatterload_zeroinit  mc_w.l(handlers.o)
    0x0800309e   0x00000002   PAD
    0x080030a0   0x0000000c   Code   RO         6861    i.__set_errno       mc_w.l(errno.o)
    0x080030ac   0x00000046   Code   RO         6366    i._init_box         RTX_CM4.lib(rt_membox.o)
    0x080030f2   0x00000022   Code   RO         6555    i._printf_core      mc_w.l(printfb.o)
    0x08003114   0x000000dc   Code   RO          329    i.acc_calibrate     acc_thread.o
    0x080031f0   0x000000a0   Code   RO          500    i.acc_init          accelerometer.o
    0x08003290   0x000000e4   Code   RO          590    i.adc_Temp_Init     temperature.o
    0x08003374   0x00000030   Code   RO         6419    i.dbg_init          RTX_CM4.lib(hal_cm.o)
    0x080033a4   0x00000020   Code   RO         6420    i.dbg_task_notify   RTX_CM4.lib(hal_cm.o)
    0x080033c4   0x00000010   Code   RO         6421    i.dbg_task_switch   RTX_CM4.lib(hal_cm.o)
    0x080033d4   0x00000038   Code   RO          746    i.disable_Digit     7_segment_display.o
    0x0800340c   0x00000014   Code   RO          747    i.display_Decimal   7_segment_display.o
    0x08003420   0x000000d0   Code   RO          749    i.display_Number    7_segment_display.o
    0x080034f0   0x00000118   Code   RO          750    i.enable_Digit      7_segment_display.o
    0x08003608   0x00000018   Code   RO         6833    i.fabs              m_wm.l(fabs.o)
    0x08003620   0x00000020   Code   RO          925    i.fputc             retarget_io.o
    0x08003640   0x00000098   Code   RO          591    i.get_Data_Sensor   temperature.o
    0x080036d8   0x00000058   Code   RO          751    i.init_Display_Pins  7_segment_display.o
    0x08003730   0x0000002a   Code   RO         5290    i.isrMessageGet     RTX_CM4.lib(rt_cmsis.o)
    0x0800375a   0x0000002c   Code   RO         5291    i.isrMessagePut     RTX_CM4.lib(rt_cmsis.o)
    0x08003786   0x00000024   Code   RO         5293    i.isrSignalSet      RTX_CM4.lib(rt_cmsis.o)
    0x080037aa   0x00000002   PAD
    0x080037ac   0x00000028   Code   RO         6090    i.isr_evt_set       RTX_CM4.lib(rt_event.o)
    0x080037d4   0x00000056   Code   RO         6212    i.isr_mbx_receive   RTX_CM4.lib(rt_mailbox.o)
    0x0800382a   0x0000000e   Code   RO         6213    i.isr_mbx_send      RTX_CM4.lib(rt_mailbox.o)
    0x08003838   0x0000002c   Code   RO          630    i.kalman_init       kalman.o
    0x08003864   0x000000a0   Code   RO          659    i.keypad_init       key_pad.o
    0x08003904   0x000000f4   Code   RO          660    i.keypad_read       key_pad.o
    0x080039f8   0x00000036   Code   RO           28    i.main              main.o
    0x08003a2e   0x00000002   PAD
    0x08003a30   0x00000018   Code   RO         5294    i.osDelay           RTX_CM4.lib(rt_cmsis.o)
    0x08003a48   0x00000024   Code   RO         5295    i.osKernelInitialize  RTX_CM4.lib(rt_cmsis.o)
    0x08003a6c   0x0000006c   Code   RO         5297    i.osKernelStart     RTX_CM4.lib(rt_cmsis.o)
    0x08003ad8   0x00000018   Code   RO         5306    i.osMessageGet      RTX_CM4.lib(rt_cmsis.o)
    0x08003af0   0x00000030   Code   RO         5308    i.osMutexCreate     RTX_CM4.lib(rt_cmsis.o)
    0x08003b20   0x00000018   Code   RO         5310    i.osMutexRelease    RTX_CM4.lib(rt_cmsis.o)
    0x08003b38   0x00000018   Code   RO         5311    i.osMutexWait       RTX_CM4.lib(rt_cmsis.o)
    0x08003b50   0x00000018   Code   RO         5321    i.osSignalSet       RTX_CM4.lib(rt_cmsis.o)
    0x08003b68   0x00000018   Code   RO         5322    i.osSignalWait      RTX_CM4.lib(rt_cmsis.o)
    0x08003b80   0x00000030   Code   RO         5323    i.osThreadCreate    RTX_CM4.lib(rt_cmsis.o)
    0x08003bb0   0x00000018   Code   RO         5324    i.osThreadExit      RTX_CM4.lib(rt_cmsis.o)
    0x08003bc8   0x0000000c   Code   RO         5330    i.osTimerCall       RTX_CM4.lib(rt_cmsis.o)
    0x08003bd4   0x0000002c   Code   RO         5335    i.osTimerThread     RTX_CM4.lib(rt_cmsis.o)
    0x08003c00   0x00000022   Code   RO          885    i.os_error          rtx_conf_cm.o
    0x08003c22   0x00000004   Code   RO          886    i.os_idle_demon     rtx_conf_cm.o
    0x08003c26   0x00000002   PAD
    0x08003c28   0x00000028   Code   RO         6000    i.os_tick_init      RTX_CM4.lib(rt_system.o)
    0x08003c50   0x00000002   Code   RO         6001    i.os_tick_irqack    RTX_CM4.lib(rt_system.o)
    0x08003c52   0x00000002   PAD
    0x08003c54   0x00000090   Code   RO          501    i.pitch_calc        accelerometer.o
    0x08003ce4   0x00000090   Code   RO          502    i.roll_calc         accelerometer.o
    0x08003d74   0x0000001a   Code   RO         6367    i.rt_alloc_box      RTX_CM4.lib(rt_membox.o)
    0x08003d8e   0x0000003e   Code   RO         6395    i.rt_alloc_mem      RTX_CM4.lib(rt_memory.o)
    0x08003dcc   0x00000038   Code   RO         5915    i.rt_block          RTX_CM4.lib(rt_task.o)
    0x08003e04   0x00000048   Code   RO         6472    i.rt_chk_robin      RTX_CM4.lib(rt_robin.o)
    0x08003e4c   0x00000070   Code   RO         6136    i.rt_dec_dly        RTX_CM4.lib(rt_list.o)
    0x08003ebc   0x00000044   Code   RO         5916    i.rt_dispatch       RTX_CM4.lib(rt_task.o)
    0x08003f00   0x00000006   Code   RO         6302    i.rt_dly_wait       RTX_CM4.lib(rt_time.o)
    0x08003f06   0x00000002   PAD
    0x08003f08   0x00000050   Code   RO         6093    i.rt_evt_psh        RTX_CM4.lib(rt_event.o)
    0x08003f58   0x0000005c   Code   RO         6094    i.rt_evt_set        RTX_CM4.lib(rt_event.o)
    0x08003fb4   0x0000003c   Code   RO         6095    i.rt_evt_wait       RTX_CM4.lib(rt_event.o)
    0x08003ff0   0x0000002c   Code   RO         6368    i.rt_free_box       RTX_CM4.lib(rt_membox.o)
    0x0800401c   0x00000028   Code   RO         6396    i.rt_free_mem       RTX_CM4.lib(rt_memory.o)
    0x08004044   0x00000028   Code   RO         6137    i.rt_get_first      RTX_CM4.lib(rt_list.o)
    0x0800406c   0x00000008   Code   RO         5340    i.rt_id2obj         RTX_CM4.lib(rt_cmsis.o)
    0x08004074   0x00000048   Code   RO         5917    i.rt_init_context   RTX_CM4.lib(rt_task.o)
    0x080040bc   0x0000001a   Code   RO         6397    i.rt_init_mem       RTX_CM4.lib(rt_memory.o)
    0x080040d6   0x00000002   PAD
    0x080040d8   0x00000018   Code   RO         6473    i.rt_init_robin     RTX_CM4.lib(rt_robin.o)
    0x080040f0   0x00000080   Code   RO         6422    i.rt_init_stack     RTX_CM4.lib(hal_cm.o)
    0x08004170   0x00000008   Code   RO         6214    i.rt_mbx_check      RTX_CM4.lib(rt_mailbox.o)
    0x08004178   0x0000001a   Code   RO         6215    i.rt_mbx_init       RTX_CM4.lib(rt_mailbox.o)
    0x08004192   0x00000002   PAD
    0x08004194   0x000000f0   Code   RO         6216    i.rt_mbx_psh        RTX_CM4.lib(rt_mailbox.o)
    0x08004284   0x000000b4   Code   RO         6218    i.rt_mbx_wait       RTX_CM4.lib(rt_mailbox.o)
    0x08004338   0x00000044   Code   RO         5341    i.rt_ms2tick        RTX_CM4.lib(rt_cmsis.o)
    0x0800437c   0x00000010   Code   RO         6336    i.rt_mut_init       RTX_CM4.lib(rt_mutex.o)
    0x0800438c   0x000000d8   Code   RO         6337    i.rt_mut_release    RTX_CM4.lib(rt_mutex.o)
    0x08004464   0x00000068   Code   RO         6338    i.rt_mut_wait       RTX_CM4.lib(rt_mutex.o)
    0x080044cc   0x0000007c   Code   RO         6004    i.rt_pop_req        RTX_CM4.lib(rt_system.o)
    0x08004548   0x00000020   Code   RO         6005    i.rt_psh_req        RTX_CM4.lib(rt_system.o)
    0x08004568   0x0000005c   Code   RO         6139    i.rt_psq_enq        RTX_CM4.lib(rt_list.o)
    0x080045c4   0x00000048   Code   RO         6140    i.rt_put_dly        RTX_CM4.lib(rt_list.o)
    0x0800460c   0x00000036   Code   RO         6141    i.rt_put_prio       RTX_CM4.lib(rt_list.o)
    0x08004642   0x00000002   PAD
    0x08004644   0x00000014   Code   RO         6142    i.rt_put_rdy_first  RTX_CM4.lib(rt_list.o)
    0x08004658   0x00000034   Code   RO         6143    i.rt_resort_prio    RTX_CM4.lib(rt_list.o)
    0x0800468c   0x00000010   Code   RO         6423    i.rt_ret_regs       RTX_CM4.lib(hal_cm.o)
    0x0800469c   0x0000000c   Code   RO         6424    i.rt_ret_val        RTX_CM4.lib(hal_cm.o)
    0x080046a8   0x00000010   Code   RO         6425    i.rt_ret_val2       RTX_CM4.lib(hal_cm.o)
    0x080046b8   0x00000028   Code   RO         6144    i.rt_rmv_dly        RTX_CM4.lib(rt_list.o)
    0x080046e0   0x00000030   Code   RO         6145    i.rt_rmv_list       RTX_CM4.lib(rt_list.o)
    0x08004710   0x00000034   Code   RO         6263    i.rt_sem_psh        RTX_CM4.lib(rt_semaphore.o)
    0x08004744   0x00000024   Code   RO         6007    i.rt_stk_check      RTX_CM4.lib(rt_system.o)
    0x08004768   0x00000028   Code   RO         5918    i.rt_switch_req     RTX_CM4.lib(rt_task.o)
    0x08004790   0x000000cc   Code   RO         5919    i.rt_sys_init       RTX_CM4.lib(rt_task.o)
    0x0800485c   0x00000078   Code   RO         5920    i.rt_sys_start      RTX_CM4.lib(rt_task.o)
    0x080048d4   0x00000040   Code   RO         6009    i.rt_systick        RTX_CM4.lib(rt_system.o)
    0x08004914   0x00000012   Code   RO         5342    i.rt_tid2ptcb       RTX_CM4.lib(rt_cmsis.o)
    0x08004926   0x00000002   PAD
    0x08004928   0x00000034   Code   RO         5343    i.rt_timer_insert   RTX_CM4.lib(rt_cmsis.o)
    0x0800495c   0x00000088   Code   RO         5921    i.rt_tsk_create     RTX_CM4.lib(rt_task.o)
    0x080049e4   0x0000017c   Code   RO         5922    i.rt_tsk_delete     RTX_CM4.lib(rt_task.o)
    0x08004b60   0x0000007c   Code   RO         5924    i.rt_tsk_prio       RTX_CM4.lib(rt_task.o)
    0x08004bdc   0x00000010   Code   RO         5925    i.rt_tsk_self       RTX_CM4.lib(rt_task.o)
    0x08004bec   0x000000e8   Code   RO          661    i.set_col_read      key_pad.o
    0x08004cd4   0x0000001c   Code   RO          330    i.start_Acc_thread  acc_thread.o
    0x08004cf0   0x0000001c   Code   RO          821    i.start_Disp_thread  disp_thread.o
    0x08004d0c   0x0000001c   Code   RO          704    i.start_Kp_thread   kp_thread.o
    0x08004d28   0x0000001c   Code   RO          545    i.start_Temp_thread  temp_thread.o
    0x08004d44   0x0000000c   Code   RO          926    i.stdout_putchar    retarget_io.o
    0x08004d50   0x00000012   Code   RO         5345    i.svcDelay          RTX_CM4.lib(rt_cmsis.o)
    0x08004d62   0x00000002   PAD
    0x08004d64   0x00000070   Code   RO         5346    i.svcKernelInitialize  RTX_CM4.lib(rt_cmsis.o)
    0x08004dd4   0x00000048   Code   RO         5348    i.svcKernelStart    RTX_CM4.lib(rt_cmsis.o)
    0x08004e1c   0x00000024   Code   RO         5351    i.svcMessageCreate  RTX_CM4.lib(rt_cmsis.o)
    0x08004e40   0x0000003a   Code   RO         5352    i.svcMessageGet     RTX_CM4.lib(rt_cmsis.o)
    0x08004e7a   0x0000001c   Code   RO         5354    i.svcMutexCreate    RTX_CM4.lib(rt_cmsis.o)
    0x08004e96   0x00000022   Code   RO         5356    i.svcMutexRelease   RTX_CM4.lib(rt_cmsis.o)
    0x08004eb8   0x00000036   Code   RO         5357    i.svcMutexWait      RTX_CM4.lib(rt_cmsis.o)
    0x08004eee   0x00000024   Code   RO         5364    i.svcSignalSet      RTX_CM4.lib(rt_cmsis.o)
    0x08004f12   0x00000002   PAD
    0x08004f14   0x00000054   Code   RO         5365    i.svcSignalWait     RTX_CM4.lib(rt_cmsis.o)
    0x08004f68   0x00000070   Code   RO         5366    i.svcThreadCreate   RTX_CM4.lib(rt_cmsis.o)
    0x08004fd8   0x0000001c   Code   RO         5367    i.svcThreadGetId    RTX_CM4.lib(rt_cmsis.o)
    0x08004ff4   0x00000038   Code   RO         5370    i.svcThreadTerminate  RTX_CM4.lib(rt_cmsis.o)
    0x0800502c   0x00000018   Code   RO         5372    i.svcTimerCall      RTX_CM4.lib(rt_cmsis.o)
    0x08005044   0x0000005c   Code   RO         5381    i.sysTimerTick      RTX_CM4.lib(rt_cmsis.o)
    0x080050a0   0x00000014   Code   RO          752    i.undisplay_Decimal  7_segment_display.o
    0x080050b4   0x0000002c   Code   RO          592    i.vol_To_Temp       temperature.o
    0x080050e0   0x000003e4   Code   RO          753    i.write_Number      7_segment_display.o
    0x080054c4   0x00000014   Data   RO          332    .constdata          acc_thread.o
    0x080054d8   0x00000014   Data   RO          547    .constdata          temp_thread.o
    0x080054ec   0x00000018   Data   RO          706    .constdata          kp_thread.o
    0x08005504   0x00000010   Data   RO          823    .constdata          disp_thread.o
    0x08005514   0x00000068   Data   RO          888    .constdata          rtx_conf_cm.o
    0x0800557c   0x00000010   Data   RO         2865    .constdata          stm32f4xx_hal_rcc.o
    0x0800558c   0x00000004   PAD
    0x08005590   0x00000098   Data   RO         6509    .constdata          m_wm.l(atan.o)
    0x08005628   0x00000020   Data   RO         6885    Region$$Table       anon$$obj.o


    Execution Region ER_RW (Base: 0x20000000, Size: 0x00000144, Max: 0xffffffff, ABSOLUTE, COMPRESSED[0x00000030])

    Base Addr    Size         Type   Attr      Idx    E Section Name        Object

    0x20000000   0x00000028   Data   RW          333    .data               acc_thread.o
    0x20000028   0x00000004   Data   RW          415    .data               lis3dsh.o
    0x2000002c   0x0000000c   Data   RW          548    .data               temp_thread.o
    0x20000038   0x00000054   Data   RW          663    .data               key_pad.o
    0x2000008c   0x00000054   Data   RW          707    .data               kp_thread.o
    0x200000e0   0x00000019   Data   RW          824    .data               disp_thread.o
    0x200000f9   0x00000003   PAD
    0x200000fc   0x00000010   Data   RW          889    .data               rtx_conf_cm.o
    0x2000010c   0x00000004   Data   RW         1009    .data               stm32f4xx_hal.o
    0x20000110   0x00000004   Data   RW         5256    .data               system_stm32f4xx.o
    0x20000114   0x00000008   Data   RW         5384    .data               RTX_CM4.lib(rt_cmsis.o)
    0x2000011c   0x00000008   Data   RW         5927    .data               RTX_CM4.lib(rt_task.o)
    0x20000124   0x00000008   Data   RW         6012    .data               RTX_CM4.lib(rt_system.o)
    0x2000012c   0x00000004   Data   RW         6306    .data               RTX_CM4.lib(rt_time.o)
    0x20000130   0x00000001   Data   RW         6426    .data               RTX_CM4.lib(hal_cm.o)
    0x20000131   0x00000003   PAD
    0x20000134   0x00000008   Data   RW         6474    .data               RTX_CM4.lib(rt_robin.o)
    0x2000013c   0x00000004   Data   RW         6539    .data               mc_w.l(stdout.o)
    0x20000140   0x00000004   Data   RW         6862    .data               mc_w.l(errno.o)


    Execution Region ER_ZI (Base: 0x20000144, Size: 0x00001cc4, Max: 0xffffffff, ABSOLUTE)

    Base Addr    Size         Type   Attr      Idx    E Section Name        Object

    0x20000144   0x00000070   Zero   RW          331    .bss                acc_thread.o
    0x200001b4   0x00000058   Zero   RW          414    .bss                lis3dsh.o
    0x2000020c   0x00000068   Zero   RW          546    .bss                temp_thread.o
    0x20000274   0x00000048   Zero   RW          593    .bss                temperature.o
    0x200002bc   0x00000014   Zero   RW          662    .bss                key_pad.o
    0x200002d0   0x0000005c   Zero   RW          705    .bss                kp_thread.o
    0x2000032c   0x0000003c   Zero   RW          822    .bss                disp_thread.o
    0x20000368   0x00001638   Zero   RW          887    .bss                rtx_conf_cm.o
    0x200019a0   0x00000034   Zero   RW         5926    .bss                RTX_CM4.lib(rt_task.o)
    0x200019d4   0x00000030   Zero   RW         6146    .bss                RTX_CM4.lib(rt_list.o)
    0x20001a04   0x00000004   PAD
    0x20001a08   0x00000400   Zero   RW         5243    STACK               startup_stm32f407xx.o


==============================================================================

Image component sizes


      Code (inc. data)   RO Data    RW Data    ZI Data      Debug   Object Name

      1668         46          0          0          0       5778   7_segment_display.o
       664        148         20         40        112      12463   acc_thread.o
       448         26          0          0          0       4004   accelerometer.o
       656         90         16         25         60       3037   disp_thread.o
       214          6          0          0          0       1835   kalman.o
       636         68          0         84         20       3827   key_pad.o
       356         74         24         84         92       3509   kp_thread.o
      1358        136          0          4         88       7428   lis3dsh.o
        54          0          0          0          0     338957   main.o
        92         12          0          0          0       1759   retarget_io.o
        62          6        104         16       5688       7848   rtx_conf_cm.o
        36          8        392          0       1024        884   startup_stm32f407xx.o
       114         16          0          4          0       3839   stm32f4xx_hal.o
       926         36          0          0          0       4418   stm32f4xx_hal_adc.o
       136          8          0          0          0       1255   stm32f4xx_hal_adc_ex.o
       344         22          0          0          0      32889   stm32f4xx_hal_cortex.o
       580         52          0          0          0       3906   stm32f4xx_hal_gpio.o
      1588         54         16          0          0       4721   stm32f4xx_hal_rcc.o
       196          0          0          0          0       2532   stm32f4xx_hal_spi.o
       726         44          0          0          0       6658   stm32f4xx_hal_tim.o
         4          0          0          0          0       1730   stm32f4xx_hal_tim_ex.o
        78         18          0          0          0       4970   stm32f4xx_it.o
       384        312          0          0          0       5120   supporting_functions.o
       200          8          0          0          0       1213   sysclk_config.o
       100         18          0          4          0       1313   system_stm32f4xx.o
       276         56         20         12        104       2882   temp_thread.o
       424         56          0          0         72       2810   temperature.o
        88         24          0          0          0       1100   timer.o

    ----------------------------------------------------------------------
     12432       1348        628        276       7260     472685   Object Totals
         0          0         32          0          0          0   (incl. Generated)
        24          4          4          3          0          0   (incl. Padding)

    ----------------------------------------------------------------------

      Code (inc. data)   RO Data    RW Data    ZI Data      Debug   Library Member Name

       268         24          0          1          0       4452   hal_cm.o
       408         34          0          0          0        816   hal_cm4.o
      1576        184          0          8          0      42506   rt_cmsis.o
       272         18          0          0          0       2810   rt_event.o
       530         34          0          0         48       8597   rt_list.o
       554         10          0          0          0       4189   rt_mailbox.o
       140          0          0          0          0       2045   rt_membox.o
       128          0          0          0          0       2419   rt_memory.o
       336         12          0          0          0       2201   rt_mutex.o
        96         22          0          8          0       1230   rt_robin.o
        52          4          0          0          0        613   rt_semaphore.o
       298         52          0          8          0       6439   rt_system.o
      1216        174          0          8         52      10025   rt_task.o
         6          0          0          4          0        684   rt_time.o
         4          4          0          0          0        200   svc_table.o
       728        106        152          0          0        228   atan.o
        52          8          0          0          0        248   dunder.o
        24          0          0          0          0        124   fabs.o
        48          0          0          0          0        124   fpclassify.o
       248          0          0          0          0        152   poly.o
       122          0          0          0          0        148   sqrt.o
        86          0          0          0          0          0   __dczerorl2.o
         0          0          0          0          0          0   entry.o
         0          0          0          0          0          0   entry10a.o
         0          0          0          0          0          0   entry11a.o
         8          4          0          0          0          0   entry2.o
         4          0          0          0          0          0   entry5.o
         0          0          0          0          0          0   entry7b.o
         0          0          0          0          0          0   entry8b.o
        12          6          0          4          0         68   errno.o
        30          0          0          0          0          0   handlers.o
        36          8          0          0          0         68   init.o
         0          0          0          0          0          0   iusefp.o
        30          0          0          0          0         68   llshl.o
        36          0          0          0          0         68   llsshr.o
        32          0          0          0          0         68   llushr.o
        36          0          0          0          0         68   memcpya.o
        50          8          0          0          0        152   printfb.o
         0          0          0          4          0          0   stdout.o
        48          0          0          0          0         68   cdrcmple.o
        56          0          0          0          0         88   d2f.o
       334          0          0          0          0        148   dadd.o
       222          0          0          0          0        100   ddiv.o
       186          0          0          0          0        176   depilogue.o
       228          0          0          0          0         96   dmul.o
       162          0          0          0          0        100   dsqrt.o
        38          0          0          0          0         68   f2d.o
       110          0          0          0          0        168   fepilogue.o

    ----------------------------------------------------------------------
      8876        712        152         48        104      91822   Library Totals
        26          0          0          3          4          0   (incl. Padding)

    ----------------------------------------------------------------------

      Code (inc. data)   RO Data    RW Data    ZI Data      Debug   Library Name

      5884        572          0         37        100      89226   RTX_CM4.lib
      1222        114        152          0          0       1024   m_wm.l
       360         26          0          8          0        560   mc_w.l
      1384          0          0          0          0       1012   mf_w.l

    ----------------------------------------------------------------------
      8876        712        152         48        104      91822   Library Totals

    ----------------------------------------------------------------------

==============================================================================


      Code (inc. data)   RO Data    RW Data    ZI Data      Debug   

     21308       2060        780        324       7364     545363   Grand Totals
     21308       2060        780         48       7364     545363   ELF Image Totals (compressed)
     21308       2060        780         48          0          0   ROM Totals

==============================================================================

    Total RO  Size (Code + RO Data)                22088 (  21.57kB)
    Total RW  Size (RW Data + ZI Data)              7688 (   7.51kB)
    Total ROM Size (Code + RO Data + RW Data)      22136 (  21.62kB)

==============================================================================

