<!doctype html public "-//w3c//dtd html 4.0 transitional//en">
<html><head>
<title>Static Call Graph - [.\Objects\Base_Project.axf]</title></head>
<body><HR>
<H1>Static Call Graph for image .\Objects\Base_Project.axf</H1><HR>
<BR><P>#&#060CALLGRAPH&#062# ARM Linker, 5050169: Last Updated: Mon Nov 07 15:17:30 2016
<BR><P>
<H3>Maximum Stack Usage =        240 bytes + Unknown(Cycles, Untraceable Function Pointers)</H3><H3>
Call chain for Maximum Stack Depth:</H3>
Acc_thread &rArr; roll_calc &rArr; __hardfp_atan &rArr; __kernel_poly &rArr; __aeabi_dmul &rArr; _double_epilogue &rArr; _double_round
<P>
<H3>
Mutually Recursive functions
</H3> <LI><a href="#[5c]">rt_alloc_box</a>&nbsp;&nbsp;&nbsp;&rArr;&nbsp;&nbsp;&nbsp;<a href="#[5c]">rt_alloc_box</a><BR>
 <LI><a href="#[1d]">ADC_IRQHandler</a>&nbsp;&nbsp;&nbsp;&rArr;&nbsp;&nbsp;&nbsp;<a href="#[1d]">ADC_IRQHandler</a><BR>
</UL>
<P>
<H3>
Function Pointers
</H3><UL>
 <LI><a href="#[1d]">ADC_IRQHandler</a> from startup_stm32f407xx.o(.text) referenced from startup_stm32f407xx.o(RESET)
 <LI><a href="#[70]">Acc_thread</a> from acc_thread.o(i.Acc_thread) referenced from acc_thread.o(.constdata)
 <LI><a href="#[5]">BusFault_Handler</a> from stm32f4xx_it.o(i.BusFault_Handler) referenced from startup_stm32f407xx.o(RESET)
 <LI><a href="#[1f]">CAN1_RX0_IRQHandler</a> from startup_stm32f407xx.o(.text) referenced from startup_stm32f407xx.o(RESET)
 <LI><a href="#[20]">CAN1_RX1_IRQHandler</a> from startup_stm32f407xx.o(.text) referenced from startup_stm32f407xx.o(RESET)
 <LI><a href="#[21]">CAN1_SCE_IRQHandler</a> from startup_stm32f407xx.o(.text) referenced from startup_stm32f407xx.o(RESET)
 <LI><a href="#[1e]">CAN1_TX_IRQHandler</a> from startup_stm32f407xx.o(.text) referenced from startup_stm32f407xx.o(RESET)
 <LI><a href="#[4b]">CAN2_RX0_IRQHandler</a> from startup_stm32f407xx.o(.text) referenced from startup_stm32f407xx.o(RESET)
 <LI><a href="#[4c]">CAN2_RX1_IRQHandler</a> from startup_stm32f407xx.o(.text) referenced from startup_stm32f407xx.o(RESET)
 <LI><a href="#[4d]">CAN2_SCE_IRQHandler</a> from startup_stm32f407xx.o(.text) referenced from startup_stm32f407xx.o(RESET)
 <LI><a href="#[4a]">CAN2_TX_IRQHandler</a> from startup_stm32f407xx.o(.text) referenced from startup_stm32f407xx.o(RESET)
 <LI><a href="#[59]">DCMI_IRQHandler</a> from startup_stm32f407xx.o(.text) referenced from startup_stm32f407xx.o(RESET)
 <LI><a href="#[16]">DMA1_Stream0_IRQHandler</a> from startup_stm32f407xx.o(.text) referenced from startup_stm32f407xx.o(RESET)
 <LI><a href="#[17]">DMA1_Stream1_IRQHandler</a> from startup_stm32f407xx.o(.text) referenced from startup_stm32f407xx.o(RESET)
 <LI><a href="#[18]">DMA1_Stream2_IRQHandler</a> from startup_stm32f407xx.o(.text) referenced from startup_stm32f407xx.o(RESET)
 <LI><a href="#[19]">DMA1_Stream3_IRQHandler</a> from startup_stm32f407xx.o(.text) referenced from startup_stm32f407xx.o(RESET)
 <LI><a href="#[1a]">DMA1_Stream4_IRQHandler</a> from startup_stm32f407xx.o(.text) referenced from startup_stm32f407xx.o(RESET)
 <LI><a href="#[1b]">DMA1_Stream5_IRQHandler</a> from startup_stm32f407xx.o(.text) referenced from startup_stm32f407xx.o(RESET)
 <LI><a href="#[1c]">DMA1_Stream6_IRQHandler</a> from startup_stm32f407xx.o(.text) referenced from startup_stm32f407xx.o(RESET)
 <LI><a href="#[3a]">DMA1_Stream7_IRQHandler</a> from startup_stm32f407xx.o(.text) referenced from startup_stm32f407xx.o(RESET)
 <LI><a href="#[43]">DMA2_Stream0_IRQHandler</a> from startup_stm32f407xx.o(.text) referenced from startup_stm32f407xx.o(RESET)
 <LI><a href="#[44]">DMA2_Stream1_IRQHandler</a> from startup_stm32f407xx.o(.text) referenced from startup_stm32f407xx.o(RESET)
 <LI><a href="#[45]">DMA2_Stream2_IRQHandler</a> from startup_stm32f407xx.o(.text) referenced from startup_stm32f407xx.o(RESET)
 <LI><a href="#[46]">DMA2_Stream3_IRQHandler</a> from startup_stm32f407xx.o(.text) referenced from startup_stm32f407xx.o(RESET)
 <LI><a href="#[47]">DMA2_Stream4_IRQHandler</a> from startup_stm32f407xx.o(.text) referenced from startup_stm32f407xx.o(RESET)
 <LI><a href="#[4f]">DMA2_Stream5_IRQHandler</a> from startup_stm32f407xx.o(.text) referenced from startup_stm32f407xx.o(RESET)
 <LI><a href="#[50]">DMA2_Stream6_IRQHandler</a> from startup_stm32f407xx.o(.text) referenced from startup_stm32f407xx.o(RESET)
 <LI><a href="#[51]">DMA2_Stream7_IRQHandler</a> from startup_stm32f407xx.o(.text) referenced from startup_stm32f407xx.o(RESET)
 <LI><a href="#[8]">DebugMon_Handler</a> from stm32f4xx_it.o(i.DebugMon_Handler) referenced from startup_stm32f407xx.o(RESET)
 <LI><a href="#[73]">Disp_thread</a> from disp_thread.o(i.Disp_thread) referenced from disp_thread.o(.constdata)
 <LI><a href="#[48]">ETH_IRQHandler</a> from startup_stm32f407xx.o(.text) referenced from startup_stm32f407xx.o(RESET)
 <LI><a href="#[49]">ETH_WKUP_IRQHandler</a> from startup_stm32f407xx.o(.text) referenced from startup_stm32f407xx.o(RESET)
 <LI><a href="#[11]">EXTI0_IRQHandler</a> from stm32f4xx_it.o(i.EXTI0_IRQHandler) referenced from startup_stm32f407xx.o(RESET)
 <LI><a href="#[33]">EXTI15_10_IRQHandler</a> from startup_stm32f407xx.o(.text) referenced from startup_stm32f407xx.o(RESET)
 <LI><a href="#[12]">EXTI1_IRQHandler</a> from startup_stm32f407xx.o(.text) referenced from startup_stm32f407xx.o(RESET)
 <LI><a href="#[13]">EXTI2_IRQHandler</a> from startup_stm32f407xx.o(.text) referenced from startup_stm32f407xx.o(RESET)
 <LI><a href="#[14]">EXTI3_IRQHandler</a> from startup_stm32f407xx.o(.text) referenced from startup_stm32f407xx.o(RESET)
 <LI><a href="#[15]">EXTI4_IRQHandler</a> from startup_stm32f407xx.o(.text) referenced from startup_stm32f407xx.o(RESET)
 <LI><a href="#[22]">EXTI9_5_IRQHandler</a> from startup_stm32f407xx.o(.text) referenced from startup_stm32f407xx.o(RESET)
 <LI><a href="#[f]">FLASH_IRQHandler</a> from startup_stm32f407xx.o(.text) referenced from startup_stm32f407xx.o(RESET)
 <LI><a href="#[3b]">FMC_IRQHandler</a> from startup_stm32f407xx.o(.text) referenced from startup_stm32f407xx.o(RESET)
 <LI><a href="#[5b]">FPU_IRQHandler</a> from startup_stm32f407xx.o(.text) referenced from startup_stm32f407xx.o(RESET)
 <LI><a href="#[5a]">HASH_RNG_IRQHandler</a> from startup_stm32f407xx.o(.text) referenced from startup_stm32f407xx.o(RESET)
 <LI><a href="#[3]">HardFault_Handler</a> from stm32f4xx_it.o(i.HardFault_Handler) referenced from startup_stm32f407xx.o(RESET)
 <LI><a href="#[2b]">I2C1_ER_IRQHandler</a> from startup_stm32f407xx.o(.text) referenced from startup_stm32f407xx.o(RESET)
 <LI><a href="#[2a]">I2C1_EV_IRQHandler</a> from startup_stm32f407xx.o(.text) referenced from startup_stm32f407xx.o(RESET)
 <LI><a href="#[2d]">I2C2_ER_IRQHandler</a> from startup_stm32f407xx.o(.text) referenced from startup_stm32f407xx.o(RESET)
 <LI><a href="#[2c]">I2C2_EV_IRQHandler</a> from startup_stm32f407xx.o(.text) referenced from startup_stm32f407xx.o(RESET)
 <LI><a href="#[54]">I2C3_ER_IRQHandler</a> from startup_stm32f407xx.o(.text) referenced from startup_stm32f407xx.o(RESET)
 <LI><a href="#[53]">I2C3_EV_IRQHandler</a> from startup_stm32f407xx.o(.text) referenced from startup_stm32f407xx.o(RESET)
 <LI><a href="#[72]">Kp_thread</a> from kp_thread.o(i.Kp_thread) referenced from kp_thread.o(.constdata)
 <LI><a href="#[4]">MemManage_Handler</a> from stm32f4xx_it.o(i.MemManage_Handler) referenced from startup_stm32f407xx.o(RESET)
 <LI><a href="#[2]">NMI_Handler</a> from stm32f4xx_it.o(i.NMI_Handler) referenced from startup_stm32f407xx.o(RESET)
 <LI><a href="#[4e]">OTG_FS_IRQHandler</a> from startup_stm32f407xx.o(.text) referenced from startup_stm32f407xx.o(RESET)
 <LI><a href="#[35]">OTG_FS_WKUP_IRQHandler</a> from startup_stm32f407xx.o(.text) referenced from startup_stm32f407xx.o(RESET)
 <LI><a href="#[56]">OTG_HS_EP1_IN_IRQHandler</a> from startup_stm32f407xx.o(.text) referenced from startup_stm32f407xx.o(RESET)
 <LI><a href="#[55]">OTG_HS_EP1_OUT_IRQHandler</a> from startup_stm32f407xx.o(.text) referenced from startup_stm32f407xx.o(RESET)
 <LI><a href="#[58]">OTG_HS_IRQHandler</a> from startup_stm32f407xx.o(.text) referenced from startup_stm32f407xx.o(RESET)
 <LI><a href="#[57]">OTG_HS_WKUP_IRQHandler</a> from startup_stm32f407xx.o(.text) referenced from startup_stm32f407xx.o(RESET)
 <LI><a href="#[c]">PVD_IRQHandler</a> from startup_stm32f407xx.o(.text) referenced from startup_stm32f407xx.o(RESET)
 <LI><a href="#[9]">PendSV_Handler</a> from hal_cm4.o(.emb_text) referenced from startup_stm32f407xx.o(RESET)
 <LI><a href="#[10]">RCC_IRQHandler</a> from startup_stm32f407xx.o(.text) referenced from startup_stm32f407xx.o(RESET)
 <LI><a href="#[34]">RTC_Alarm_IRQHandler</a> from startup_stm32f407xx.o(.text) referenced from startup_stm32f407xx.o(RESET)
 <LI><a href="#[e]">RTC_WKUP_IRQHandler</a> from startup_stm32f407xx.o(.text) referenced from startup_stm32f407xx.o(RESET)
 <LI><a href="#[76]">Reset_Handler</a> from startup_stm32f407xx.o(.text) referenced from startup_stm32f407xx.o(RESET)
 <LI><a href="#[3c]">SDIO_IRQHandler</a> from startup_stm32f407xx.o(.text) referenced from startup_stm32f407xx.o(RESET)
 <LI><a href="#[2e]">SPI1_IRQHandler</a> from startup_stm32f407xx.o(.text) referenced from startup_stm32f407xx.o(RESET)
 <LI><a href="#[2f]">SPI2_IRQHandler</a> from startup_stm32f407xx.o(.text) referenced from startup_stm32f407xx.o(RESET)
 <LI><a href="#[3e]">SPI3_IRQHandler</a> from startup_stm32f407xx.o(.text) referenced from startup_stm32f407xx.o(RESET)
 <LI><a href="#[7]">SVC_Handler</a> from hal_cm4.o(.emb_text) referenced from startup_stm32f407xx.o(RESET)
 <LI><a href="#[a]">SysTick_Handler</a> from hal_cm4.o(.emb_text) referenced from startup_stm32f407xx.o(RESET)
 <LI><a href="#[5e]">SystemInit</a> from system_stm32f4xx.o(i.SystemInit) referenced from startup_stm32f407xx.o(.text)
 <LI><a href="#[d]">TAMP_STAMP_IRQHandler</a> from startup_stm32f407xx.o(.text) referenced from startup_stm32f407xx.o(RESET)
 <LI><a href="#[23]">TIM1_BRK_TIM9_IRQHandler</a> from startup_stm32f407xx.o(.text) referenced from startup_stm32f407xx.o(RESET)
 <LI><a href="#[26]">TIM1_CC_IRQHandler</a> from startup_stm32f407xx.o(.text) referenced from startup_stm32f407xx.o(RESET)
 <LI><a href="#[25]">TIM1_TRG_COM_TIM11_IRQHandler</a> from startup_stm32f407xx.o(.text) referenced from startup_stm32f407xx.o(RESET)
 <LI><a href="#[24]">TIM1_UP_TIM10_IRQHandler</a> from startup_stm32f407xx.o(.text) referenced from startup_stm32f407xx.o(RESET)
 <LI><a href="#[27]">TIM2_IRQHandler</a> from startup_stm32f407xx.o(.text) referenced from startup_stm32f407xx.o(RESET)
 <LI><a href="#[28]">TIM3_IRQHandler</a> from stm32f4xx_it.o(i.TIM3_IRQHandler) referenced from startup_stm32f407xx.o(RESET)
 <LI><a href="#[29]">TIM4_IRQHandler</a> from stm32f4xx_it.o(i.TIM4_IRQHandler) referenced from startup_stm32f407xx.o(RESET)
 <LI><a href="#[3d]">TIM5_IRQHandler</a> from stm32f4xx_it.o(i.TIM5_IRQHandler) referenced from startup_stm32f407xx.o(RESET)
 <LI><a href="#[41]">TIM6_DAC_IRQHandler</a> from startup_stm32f407xx.o(.text) referenced from startup_stm32f407xx.o(RESET)
 <LI><a href="#[42]">TIM7_IRQHandler</a> from startup_stm32f407xx.o(.text) referenced from startup_stm32f407xx.o(RESET)
 <LI><a href="#[36]">TIM8_BRK_TIM12_IRQHandler</a> from startup_stm32f407xx.o(.text) referenced from startup_stm32f407xx.o(RESET)
 <LI><a href="#[39]">TIM8_CC_IRQHandler</a> from startup_stm32f407xx.o(.text) referenced from startup_stm32f407xx.o(RESET)
 <LI><a href="#[38]">TIM8_TRG_COM_TIM14_IRQHandler</a> from startup_stm32f407xx.o(.text) referenced from startup_stm32f407xx.o(RESET)
 <LI><a href="#[37]">TIM8_UP_TIM13_IRQHandler</a> from startup_stm32f407xx.o(.text) referenced from startup_stm32f407xx.o(RESET)
 <LI><a href="#[71]">Temp_thread</a> from temp_thread.o(i.Temp_thread) referenced from temp_thread.o(.constdata)
 <LI><a href="#[3f]">UART4_IRQHandler</a> from startup_stm32f407xx.o(.text) referenced from startup_stm32f407xx.o(RESET)
 <LI><a href="#[40]">UART5_IRQHandler</a> from startup_stm32f407xx.o(.text) referenced from startup_stm32f407xx.o(RESET)
 <LI><a href="#[30]">USART1_IRQHandler</a> from startup_stm32f407xx.o(.text) referenced from startup_stm32f407xx.o(RESET)
 <LI><a href="#[31]">USART2_IRQHandler</a> from startup_stm32f407xx.o(.text) referenced from startup_stm32f407xx.o(RESET)
 <LI><a href="#[32]">USART3_IRQHandler</a> from startup_stm32f407xx.o(.text) referenced from startup_stm32f407xx.o(RESET)
 <LI><a href="#[52]">USART6_IRQHandler</a> from startup_stm32f407xx.o(.text) referenced from startup_stm32f407xx.o(RESET)
 <LI><a href="#[6]">UsageFault_Handler</a> from stm32f4xx_it.o(i.UsageFault_Handler) referenced from startup_stm32f407xx.o(RESET)
 <LI><a href="#[b]">WWDG_IRQHandler</a> from startup_stm32f407xx.o(.text) referenced from startup_stm32f407xx.o(RESET)
 <LI><a href="#[5f]">__main</a> from entry.o(.ARM.Collect$$$$00000000) referenced from startup_stm32f407xx.o(.text)
 <LI><a href="#[60]">fputc</a> from retarget_io.o(i.fputc) referenced from printfb.o(i.__0printf$bare)
 <LI><a href="#[75]">main</a> from main.o(i.main) referenced from rtx_conf_cm.o(.constdata)
 <LI><a href="#[6f]">osThreadExit</a> from rt_cmsis.o(i.osThreadExit) referenced from rt_cmsis.o(i.svcThreadCreate)
 <LI><a href="#[74]">osTimerThread</a> from rt_cmsis.o(i.osTimerThread) referenced from rtx_conf_cm.o(.constdata)
 <LI><a href="#[6e]">os_idle_demon</a> from rtx_conf_cm.o(i.os_idle_demon) referenced from rt_task.o(i.rt_sys_init)
 <LI><a href="#[5c]">rt_alloc_box</a> from rt_membox.o(i.rt_alloc_box) referenced from hal_cm4.o(.emb_text)
 <LI><a href="#[5d]">rt_free_box</a> from rt_membox.o(i.rt_free_box) referenced from hal_cm4.o(.emb_text)
 <LI><a href="#[61]">svcDelay</a> from rt_cmsis.o(i.svcDelay) referenced from rt_cmsis.o(i.osDelay)
 <LI><a href="#[62]">svcKernelInitialize</a> from rt_cmsis.o(i.svcKernelInitialize) referenced from rt_cmsis.o(i.osKernelInitialize)
 <LI><a href="#[63]">svcKernelStart</a> from rt_cmsis.o(i.svcKernelStart) referenced from rt_cmsis.o(i.osKernelStart)
 <LI><a href="#[64]">svcMessageGet</a> from rt_cmsis.o(i.svcMessageGet) referenced from rt_cmsis.o(i.osMessageGet)
 <LI><a href="#[65]">svcMutexCreate</a> from rt_cmsis.o(i.svcMutexCreate) referenced from rt_cmsis.o(i.osMutexCreate)
 <LI><a href="#[66]">svcMutexRelease</a> from rt_cmsis.o(i.svcMutexRelease) referenced from rt_cmsis.o(i.osMutexRelease)
 <LI><a href="#[67]">svcMutexWait</a> from rt_cmsis.o(i.svcMutexWait) referenced from rt_cmsis.o(i.osMutexWait)
 <LI><a href="#[68]">svcSignalSet</a> from rt_cmsis.o(i.svcSignalSet) referenced from rt_cmsis.o(i.osSignalSet)
 <LI><a href="#[69]">svcSignalWait</a> from rt_cmsis.o(i.svcSignalWait) referenced from rt_cmsis.o(i.osSignalWait)
 <LI><a href="#[6a]">svcThreadCreate</a> from rt_cmsis.o(i.svcThreadCreate) referenced from rt_cmsis.o(i.osThreadCreate)
 <LI><a href="#[6b]">svcThreadGetId</a> from rt_cmsis.o(i.svcThreadGetId) referenced from rt_cmsis.o(i.osThreadExit)
 <LI><a href="#[6c]">svcThreadTerminate</a> from rt_cmsis.o(i.svcThreadTerminate) referenced from rt_cmsis.o(i.osThreadExit)
 <LI><a href="#[6d]">svcTimerCall</a> from rt_cmsis.o(i.svcTimerCall) referenced from rt_cmsis.o(i.osTimerCall)
</UL>
<P>
<H3>
Global Symbols
</H3>
<P><STRONG><a name="[5f]"></a>__main</STRONG> (Thumb, 0 bytes, Stack size unknown bytes, entry.o(.ARM.Collect$$$$00000000))
<BR>[Address Reference Count : 1]<UL><LI> startup_stm32f407xx.o(.text)
</UL>
<P><STRONG><a name="[134]"></a>_main_stk</STRONG> (Thumb, 0 bytes, Stack size unknown bytes, entry2.o(.ARM.Collect$$$$00000001))

<P><STRONG><a name="[77]"></a>_main_scatterload</STRONG> (Thumb, 0 bytes, Stack size unknown bytes, entry5.o(.ARM.Collect$$$$00000004))
<BR><BR>[Calls]<UL><LI><a href="#[78]">&gt;&gt;</a>&nbsp;&nbsp;&nbsp;__scatterload
</UL>

<P><STRONG><a name="[8f]"></a>__main_after_scatterload</STRONG> (Thumb, 0 bytes, Stack size 0 bytes, entry5.o(.ARM.Collect$$$$00000004))
<BR><BR>[Called By]<UL><LI><a href="#[78]">&gt;&gt;</a>&nbsp;&nbsp;&nbsp;__scatterload
</UL>

<P><STRONG><a name="[135]"></a>__rt_final_cpp</STRONG> (Thumb, 0 bytes, Stack size 0 bytes, entry10a.o(.ARM.Collect$$$$0000000D))

<P><STRONG><a name="[136]"></a>__rt_final_exit</STRONG> (Thumb, 0 bytes, Stack size 0 bytes, entry11a.o(.ARM.Collect$$$$0000000F))

<P><STRONG><a name="[137]"></a>_main_clock</STRONG> (Thumb, 0 bytes, Stack size 0 bytes, entry7b.o(.ARM.Collect$$$$00000008))

<P><STRONG><a name="[138]"></a>_main_cpp_init</STRONG> (Thumb, 0 bytes, Stack size 0 bytes, entry8b.o(.ARM.Collect$$$$0000000A))

<P><STRONG><a name="[79]"></a>_main_init</STRONG> (Thumb, 18 bytes, Stack size 0 bytes, rtx_conf_cm.o(.ARM.Collect$$$$000000FF))
<BR><BR>[Stack]<UL><LI>Max Depth = 80<LI>Call Chain = _main_init &rArr; osKernelInitialize &rArr; svcKernelInitialize &rArr; svcThreadCreate &rArr; rt_tsk_create &rArr; rt_init_context &rArr; rt_init_stack
</UL>
<BR>[Calls]<UL><LI><a href="#[7b]">&gt;&gt;</a>&nbsp;&nbsp;&nbsp;osThreadCreate
<LI><a href="#[7c]">&gt;&gt;</a>&nbsp;&nbsp;&nbsp;osKernelStart
<LI><a href="#[7a]">&gt;&gt;</a>&nbsp;&nbsp;&nbsp;osKernelInitialize
</UL>

<P><STRONG><a name="[139]"></a>rt_set_PSP</STRONG> (Thumb, 6 bytes, Stack size 0 bytes, hal_cm4.o(.emb_text), UNUSED)

<P><STRONG><a name="[126]"></a>rt_get_PSP</STRONG> (Thumb, 6 bytes, Stack size 0 bytes, hal_cm4.o(.emb_text))
<BR><BR>[Called By]<UL><LI><a href="#[125]">&gt;&gt;</a>&nbsp;&nbsp;&nbsp;rt_tsk_delete
</UL>

<P><STRONG><a name="[13a]"></a>os_set_env</STRONG> (Thumb, 24 bytes, Stack size 0 bytes, hal_cm4.o(.emb_text), UNUSED)

<P><STRONG><a name="[13b]"></a>_alloc_box</STRONG> (Thumb, 28 bytes, Stack size 0 bytes, hal_cm4.o(.emb_text), UNUSED)

<P><STRONG><a name="[13c]"></a>_free_box</STRONG> (Thumb, 28 bytes, Stack size 0 bytes, hal_cm4.o(.emb_text), UNUSED)

<P><STRONG><a name="[7]"></a>SVC_Handler</STRONG> (Thumb, 168 bytes, Stack size 0 bytes, hal_cm4.o(.emb_text))
<BR><BR>[Calls]<UL><LI><a href="#[7d]">&gt;&gt;</a>&nbsp;&nbsp;&nbsp;rt_stk_check
</UL>
<BR>[Address Reference Count : 1]<UL><LI> startup_stm32f407xx.o(RESET)
</UL>
<P><STRONG><a name="[9]"></a>PendSV_Handler</STRONG> (Thumb, 96 bytes, Stack size 0 bytes, hal_cm4.o(.emb_text))
<BR><BR>[Stack]<UL><LI>Max Depth = 56<LI>Call Chain = PendSV_Handler &rArr; rt_pop_req &rArr; rt_mbx_psh &rArr; rt_ret_val2
</UL>
<BR>[Calls]<UL><LI><a href="#[7e]">&gt;&gt;</a>&nbsp;&nbsp;&nbsp;rt_pop_req
<LI><a href="#[7d]">&gt;&gt;</a>&nbsp;&nbsp;&nbsp;rt_stk_check
</UL>
<BR>[Address Reference Count : 1]<UL><LI> startup_stm32f407xx.o(RESET)
</UL>
<P><STRONG><a name="[a]"></a>SysTick_Handler</STRONG> (Thumb, 8 bytes, Stack size 0 bytes, hal_cm4.o(.emb_text))
<BR><BR>[Stack]<UL><LI>Max Depth = 72<LI>Call Chain = SysTick_Handler &rArr; rt_systick &rArr; sysTimerTick &rArr; isrMessagePut &rArr; isr_mbx_send &rArr; rt_psq_enq
</UL>
<BR>[Calls]<UL><LI><a href="#[7f]">&gt;&gt;</a>&nbsp;&nbsp;&nbsp;rt_systick
</UL>
<BR>[Address Reference Count : 1]<UL><LI> startup_stm32f407xx.o(RESET)
</UL>
<P><STRONG><a name="[80]"></a>OS_Tick_Handler</STRONG> (Thumb, 12 bytes, Stack size 0 bytes, hal_cm4.o(.emb_text), UNUSED)
<BR><BR>[Calls]<UL><LI><a href="#[81]">&gt;&gt;</a>&nbsp;&nbsp;&nbsp;os_tick_irqack
<LI><a href="#[7f]">&gt;&gt;</a>&nbsp;&nbsp;&nbsp;rt_systick
</UL>

<P><STRONG><a name="[76]"></a>Reset_Handler</STRONG> (Thumb, 8 bytes, Stack size 0 bytes, startup_stm32f407xx.o(.text))

<P><STRONG><a name="[1d]"></a>ADC_IRQHandler</STRONG> (Thumb, 0 bytes, Stack size 0 bytes, startup_stm32f407xx.o(.text))
<BR><BR>[Calls]<UL><LI><a href="#[1d]">&gt;&gt;</a>&nbsp;&nbsp;&nbsp;ADC_IRQHandler
</UL>
<BR>[Called By]<UL><LI><a href="#[1d]">&gt;&gt;</a>&nbsp;&nbsp;&nbsp;ADC_IRQHandler
</UL>
<BR>[Address Reference Count : 1]<UL><LI> startup_stm32f407xx.o(RESET)
</UL>
<P><STRONG><a name="[1f]"></a>CAN1_RX0_IRQHandler</STRONG> (Thumb, 0 bytes, Stack size 0 bytes, startup_stm32f407xx.o(.text))
<BR>[Address Reference Count : 1]<UL><LI> startup_stm32f407xx.o(RESET)
</UL>
<P><STRONG><a name="[20]"></a>CAN1_RX1_IRQHandler</STRONG> (Thumb, 0 bytes, Stack size 0 bytes, startup_stm32f407xx.o(.text))
<BR>[Address Reference Count : 1]<UL><LI> startup_stm32f407xx.o(RESET)
</UL>
<P><STRONG><a name="[21]"></a>CAN1_SCE_IRQHandler</STRONG> (Thumb, 0 bytes, Stack size 0 bytes, startup_stm32f407xx.o(.text))
<BR>[Address Reference Count : 1]<UL><LI> startup_stm32f407xx.o(RESET)
</UL>
<P><STRONG><a name="[1e]"></a>CAN1_TX_IRQHandler</STRONG> (Thumb, 0 bytes, Stack size 0 bytes, startup_stm32f407xx.o(.text))
<BR>[Address Reference Count : 1]<UL><LI> startup_stm32f407xx.o(RESET)
</UL>
<P><STRONG><a name="[4b]"></a>CAN2_RX0_IRQHandler</STRONG> (Thumb, 0 bytes, Stack size 0 bytes, startup_stm32f407xx.o(.text))
<BR>[Address Reference Count : 1]<UL><LI> startup_stm32f407xx.o(RESET)
</UL>
<P><STRONG><a name="[4c]"></a>CAN2_RX1_IRQHandler</STRONG> (Thumb, 0 bytes, Stack size 0 bytes, startup_stm32f407xx.o(.text))
<BR>[Address Reference Count : 1]<UL><LI> startup_stm32f407xx.o(RESET)
</UL>
<P><STRONG><a name="[4d]"></a>CAN2_SCE_IRQHandler</STRONG> (Thumb, 0 bytes, Stack size 0 bytes, startup_stm32f407xx.o(.text))
<BR>[Address Reference Count : 1]<UL><LI> startup_stm32f407xx.o(RESET)
</UL>
<P><STRONG><a name="[4a]"></a>CAN2_TX_IRQHandler</STRONG> (Thumb, 0 bytes, Stack size 0 bytes, startup_stm32f407xx.o(.text))
<BR>[Address Reference Count : 1]<UL><LI> startup_stm32f407xx.o(RESET)
</UL>
<P><STRONG><a name="[59]"></a>DCMI_IRQHandler</STRONG> (Thumb, 0 bytes, Stack size 0 bytes, startup_stm32f407xx.o(.text))
<BR>[Address Reference Count : 1]<UL><LI> startup_stm32f407xx.o(RESET)
</UL>
<P><STRONG><a name="[16]"></a>DMA1_Stream0_IRQHandler</STRONG> (Thumb, 0 bytes, Stack size 0 bytes, startup_stm32f407xx.o(.text))
<BR>[Address Reference Count : 1]<UL><LI> startup_stm32f407xx.o(RESET)
</UL>
<P><STRONG><a name="[17]"></a>DMA1_Stream1_IRQHandler</STRONG> (Thumb, 0 bytes, Stack size 0 bytes, startup_stm32f407xx.o(.text))
<BR>[Address Reference Count : 1]<UL><LI> startup_stm32f407xx.o(RESET)
</UL>
<P><STRONG><a name="[18]"></a>DMA1_Stream2_IRQHandler</STRONG> (Thumb, 0 bytes, Stack size 0 bytes, startup_stm32f407xx.o(.text))
<BR>[Address Reference Count : 1]<UL><LI> startup_stm32f407xx.o(RESET)
</UL>
<P><STRONG><a name="[19]"></a>DMA1_Stream3_IRQHandler</STRONG> (Thumb, 0 bytes, Stack size 0 bytes, startup_stm32f407xx.o(.text))
<BR>[Address Reference Count : 1]<UL><LI> startup_stm32f407xx.o(RESET)
</UL>
<P><STRONG><a name="[1a]"></a>DMA1_Stream4_IRQHandler</STRONG> (Thumb, 0 bytes, Stack size 0 bytes, startup_stm32f407xx.o(.text))
<BR>[Address Reference Count : 1]<UL><LI> startup_stm32f407xx.o(RESET)
</UL>
<P><STRONG><a name="[1b]"></a>DMA1_Stream5_IRQHandler</STRONG> (Thumb, 0 bytes, Stack size 0 bytes, startup_stm32f407xx.o(.text))
<BR>[Address Reference Count : 1]<UL><LI> startup_stm32f407xx.o(RESET)
</UL>
<P><STRONG><a name="[1c]"></a>DMA1_Stream6_IRQHandler</STRONG> (Thumb, 0 bytes, Stack size 0 bytes, startup_stm32f407xx.o(.text))
<BR>[Address Reference Count : 1]<UL><LI> startup_stm32f407xx.o(RESET)
</UL>
<P><STRONG><a name="[3a]"></a>DMA1_Stream7_IRQHandler</STRONG> (Thumb, 0 bytes, Stack size 0 bytes, startup_stm32f407xx.o(.text))
<BR>[Address Reference Count : 1]<UL><LI> startup_stm32f407xx.o(RESET)
</UL>
<P><STRONG><a name="[43]"></a>DMA2_Stream0_IRQHandler</STRONG> (Thumb, 0 bytes, Stack size 0 bytes, startup_stm32f407xx.o(.text))
<BR>[Address Reference Count : 1]<UL><LI> startup_stm32f407xx.o(RESET)
</UL>
<P><STRONG><a name="[44]"></a>DMA2_Stream1_IRQHandler</STRONG> (Thumb, 0 bytes, Stack size 0 bytes, startup_stm32f407xx.o(.text))
<BR>[Address Reference Count : 1]<UL><LI> startup_stm32f407xx.o(RESET)
</UL>
<P><STRONG><a name="[45]"></a>DMA2_Stream2_IRQHandler</STRONG> (Thumb, 0 bytes, Stack size 0 bytes, startup_stm32f407xx.o(.text))
<BR>[Address Reference Count : 1]<UL><LI> startup_stm32f407xx.o(RESET)
</UL>
<P><STRONG><a name="[46]"></a>DMA2_Stream3_IRQHandler</STRONG> (Thumb, 0 bytes, Stack size 0 bytes, startup_stm32f407xx.o(.text))
<BR>[Address Reference Count : 1]<UL><LI> startup_stm32f407xx.o(RESET)
</UL>
<P><STRONG><a name="[47]"></a>DMA2_Stream4_IRQHandler</STRONG> (Thumb, 0 bytes, Stack size 0 bytes, startup_stm32f407xx.o(.text))
<BR>[Address Reference Count : 1]<UL><LI> startup_stm32f407xx.o(RESET)
</UL>
<P><STRONG><a name="[4f]"></a>DMA2_Stream5_IRQHandler</STRONG> (Thumb, 0 bytes, Stack size 0 bytes, startup_stm32f407xx.o(.text))
<BR>[Address Reference Count : 1]<UL><LI> startup_stm32f407xx.o(RESET)
</UL>
<P><STRONG><a name="[50]"></a>DMA2_Stream6_IRQHandler</STRONG> (Thumb, 0 bytes, Stack size 0 bytes, startup_stm32f407xx.o(.text))
<BR>[Address Reference Count : 1]<UL><LI> startup_stm32f407xx.o(RESET)
</UL>
<P><STRONG><a name="[51]"></a>DMA2_Stream7_IRQHandler</STRONG> (Thumb, 0 bytes, Stack size 0 bytes, startup_stm32f407xx.o(.text))
<BR>[Address Reference Count : 1]<UL><LI> startup_stm32f407xx.o(RESET)
</UL>
<P><STRONG><a name="[48]"></a>ETH_IRQHandler</STRONG> (Thumb, 0 bytes, Stack size 0 bytes, startup_stm32f407xx.o(.text))
<BR>[Address Reference Count : 1]<UL><LI> startup_stm32f407xx.o(RESET)
</UL>
<P><STRONG><a name="[49]"></a>ETH_WKUP_IRQHandler</STRONG> (Thumb, 0 bytes, Stack size 0 bytes, startup_stm32f407xx.o(.text))
<BR>[Address Reference Count : 1]<UL><LI> startup_stm32f407xx.o(RESET)
</UL>
<P><STRONG><a name="[33]"></a>EXTI15_10_IRQHandler</STRONG> (Thumb, 0 bytes, Stack size 0 bytes, startup_stm32f407xx.o(.text))
<BR>[Address Reference Count : 1]<UL><LI> startup_stm32f407xx.o(RESET)
</UL>
<P><STRONG><a name="[12]"></a>EXTI1_IRQHandler</STRONG> (Thumb, 0 bytes, Stack size 0 bytes, startup_stm32f407xx.o(.text))
<BR>[Address Reference Count : 1]<UL><LI> startup_stm32f407xx.o(RESET)
</UL>
<P><STRONG><a name="[13]"></a>EXTI2_IRQHandler</STRONG> (Thumb, 0 bytes, Stack size 0 bytes, startup_stm32f407xx.o(.text))
<BR>[Address Reference Count : 1]<UL><LI> startup_stm32f407xx.o(RESET)
</UL>
<P><STRONG><a name="[14]"></a>EXTI3_IRQHandler</STRONG> (Thumb, 0 bytes, Stack size 0 bytes, startup_stm32f407xx.o(.text))
<BR>[Address Reference Count : 1]<UL><LI> startup_stm32f407xx.o(RESET)
</UL>
<P><STRONG><a name="[15]"></a>EXTI4_IRQHandler</STRONG> (Thumb, 0 bytes, Stack size 0 bytes, startup_stm32f407xx.o(.text))
<BR>[Address Reference Count : 1]<UL><LI> startup_stm32f407xx.o(RESET)
</UL>
<P><STRONG><a name="[22]"></a>EXTI9_5_IRQHandler</STRONG> (Thumb, 0 bytes, Stack size 0 bytes, startup_stm32f407xx.o(.text))
<BR>[Address Reference Count : 1]<UL><LI> startup_stm32f407xx.o(RESET)
</UL>
<P><STRONG><a name="[f]"></a>FLASH_IRQHandler</STRONG> (Thumb, 0 bytes, Stack size 0 bytes, startup_stm32f407xx.o(.text))
<BR>[Address Reference Count : 1]<UL><LI> startup_stm32f407xx.o(RESET)
</UL>
<P><STRONG><a name="[3b]"></a>FMC_IRQHandler</STRONG> (Thumb, 0 bytes, Stack size 0 bytes, startup_stm32f407xx.o(.text))
<BR>[Address Reference Count : 1]<UL><LI> startup_stm32f407xx.o(RESET)
</UL>
<P><STRONG><a name="[5b]"></a>FPU_IRQHandler</STRONG> (Thumb, 0 bytes, Stack size 0 bytes, startup_stm32f407xx.o(.text))
<BR>[Address Reference Count : 1]<UL><LI> startup_stm32f407xx.o(RESET)
</UL>
<P><STRONG><a name="[5a]"></a>HASH_RNG_IRQHandler</STRONG> (Thumb, 0 bytes, Stack size 0 bytes, startup_stm32f407xx.o(.text))
<BR>[Address Reference Count : 1]<UL><LI> startup_stm32f407xx.o(RESET)
</UL>
<P><STRONG><a name="[2b]"></a>I2C1_ER_IRQHandler</STRONG> (Thumb, 0 bytes, Stack size 0 bytes, startup_stm32f407xx.o(.text))
<BR>[Address Reference Count : 1]<UL><LI> startup_stm32f407xx.o(RESET)
</UL>
<P><STRONG><a name="[2a]"></a>I2C1_EV_IRQHandler</STRONG> (Thumb, 0 bytes, Stack size 0 bytes, startup_stm32f407xx.o(.text))
<BR>[Address Reference Count : 1]<UL><LI> startup_stm32f407xx.o(RESET)
</UL>
<P><STRONG><a name="[2d]"></a>I2C2_ER_IRQHandler</STRONG> (Thumb, 0 bytes, Stack size 0 bytes, startup_stm32f407xx.o(.text))
<BR>[Address Reference Count : 1]<UL><LI> startup_stm32f407xx.o(RESET)
</UL>
<P><STRONG><a name="[2c]"></a>I2C2_EV_IRQHandler</STRONG> (Thumb, 0 bytes, Stack size 0 bytes, startup_stm32f407xx.o(.text))
<BR>[Address Reference Count : 1]<UL><LI> startup_stm32f407xx.o(RESET)
</UL>
<P><STRONG><a name="[54]"></a>I2C3_ER_IRQHandler</STRONG> (Thumb, 0 bytes, Stack size 0 bytes, startup_stm32f407xx.o(.text))
<BR>[Address Reference Count : 1]<UL><LI> startup_stm32f407xx.o(RESET)
</UL>
<P><STRONG><a name="[53]"></a>I2C3_EV_IRQHandler</STRONG> (Thumb, 0 bytes, Stack size 0 bytes, startup_stm32f407xx.o(.text))
<BR>[Address Reference Count : 1]<UL><LI> startup_stm32f407xx.o(RESET)
</UL>
<P><STRONG><a name="[4e]"></a>OTG_FS_IRQHandler</STRONG> (Thumb, 0 bytes, Stack size 0 bytes, startup_stm32f407xx.o(.text))
<BR>[Address Reference Count : 1]<UL><LI> startup_stm32f407xx.o(RESET)
</UL>
<P><STRONG><a name="[35]"></a>OTG_FS_WKUP_IRQHandler</STRONG> (Thumb, 0 bytes, Stack size 0 bytes, startup_stm32f407xx.o(.text))
<BR>[Address Reference Count : 1]<UL><LI> startup_stm32f407xx.o(RESET)
</UL>
<P><STRONG><a name="[56]"></a>OTG_HS_EP1_IN_IRQHandler</STRONG> (Thumb, 0 bytes, Stack size 0 bytes, startup_stm32f407xx.o(.text))
<BR>[Address Reference Count : 1]<UL><LI> startup_stm32f407xx.o(RESET)
</UL>
<P><STRONG><a name="[55]"></a>OTG_HS_EP1_OUT_IRQHandler</STRONG> (Thumb, 0 bytes, Stack size 0 bytes, startup_stm32f407xx.o(.text))
<BR>[Address Reference Count : 1]<UL><LI> startup_stm32f407xx.o(RESET)
</UL>
<P><STRONG><a name="[58]"></a>OTG_HS_IRQHandler</STRONG> (Thumb, 0 bytes, Stack size 0 bytes, startup_stm32f407xx.o(.text))
<BR>[Address Reference Count : 1]<UL><LI> startup_stm32f407xx.o(RESET)
</UL>
<P><STRONG><a name="[57]"></a>OTG_HS_WKUP_IRQHandler</STRONG> (Thumb, 0 bytes, Stack size 0 bytes, startup_stm32f407xx.o(.text))
<BR>[Address Reference Count : 1]<UL><LI> startup_stm32f407xx.o(RESET)
</UL>
<P><STRONG><a name="[c]"></a>PVD_IRQHandler</STRONG> (Thumb, 0 bytes, Stack size 0 bytes, startup_stm32f407xx.o(.text))
<BR>[Address Reference Count : 1]<UL><LI> startup_stm32f407xx.o(RESET)
</UL>
<P><STRONG><a name="[10]"></a>RCC_IRQHandler</STRONG> (Thumb, 0 bytes, Stack size 0 bytes, startup_stm32f407xx.o(.text))
<BR>[Address Reference Count : 1]<UL><LI> startup_stm32f407xx.o(RESET)
</UL>
<P><STRONG><a name="[34]"></a>RTC_Alarm_IRQHandler</STRONG> (Thumb, 0 bytes, Stack size 0 bytes, startup_stm32f407xx.o(.text))
<BR>[Address Reference Count : 1]<UL><LI> startup_stm32f407xx.o(RESET)
</UL>
<P><STRONG><a name="[e]"></a>RTC_WKUP_IRQHandler</STRONG> (Thumb, 0 bytes, Stack size 0 bytes, startup_stm32f407xx.o(.text))
<BR>[Address Reference Count : 1]<UL><LI> startup_stm32f407xx.o(RESET)
</UL>
<P><STRONG><a name="[3c]"></a>SDIO_IRQHandler</STRONG> (Thumb, 0 bytes, Stack size 0 bytes, startup_stm32f407xx.o(.text))
<BR>[Address Reference Count : 1]<UL><LI> startup_stm32f407xx.o(RESET)
</UL>
<P><STRONG><a name="[2e]"></a>SPI1_IRQHandler</STRONG> (Thumb, 0 bytes, Stack size 0 bytes, startup_stm32f407xx.o(.text))
<BR>[Address Reference Count : 1]<UL><LI> startup_stm32f407xx.o(RESET)
</UL>
<P><STRONG><a name="[2f]"></a>SPI2_IRQHandler</STRONG> (Thumb, 0 bytes, Stack size 0 bytes, startup_stm32f407xx.o(.text))
<BR>[Address Reference Count : 1]<UL><LI> startup_stm32f407xx.o(RESET)
</UL>
<P><STRONG><a name="[3e]"></a>SPI3_IRQHandler</STRONG> (Thumb, 0 bytes, Stack size 0 bytes, startup_stm32f407xx.o(.text))
<BR>[Address Reference Count : 1]<UL><LI> startup_stm32f407xx.o(RESET)
</UL>
<P><STRONG><a name="[d]"></a>TAMP_STAMP_IRQHandler</STRONG> (Thumb, 0 bytes, Stack size 0 bytes, startup_stm32f407xx.o(.text))
<BR>[Address Reference Count : 1]<UL><LI> startup_stm32f407xx.o(RESET)
</UL>
<P><STRONG><a name="[23]"></a>TIM1_BRK_TIM9_IRQHandler</STRONG> (Thumb, 0 bytes, Stack size 0 bytes, startup_stm32f407xx.o(.text))
<BR>[Address Reference Count : 1]<UL><LI> startup_stm32f407xx.o(RESET)
</UL>
<P><STRONG><a name="[26]"></a>TIM1_CC_IRQHandler</STRONG> (Thumb, 0 bytes, Stack size 0 bytes, startup_stm32f407xx.o(.text))
<BR>[Address Reference Count : 1]<UL><LI> startup_stm32f407xx.o(RESET)
</UL>
<P><STRONG><a name="[25]"></a>TIM1_TRG_COM_TIM11_IRQHandler</STRONG> (Thumb, 0 bytes, Stack size 0 bytes, startup_stm32f407xx.o(.text))
<BR>[Address Reference Count : 1]<UL><LI> startup_stm32f407xx.o(RESET)
</UL>
<P><STRONG><a name="[24]"></a>TIM1_UP_TIM10_IRQHandler</STRONG> (Thumb, 0 bytes, Stack size 0 bytes, startup_stm32f407xx.o(.text))
<BR>[Address Reference Count : 1]<UL><LI> startup_stm32f407xx.o(RESET)
</UL>
<P><STRONG><a name="[27]"></a>TIM2_IRQHandler</STRONG> (Thumb, 0 bytes, Stack size 0 bytes, startup_stm32f407xx.o(.text))
<BR>[Address Reference Count : 1]<UL><LI> startup_stm32f407xx.o(RESET)
</UL>
<P><STRONG><a name="[41]"></a>TIM6_DAC_IRQHandler</STRONG> (Thumb, 0 bytes, Stack size 0 bytes, startup_stm32f407xx.o(.text))
<BR>[Address Reference Count : 1]<UL><LI> startup_stm32f407xx.o(RESET)
</UL>
<P><STRONG><a name="[42]"></a>TIM7_IRQHandler</STRONG> (Thumb, 0 bytes, Stack size 0 bytes, startup_stm32f407xx.o(.text))
<BR>[Address Reference Count : 1]<UL><LI> startup_stm32f407xx.o(RESET)
</UL>
<P><STRONG><a name="[36]"></a>TIM8_BRK_TIM12_IRQHandler</STRONG> (Thumb, 0 bytes, Stack size 0 bytes, startup_stm32f407xx.o(.text))
<BR>[Address Reference Count : 1]<UL><LI> startup_stm32f407xx.o(RESET)
</UL>
<P><STRONG><a name="[39]"></a>TIM8_CC_IRQHandler</STRONG> (Thumb, 0 bytes, Stack size 0 bytes, startup_stm32f407xx.o(.text))
<BR>[Address Reference Count : 1]<UL><LI> startup_stm32f407xx.o(RESET)
</UL>
<P><STRONG><a name="[38]"></a>TIM8_TRG_COM_TIM14_IRQHandler</STRONG> (Thumb, 0 bytes, Stack size 0 bytes, startup_stm32f407xx.o(.text))
<BR>[Address Reference Count : 1]<UL><LI> startup_stm32f407xx.o(RESET)
</UL>
<P><STRONG><a name="[37]"></a>TIM8_UP_TIM13_IRQHandler</STRONG> (Thumb, 0 bytes, Stack size 0 bytes, startup_stm32f407xx.o(.text))
<BR>[Address Reference Count : 1]<UL><LI> startup_stm32f407xx.o(RESET)
</UL>
<P><STRONG><a name="[3f]"></a>UART4_IRQHandler</STRONG> (Thumb, 0 bytes, Stack size 0 bytes, startup_stm32f407xx.o(.text))
<BR>[Address Reference Count : 1]<UL><LI> startup_stm32f407xx.o(RESET)
</UL>
<P><STRONG><a name="[40]"></a>UART5_IRQHandler</STRONG> (Thumb, 0 bytes, Stack size 0 bytes, startup_stm32f407xx.o(.text))
<BR>[Address Reference Count : 1]<UL><LI> startup_stm32f407xx.o(RESET)
</UL>
<P><STRONG><a name="[30]"></a>USART1_IRQHandler</STRONG> (Thumb, 0 bytes, Stack size 0 bytes, startup_stm32f407xx.o(.text))
<BR>[Address Reference Count : 1]<UL><LI> startup_stm32f407xx.o(RESET)
</UL>
<P><STRONG><a name="[31]"></a>USART2_IRQHandler</STRONG> (Thumb, 0 bytes, Stack size 0 bytes, startup_stm32f407xx.o(.text))
<BR>[Address Reference Count : 1]<UL><LI> startup_stm32f407xx.o(RESET)
</UL>
<P><STRONG><a name="[32]"></a>USART3_IRQHandler</STRONG> (Thumb, 0 bytes, Stack size 0 bytes, startup_stm32f407xx.o(.text))
<BR>[Address Reference Count : 1]<UL><LI> startup_stm32f407xx.o(RESET)
</UL>
<P><STRONG><a name="[52]"></a>USART6_IRQHandler</STRONG> (Thumb, 0 bytes, Stack size 0 bytes, startup_stm32f407xx.o(.text))
<BR>[Address Reference Count : 1]<UL><LI> startup_stm32f407xx.o(RESET)
</UL>
<P><STRONG><a name="[b]"></a>WWDG_IRQHandler</STRONG> (Thumb, 0 bytes, Stack size 0 bytes, startup_stm32f407xx.o(.text))
<BR>[Address Reference Count : 1]<UL><LI> startup_stm32f407xx.o(RESET)
</UL>
<P><STRONG><a name="[13d]"></a>__aeabi_memcpy</STRONG> (Thumb, 36 bytes, Stack size 0 bytes, memcpya.o(.text), UNUSED)

<P><STRONG><a name="[e2]"></a>__aeabi_memcpy4</STRONG> (Thumb, 0 bytes, Stack size 0 bytes, memcpya.o(.text))
<BR><BR>[Called By]<UL><LI><a href="#[d7]">&gt;&gt;</a>&nbsp;&nbsp;&nbsp;adc_Temp_Init
</UL>

<P><STRONG><a name="[13e]"></a>__aeabi_memcpy8</STRONG> (Thumb, 0 bytes, Stack size 0 bytes, memcpya.o(.text), UNUSED)

<P><STRONG><a name="[82]"></a>__aeabi_dmul</STRONG> (Thumb, 228 bytes, Stack size 48 bytes, dmul.o(.text))
<BR><BR>[Stack]<UL><LI>Max Depth = 88<LI>Call Chain = __aeabi_dmul &rArr; _double_epilogue &rArr; _double_round
</UL>
<BR>[Calls]<UL><LI><a href="#[83]">&gt;&gt;</a>&nbsp;&nbsp;&nbsp;_double_epilogue
</UL>
<BR>[Called By]<UL><LI><a href="#[d6]">&gt;&gt;</a>&nbsp;&nbsp;&nbsp;get_Data_Sensor
<LI><a href="#[92]">&gt;&gt;</a>&nbsp;&nbsp;&nbsp;LIS3DSH_ReadACC
<LI><a href="#[df]">&gt;&gt;</a>&nbsp;&nbsp;&nbsp;__kernel_poly
<LI><a href="#[dd]">&gt;&gt;</a>&nbsp;&nbsp;&nbsp;__mathlib_dbl_underflow
<LI><a href="#[da]">&gt;&gt;</a>&nbsp;&nbsp;&nbsp;__hardfp_atan
</UL>

<P><STRONG><a name="[84]"></a>__aeabi_ddiv</STRONG> (Thumb, 222 bytes, Stack size 32 bytes, ddiv.o(.text))
<BR><BR>[Stack]<UL><LI>Max Depth = 40<LI>Call Chain = __aeabi_ddiv &rArr; _double_round
</UL>
<BR>[Calls]<UL><LI><a href="#[85]">&gt;&gt;</a>&nbsp;&nbsp;&nbsp;_double_round
</UL>
<BR>[Called By]<UL><LI><a href="#[d6]">&gt;&gt;</a>&nbsp;&nbsp;&nbsp;get_Data_Sensor
<LI><a href="#[96]">&gt;&gt;</a>&nbsp;&nbsp;&nbsp;roll_calc
<LI><a href="#[95]">&gt;&gt;</a>&nbsp;&nbsp;&nbsp;pitch_calc
<LI><a href="#[da]">&gt;&gt;</a>&nbsp;&nbsp;&nbsp;__hardfp_atan
</UL>

<P><STRONG><a name="[9e]"></a>__aeabi_f2d</STRONG> (Thumb, 38 bytes, Stack size 0 bytes, f2d.o(.text))
<BR><BR>[Called By]<UL><LI><a href="#[d6]">&gt;&gt;</a>&nbsp;&nbsp;&nbsp;get_Data_Sensor
<LI><a href="#[96]">&gt;&gt;</a>&nbsp;&nbsp;&nbsp;roll_calc
<LI><a href="#[95]">&gt;&gt;</a>&nbsp;&nbsp;&nbsp;pitch_calc
<LI><a href="#[92]">&gt;&gt;</a>&nbsp;&nbsp;&nbsp;LIS3DSH_ReadACC
<LI><a href="#[73]">&gt;&gt;</a>&nbsp;&nbsp;&nbsp;Disp_thread
</UL>

<P><STRONG><a name="[9f]"></a>__aeabi_cdrcmple</STRONG> (Thumb, 48 bytes, Stack size 0 bytes, cdrcmple.o(.text))
<BR><BR>[Called By]<UL><LI><a href="#[73]">&gt;&gt;</a>&nbsp;&nbsp;&nbsp;Disp_thread
</UL>

<P><STRONG><a name="[86]"></a>__aeabi_d2f</STRONG> (Thumb, 56 bytes, Stack size 8 bytes, d2f.o(.text))
<BR><BR>[Stack]<UL><LI>Max Depth = 8<LI>Call Chain = __aeabi_d2f
</UL>
<BR>[Calls]<UL><LI><a href="#[87]">&gt;&gt;</a>&nbsp;&nbsp;&nbsp;_float_round
</UL>
<BR>[Called By]<UL><LI><a href="#[d6]">&gt;&gt;</a>&nbsp;&nbsp;&nbsp;get_Data_Sensor
<LI><a href="#[96]">&gt;&gt;</a>&nbsp;&nbsp;&nbsp;roll_calc
<LI><a href="#[95]">&gt;&gt;</a>&nbsp;&nbsp;&nbsp;pitch_calc
<LI><a href="#[92]">&gt;&gt;</a>&nbsp;&nbsp;&nbsp;LIS3DSH_ReadACC
</UL>

<P><STRONG><a name="[88]"></a>__aeabi_llsl</STRONG> (Thumb, 30 bytes, Stack size 0 bytes, llshl.o(.text))
<BR><BR>[Called By]<UL><LI><a href="#[83]">&gt;&gt;</a>&nbsp;&nbsp;&nbsp;_double_epilogue
<LI><a href="#[8a]">&gt;&gt;</a>&nbsp;&nbsp;&nbsp;__aeabi_dadd
</UL>

<P><STRONG><a name="[13f]"></a>_ll_shift_l</STRONG> (Thumb, 0 bytes, Stack size 0 bytes, llshl.o(.text), UNUSED)

<P><STRONG><a name="[89]"></a>__aeabi_llsr</STRONG> (Thumb, 32 bytes, Stack size 0 bytes, llushr.o(.text))
<BR><BR>[Called By]<UL><LI><a href="#[83]">&gt;&gt;</a>&nbsp;&nbsp;&nbsp;_double_epilogue
<LI><a href="#[8e]">&gt;&gt;</a>&nbsp;&nbsp;&nbsp;_dsqrt
</UL>

<P><STRONG><a name="[140]"></a>_ll_ushift_r</STRONG> (Thumb, 0 bytes, Stack size 0 bytes, llushr.o(.text), UNUSED)

<P><STRONG><a name="[141]"></a>__I$use$fp</STRONG> (Thumb, 0 bytes, Stack size 0 bytes, iusefp.o(.text), UNUSED)

<P><STRONG><a name="[87]"></a>_float_round</STRONG> (Thumb, 18 bytes, Stack size 0 bytes, fepilogue.o(.text))
<BR><BR>[Called By]<UL><LI><a href="#[86]">&gt;&gt;</a>&nbsp;&nbsp;&nbsp;__aeabi_d2f
</UL>

<P><STRONG><a name="[142]"></a>_float_epilogue</STRONG> (Thumb, 92 bytes, Stack size 4 bytes, fepilogue.o(.text), UNUSED)

<P><STRONG><a name="[85]"></a>_double_round</STRONG> (Thumb, 30 bytes, Stack size 8 bytes, depilogue.o(.text))
<BR><BR>[Stack]<UL><LI>Max Depth = 8<LI>Call Chain = _double_round
</UL>
<BR>[Called By]<UL><LI><a href="#[84]">&gt;&gt;</a>&nbsp;&nbsp;&nbsp;__aeabi_ddiv
<LI><a href="#[83]">&gt;&gt;</a>&nbsp;&nbsp;&nbsp;_double_epilogue
<LI><a href="#[8e]">&gt;&gt;</a>&nbsp;&nbsp;&nbsp;_dsqrt
<LI><a href="#[8a]">&gt;&gt;</a>&nbsp;&nbsp;&nbsp;__aeabi_dadd
</UL>

<P><STRONG><a name="[83]"></a>_double_epilogue</STRONG> (Thumb, 156 bytes, Stack size 32 bytes, depilogue.o(.text))
<BR><BR>[Stack]<UL><LI>Max Depth = 40<LI>Call Chain = _double_epilogue &rArr; _double_round
</UL>
<BR>[Calls]<UL><LI><a href="#[89]">&gt;&gt;</a>&nbsp;&nbsp;&nbsp;__aeabi_llsr
<LI><a href="#[88]">&gt;&gt;</a>&nbsp;&nbsp;&nbsp;__aeabi_llsl
<LI><a href="#[85]">&gt;&gt;</a>&nbsp;&nbsp;&nbsp;_double_round
</UL>
<BR>[Called By]<UL><LI><a href="#[82]">&gt;&gt;</a>&nbsp;&nbsp;&nbsp;__aeabi_dmul
<LI><a href="#[8a]">&gt;&gt;</a>&nbsp;&nbsp;&nbsp;__aeabi_dadd
</UL>

<P><STRONG><a name="[8a]"></a>__aeabi_dadd</STRONG> (Thumb, 322 bytes, Stack size 48 bytes, dadd.o(.text))
<BR><BR>[Stack]<UL><LI>Max Depth = 88<LI>Call Chain = __aeabi_dadd &rArr; _double_epilogue &rArr; _double_round
</UL>
<BR>[Calls]<UL><LI><a href="#[88]">&gt;&gt;</a>&nbsp;&nbsp;&nbsp;__aeabi_llsl
<LI><a href="#[85]">&gt;&gt;</a>&nbsp;&nbsp;&nbsp;_double_round
<LI><a href="#[83]">&gt;&gt;</a>&nbsp;&nbsp;&nbsp;_double_epilogue
<LI><a href="#[8b]">&gt;&gt;</a>&nbsp;&nbsp;&nbsp;__aeabi_lasr
</UL>
<BR>[Called By]<UL><LI><a href="#[df]">&gt;&gt;</a>&nbsp;&nbsp;&nbsp;__kernel_poly
<LI><a href="#[db]">&gt;&gt;</a>&nbsp;&nbsp;&nbsp;__mathlib_dbl_infnan
<LI><a href="#[8c]">&gt;&gt;</a>&nbsp;&nbsp;&nbsp;__aeabi_dsub
<LI><a href="#[8d]">&gt;&gt;</a>&nbsp;&nbsp;&nbsp;__aeabi_drsub
<LI><a href="#[da]">&gt;&gt;</a>&nbsp;&nbsp;&nbsp;__hardfp_atan
</UL>

<P><STRONG><a name="[8c]"></a>__aeabi_dsub</STRONG> (Thumb, 6 bytes, Stack size 0 bytes, dadd.o(.text))
<BR><BR>[Stack]<UL><LI>Max Depth = 88<LI>Call Chain = __aeabi_dsub &rArr; __aeabi_dadd &rArr; _double_epilogue &rArr; _double_round
</UL>
<BR>[Calls]<UL><LI><a href="#[8a]">&gt;&gt;</a>&nbsp;&nbsp;&nbsp;__aeabi_dadd
</UL>
<BR>[Called By]<UL><LI><a href="#[da]">&gt;&gt;</a>&nbsp;&nbsp;&nbsp;__hardfp_atan
</UL>

<P><STRONG><a name="[8d]"></a>__aeabi_drsub</STRONG> (Thumb, 6 bytes, Stack size 0 bytes, dadd.o(.text))
<BR><BR>[Stack]<UL><LI>Max Depth = 88<LI>Call Chain = __aeabi_drsub &rArr; __aeabi_dadd &rArr; _double_epilogue &rArr; _double_round
</UL>
<BR>[Calls]<UL><LI><a href="#[8a]">&gt;&gt;</a>&nbsp;&nbsp;&nbsp;__aeabi_dadd
</UL>
<BR>[Called By]<UL><LI><a href="#[da]">&gt;&gt;</a>&nbsp;&nbsp;&nbsp;__hardfp_atan
</UL>

<P><STRONG><a name="[8e]"></a>_dsqrt</STRONG> (Thumb, 162 bytes, Stack size 32 bytes, dsqrt.o(.text))
<BR><BR>[Stack]<UL><LI>Max Depth = 40<LI>Call Chain = _dsqrt &rArr; _double_round
</UL>
<BR>[Calls]<UL><LI><a href="#[89]">&gt;&gt;</a>&nbsp;&nbsp;&nbsp;__aeabi_llsr
<LI><a href="#[85]">&gt;&gt;</a>&nbsp;&nbsp;&nbsp;_double_round
</UL>
<BR>[Called By]<UL><LI><a href="#[e0]">&gt;&gt;</a>&nbsp;&nbsp;&nbsp;__hardfp_sqrt
</UL>

<P><STRONG><a name="[78]"></a>__scatterload</STRONG> (Thumb, 28 bytes, Stack size 0 bytes, init.o(.text))
<BR><BR>[Calls]<UL><LI><a href="#[8f]">&gt;&gt;</a>&nbsp;&nbsp;&nbsp;__main_after_scatterload
</UL>
<BR>[Called By]<UL><LI><a href="#[77]">&gt;&gt;</a>&nbsp;&nbsp;&nbsp;_main_scatterload
</UL>

<P><STRONG><a name="[143]"></a>__scatterload_rt2</STRONG> (Thumb, 0 bytes, Stack size 0 bytes, init.o(.text), UNUSED)

<P><STRONG><a name="[8b]"></a>__aeabi_lasr</STRONG> (Thumb, 36 bytes, Stack size 0 bytes, llsshr.o(.text))
<BR><BR>[Called By]<UL><LI><a href="#[8a]">&gt;&gt;</a>&nbsp;&nbsp;&nbsp;__aeabi_dadd
</UL>

<P><STRONG><a name="[144]"></a>_ll_sshift_r</STRONG> (Thumb, 0 bytes, Stack size 0 bytes, llsshr.o(.text), UNUSED)

<P><STRONG><a name="[145]"></a>__decompress</STRONG> (Thumb, 0 bytes, Stack size unknown bytes, __dczerorl2.o(.text), UNUSED)

<P><STRONG><a name="[146]"></a>__decompress1</STRONG> (Thumb, 86 bytes, Stack size unknown bytes, __dczerorl2.o(.text), UNUSED)

<P><STRONG><a name="[70]"></a>Acc_thread</STRONG> (Thumb, 198 bytes, Stack size 16 bytes, acc_thread.o(i.Acc_thread))
<BR><BR>[Stack]<UL><LI>Max Depth = 240<LI>Call Chain = Acc_thread &rArr; roll_calc &rArr; __hardfp_atan &rArr; __kernel_poly &rArr; __aeabi_dmul &rArr; _double_epilogue &rArr; _double_round
</UL>
<BR>[Calls]<UL><LI><a href="#[96]">&gt;&gt;</a>&nbsp;&nbsp;&nbsp;roll_calc
<LI><a href="#[95]">&gt;&gt;</a>&nbsp;&nbsp;&nbsp;pitch_calc
<LI><a href="#[91]">&gt;&gt;</a>&nbsp;&nbsp;&nbsp;osSignalWait
<LI><a href="#[93]">&gt;&gt;</a>&nbsp;&nbsp;&nbsp;osMutexWait
<LI><a href="#[97]">&gt;&gt;</a>&nbsp;&nbsp;&nbsp;osMutexRelease
<LI><a href="#[92]">&gt;&gt;</a>&nbsp;&nbsp;&nbsp;LIS3DSH_ReadACC
<LI><a href="#[94]">&gt;&gt;</a>&nbsp;&nbsp;&nbsp;Kalmanfilter_C
<LI><a href="#[90]">&gt;&gt;</a>&nbsp;&nbsp;&nbsp;Acc_thread_periph_init
</UL>
<BR>[Address Reference Count : 1]<UL><LI> acc_thread.o(.constdata)
</UL>
<P><STRONG><a name="[90]"></a>Acc_thread_periph_init</STRONG> (Thumb, 112 bytes, Stack size 8 bytes, acc_thread.o(i.Acc_thread_periph_init))
<BR><BR>[Stack]<UL><LI>Max Depth = 200<LI>Call Chain = Acc_thread_periph_init &rArr; acc_calibrate &rArr; LIS3DSH_ReadACC &rArr; __aeabi_dmul &rArr; _double_epilogue &rArr; _double_round
</UL>
<BR>[Calls]<UL><LI><a href="#[9b]">&gt;&gt;</a>&nbsp;&nbsp;&nbsp;osMutexCreate
<LI><a href="#[9a]">&gt;&gt;</a>&nbsp;&nbsp;&nbsp;kalman_init
<LI><a href="#[98]">&gt;&gt;</a>&nbsp;&nbsp;&nbsp;acc_init
<LI><a href="#[99]">&gt;&gt;</a>&nbsp;&nbsp;&nbsp;acc_calibrate
</UL>
<BR>[Called By]<UL><LI><a href="#[70]">&gt;&gt;</a>&nbsp;&nbsp;&nbsp;Acc_thread
</UL>

<P><STRONG><a name="[5]"></a>BusFault_Handler</STRONG> (Thumb, 4 bytes, Stack size 0 bytes, stm32f4xx_it.o(i.BusFault_Handler))
<BR>[Address Reference Count : 1]<UL><LI> startup_stm32f407xx.o(RESET)
</UL>
<P><STRONG><a name="[8]"></a>DebugMon_Handler</STRONG> (Thumb, 2 bytes, Stack size 0 bytes, stm32f4xx_it.o(i.DebugMon_Handler))
<BR>[Address Reference Count : 1]<UL><LI> startup_stm32f407xx.o(RESET)
</UL>
<P><STRONG><a name="[73]"></a>Disp_thread</STRONG> (Thumb, 456 bytes, Stack size 24 bytes, disp_thread.o(i.Disp_thread))
<BR><BR>[Stack]<UL><LI>Max Depth = 88<LI>Call Chain = Disp_thread &rArr; Disp_thread_periph_init &rArr; init_Display_Pins &rArr; HAL_GPIO_Init
</UL>
<BR>[Calls]<UL><LI><a href="#[9e]">&gt;&gt;</a>&nbsp;&nbsp;&nbsp;__aeabi_f2d
<LI><a href="#[91]">&gt;&gt;</a>&nbsp;&nbsp;&nbsp;osSignalWait
<LI><a href="#[93]">&gt;&gt;</a>&nbsp;&nbsp;&nbsp;osMutexWait
<LI><a href="#[97]">&gt;&gt;</a>&nbsp;&nbsp;&nbsp;osMutexRelease
<LI><a href="#[a0]">&gt;&gt;</a>&nbsp;&nbsp;&nbsp;osDelay
<LI><a href="#[9f]">&gt;&gt;</a>&nbsp;&nbsp;&nbsp;__aeabi_cdrcmple
<LI><a href="#[9c]">&gt;&gt;</a>&nbsp;&nbsp;&nbsp;Disp_thread_periph_init
<LI><a href="#[9d]">&gt;&gt;</a>&nbsp;&nbsp;&nbsp;display_Number
</UL>
<BR>[Address Reference Count : 1]<UL><LI> disp_thread.o(.constdata)
</UL>
<P><STRONG><a name="[9c]"></a>Disp_thread_periph_init</STRONG> (Thumb, 92 bytes, Stack size 8 bytes, disp_thread.o(i.Disp_thread_periph_init))
<BR><BR>[Stack]<UL><LI>Max Depth = 64<LI>Call Chain = Disp_thread_periph_init &rArr; init_Display_Pins &rArr; HAL_GPIO_Init
</UL>
<BR>[Calls]<UL><LI><a href="#[a3]">&gt;&gt;</a>&nbsp;&nbsp;&nbsp;HAL_TIM_Base_Start_IT
<LI><a href="#[a2]">&gt;&gt;</a>&nbsp;&nbsp;&nbsp;HAL_TIM_Base_Init
<LI><a href="#[a4]">&gt;&gt;</a>&nbsp;&nbsp;&nbsp;HAL_NVIC_EnableIRQ
<LI><a href="#[a5]">&gt;&gt;</a>&nbsp;&nbsp;&nbsp;HAL_NVIC_SetPriority
<LI><a href="#[a1]">&gt;&gt;</a>&nbsp;&nbsp;&nbsp;init_Display_Pins
</UL>
<BR>[Called By]<UL><LI><a href="#[73]">&gt;&gt;</a>&nbsp;&nbsp;&nbsp;Disp_thread
</UL>

<P><STRONG><a name="[11]"></a>EXTI0_IRQHandler</STRONG> (Thumb, 10 bytes, Stack size 8 bytes, stm32f4xx_it.o(i.EXTI0_IRQHandler))
<BR><BR>[Stack]<UL><LI>Max Depth = 64<LI>Call Chain = EXTI0_IRQHandler &rArr; HAL_GPIO_EXTI_IRQHandler &rArr; HAL_GPIO_EXTI_Callback &rArr; osSignalSet &rArr; isrSignalSet &rArr; isr_evt_set &rArr; rt_psq_enq
</UL>
<BR>[Calls]<UL><LI><a href="#[a6]">&gt;&gt;</a>&nbsp;&nbsp;&nbsp;HAL_GPIO_EXTI_IRQHandler
</UL>
<BR>[Address Reference Count : 1]<UL><LI> startup_stm32f407xx.o(RESET)
</UL>
<P><STRONG><a name="[a7]"></a>Error_Handler</STRONG> (Thumb, 78 bytes, Stack size 8 bytes, supporting_functions.o(i.Error_Handler))
<BR><BR>[Stack]<UL><LI>Max Depth = 8<LI>Call Chain = Error_Handler
</UL>
<BR>[Calls]<UL><LI><a href="#[a8]">&gt;&gt;</a>&nbsp;&nbsp;&nbsp;__2printf
</UL>
<BR>[Called By]<UL><LI><a href="#[d2]">&gt;&gt;</a>&nbsp;&nbsp;&nbsp;SystemClock_Config
</UL>

<P><STRONG><a name="[e4]"></a>HAL_ADCEx_MultiModeConfigChannel</STRONG> (Thumb, 128 bytes, Stack size 0 bytes, stm32f4xx_hal_adc_ex.o(i.HAL_ADCEx_MultiModeConfigChannel))
<BR><BR>[Called By]<UL><LI><a href="#[d7]">&gt;&gt;</a>&nbsp;&nbsp;&nbsp;adc_Temp_Init
</UL>

<P><STRONG><a name="[e3]"></a>HAL_ADC_ConfigChannel</STRONG> (Thumb, 386 bytes, Stack size 12 bytes, stm32f4xx_hal_adc.o(i.HAL_ADC_ConfigChannel))
<BR><BR>[Stack]<UL><LI>Max Depth = 12<LI>Call Chain = HAL_ADC_ConfigChannel
</UL>
<BR>[Called By]<UL><LI><a href="#[d7]">&gt;&gt;</a>&nbsp;&nbsp;&nbsp;adc_Temp_Init
</UL>

<P><STRONG><a name="[ec]"></a>HAL_ADC_GetValue</STRONG> (Thumb, 8 bytes, Stack size 0 bytes, stm32f4xx_hal_adc.o(i.HAL_ADC_GetValue))
<BR><BR>[Called By]<UL><LI><a href="#[d6]">&gt;&gt;</a>&nbsp;&nbsp;&nbsp;get_Data_Sensor
</UL>

<P><STRONG><a name="[a9]"></a>HAL_ADC_PollForConversion</STRONG> (Thumb, 186 bytes, Stack size 16 bytes, stm32f4xx_hal_adc.o(i.HAL_ADC_PollForConversion))
<BR><BR>[Stack]<UL><LI>Max Depth = 16<LI>Call Chain = HAL_ADC_PollForConversion
</UL>
<BR>[Calls]<UL><LI><a href="#[aa]">&gt;&gt;</a>&nbsp;&nbsp;&nbsp;HAL_GetTick
</UL>
<BR>[Called By]<UL><LI><a href="#[d6]">&gt;&gt;</a>&nbsp;&nbsp;&nbsp;get_Data_Sensor
</UL>

<P><STRONG><a name="[eb]"></a>HAL_ADC_Start</STRONG> (Thumb, 238 bytes, Stack size 8 bytes, stm32f4xx_hal_adc.o(i.HAL_ADC_Start))
<BR><BR>[Stack]<UL><LI>Max Depth = 8<LI>Call Chain = HAL_ADC_Start
</UL>
<BR>[Called By]<UL><LI><a href="#[d6]">&gt;&gt;</a>&nbsp;&nbsp;&nbsp;get_Data_Sensor
</UL>

<P><STRONG><a name="[ed]"></a>HAL_ADC_Stop</STRONG> (Thumb, 72 bytes, Stack size 0 bytes, stm32f4xx_hal_adc.o(i.HAL_ADC_Stop))
<BR><BR>[Called By]<UL><LI><a href="#[d6]">&gt;&gt;</a>&nbsp;&nbsp;&nbsp;get_Data_Sensor
</UL>

<P><STRONG><a name="[ab]"></a>HAL_GPIO_EXTI_Callback</STRONG> (Thumb, 20 bytes, Stack size 8 bytes, acc_thread.o(i.HAL_GPIO_EXTI_Callback))
<BR><BR>[Stack]<UL><LI>Max Depth = 48<LI>Call Chain = HAL_GPIO_EXTI_Callback &rArr; osSignalSet &rArr; isrSignalSet &rArr; isr_evt_set &rArr; rt_psq_enq
</UL>
<BR>[Calls]<UL><LI><a href="#[ac]">&gt;&gt;</a>&nbsp;&nbsp;&nbsp;osSignalSet
</UL>
<BR>[Called By]<UL><LI><a href="#[a6]">&gt;&gt;</a>&nbsp;&nbsp;&nbsp;HAL_GPIO_EXTI_IRQHandler
</UL>

<P><STRONG><a name="[a6]"></a>HAL_GPIO_EXTI_IRQHandler</STRONG> (Thumb, 24 bytes, Stack size 8 bytes, stm32f4xx_hal_gpio.o(i.HAL_GPIO_EXTI_IRQHandler))
<BR><BR>[Stack]<UL><LI>Max Depth = 56<LI>Call Chain = HAL_GPIO_EXTI_IRQHandler &rArr; HAL_GPIO_EXTI_Callback &rArr; osSignalSet &rArr; isrSignalSet &rArr; isr_evt_set &rArr; rt_psq_enq
</UL>
<BR>[Calls]<UL><LI><a href="#[ab]">&gt;&gt;</a>&nbsp;&nbsp;&nbsp;HAL_GPIO_EXTI_Callback
</UL>
<BR>[Called By]<UL><LI><a href="#[11]">&gt;&gt;</a>&nbsp;&nbsp;&nbsp;EXTI0_IRQHandler
</UL>

<P><STRONG><a name="[bb]"></a>HAL_GPIO_Init</STRONG> (Thumb, 476 bytes, Stack size 24 bytes, stm32f4xx_hal_gpio.o(i.HAL_GPIO_Init))
<BR><BR>[Stack]<UL><LI>Max Depth = 24<LI>Call Chain = HAL_GPIO_Init
</UL>
<BR>[Called By]<UL><LI><a href="#[c9]">&gt;&gt;</a>&nbsp;&nbsp;&nbsp;keypad_init
<LI><a href="#[d7]">&gt;&gt;</a>&nbsp;&nbsp;&nbsp;adc_Temp_Init
<LI><a href="#[ba]">&gt;&gt;</a>&nbsp;&nbsp;&nbsp;HAL_SPI_MspInit
<LI><a href="#[98]">&gt;&gt;</a>&nbsp;&nbsp;&nbsp;acc_init
<LI><a href="#[a1]">&gt;&gt;</a>&nbsp;&nbsp;&nbsp;init_Display_Pins
</UL>

<P><STRONG><a name="[128]"></a>HAL_GPIO_ReadPin</STRONG> (Thumb, 16 bytes, Stack size 0 bytes, stm32f4xx_hal_gpio.o(i.HAL_GPIO_ReadPin))
<BR><BR>[Called By]<UL><LI><a href="#[f9]">&gt;&gt;</a>&nbsp;&nbsp;&nbsp;set_col_read
</UL>

<P><STRONG><a name="[bc]"></a>HAL_GPIO_WritePin</STRONG> (Thumb, 12 bytes, Stack size 0 bytes, stm32f4xx_hal_gpio.o(i.HAL_GPIO_WritePin))
<BR><BR>[Called By]<UL><LI><a href="#[f9]">&gt;&gt;</a>&nbsp;&nbsp;&nbsp;set_col_read
<LI><a href="#[c8]">&gt;&gt;</a>&nbsp;&nbsp;&nbsp;keypad_read
<LI><a href="#[c9]">&gt;&gt;</a>&nbsp;&nbsp;&nbsp;keypad_init
<LI><a href="#[cc]">&gt;&gt;</a>&nbsp;&nbsp;&nbsp;LIS3DSH_Write
<LI><a href="#[cb]">&gt;&gt;</a>&nbsp;&nbsp;&nbsp;LIS3DSH_Read
<LI><a href="#[ba]">&gt;&gt;</a>&nbsp;&nbsp;&nbsp;HAL_SPI_MspInit
<LI><a href="#[e8]">&gt;&gt;</a>&nbsp;&nbsp;&nbsp;write_Number
<LI><a href="#[e9]">&gt;&gt;</a>&nbsp;&nbsp;&nbsp;undisplay_Decimal
<LI><a href="#[a1]">&gt;&gt;</a>&nbsp;&nbsp;&nbsp;init_Display_Pins
<LI><a href="#[e7]">&gt;&gt;</a>&nbsp;&nbsp;&nbsp;enable_Digit
<LI><a href="#[e6]">&gt;&gt;</a>&nbsp;&nbsp;&nbsp;display_Decimal
<LI><a href="#[e5]">&gt;&gt;</a>&nbsp;&nbsp;&nbsp;disable_Digit
</UL>

<P><STRONG><a name="[aa]"></a>HAL_GetTick</STRONG> (Thumb, 6 bytes, Stack size 0 bytes, stm32f4xx_hal.o(i.HAL_GetTick))
<BR><BR>[Called By]<UL><LI><a href="#[a9]">&gt;&gt;</a>&nbsp;&nbsp;&nbsp;HAL_ADC_PollForConversion
<LI><a href="#[b6]">&gt;&gt;</a>&nbsp;&nbsp;&nbsp;HAL_RCC_OscConfig
<LI><a href="#[b4]">&gt;&gt;</a>&nbsp;&nbsp;&nbsp;HAL_RCC_ClockConfig
</UL>

<P><STRONG><a name="[ad]"></a>HAL_Init</STRONG> (Thumb, 54 bytes, Stack size 8 bytes, stm32f4xx_hal.o(i.HAL_Init))
<BR><BR>[Stack]<UL><LI>Max Depth = 72<LI>Call Chain = HAL_Init &rArr; HAL_InitTick &rArr; HAL_NVIC_SetPriority &rArr; __NVIC_SetPriority
</UL>
<BR>[Calls]<UL><LI><a href="#[b0]">&gt;&gt;</a>&nbsp;&nbsp;&nbsp;HAL_MspInit
<LI><a href="#[af]">&gt;&gt;</a>&nbsp;&nbsp;&nbsp;HAL_InitTick
<LI><a href="#[ae]">&gt;&gt;</a>&nbsp;&nbsp;&nbsp;HAL_NVIC_SetPriorityGrouping
</UL>
<BR>[Called By]<UL><LI><a href="#[75]">&gt;&gt;</a>&nbsp;&nbsp;&nbsp;main
</UL>

<P><STRONG><a name="[af]"></a>HAL_InitTick</STRONG> (Thumb, 36 bytes, Stack size 16 bytes, stm32f4xx_hal.o(i.HAL_InitTick))
<BR><BR>[Stack]<UL><LI>Max Depth = 64<LI>Call Chain = HAL_InitTick &rArr; HAL_NVIC_SetPriority &rArr; __NVIC_SetPriority
</UL>
<BR>[Calls]<UL><LI><a href="#[b1]">&gt;&gt;</a>&nbsp;&nbsp;&nbsp;HAL_SYSTICK_Config
<LI><a href="#[a5]">&gt;&gt;</a>&nbsp;&nbsp;&nbsp;HAL_NVIC_SetPriority
</UL>
<BR>[Called By]<UL><LI><a href="#[b4]">&gt;&gt;</a>&nbsp;&nbsp;&nbsp;HAL_RCC_ClockConfig
<LI><a href="#[ad]">&gt;&gt;</a>&nbsp;&nbsp;&nbsp;HAL_Init
</UL>

<P><STRONG><a name="[b0]"></a>HAL_MspInit</STRONG> (Thumb, 2 bytes, Stack size 0 bytes, stm32f4xx_hal.o(i.HAL_MspInit))
<BR><BR>[Called By]<UL><LI><a href="#[ad]">&gt;&gt;</a>&nbsp;&nbsp;&nbsp;HAL_Init
</UL>

<P><STRONG><a name="[a4]"></a>HAL_NVIC_EnableIRQ</STRONG> (Thumb, 32 bytes, Stack size 0 bytes, stm32f4xx_hal_cortex.o(i.HAL_NVIC_EnableIRQ))
<BR><BR>[Called By]<UL><LI><a href="#[d5]">&gt;&gt;</a>&nbsp;&nbsp;&nbsp;Temp_thread_periph_init
<LI><a href="#[98]">&gt;&gt;</a>&nbsp;&nbsp;&nbsp;acc_init
<LI><a href="#[9c]">&gt;&gt;</a>&nbsp;&nbsp;&nbsp;Disp_thread_periph_init
<LI><a href="#[c7]">&gt;&gt;</a>&nbsp;&nbsp;&nbsp;Kp_thread_periph_init
</UL>

<P><STRONG><a name="[a5]"></a>HAL_NVIC_SetPriority</STRONG> (Thumb, 124 bytes, Stack size 40 bytes, stm32f4xx_hal_cortex.o(i.HAL_NVIC_SetPriority))
<BR><BR>[Stack]<UL><LI>Max Depth = 48<LI>Call Chain = HAL_NVIC_SetPriority &rArr; __NVIC_SetPriority
</UL>
<BR>[Calls]<UL><LI><a href="#[b3]">&gt;&gt;</a>&nbsp;&nbsp;&nbsp;__NVIC_SetPriority
<LI><a href="#[b2]">&gt;&gt;</a>&nbsp;&nbsp;&nbsp;__NVIC_GetPriorityGrouping
</UL>
<BR>[Called By]<UL><LI><a href="#[d5]">&gt;&gt;</a>&nbsp;&nbsp;&nbsp;Temp_thread_periph_init
<LI><a href="#[98]">&gt;&gt;</a>&nbsp;&nbsp;&nbsp;acc_init
<LI><a href="#[d2]">&gt;&gt;</a>&nbsp;&nbsp;&nbsp;SystemClock_Config
<LI><a href="#[af]">&gt;&gt;</a>&nbsp;&nbsp;&nbsp;HAL_InitTick
<LI><a href="#[9c]">&gt;&gt;</a>&nbsp;&nbsp;&nbsp;Disp_thread_periph_init
<LI><a href="#[c7]">&gt;&gt;</a>&nbsp;&nbsp;&nbsp;Kp_thread_periph_init
</UL>

<P><STRONG><a name="[ae]"></a>HAL_NVIC_SetPriorityGrouping</STRONG> (Thumb, 32 bytes, Stack size 0 bytes, stm32f4xx_hal_cortex.o(i.HAL_NVIC_SetPriorityGrouping))
<BR><BR>[Called By]<UL><LI><a href="#[ad]">&gt;&gt;</a>&nbsp;&nbsp;&nbsp;HAL_Init
</UL>

<P><STRONG><a name="[b4]"></a>HAL_RCC_ClockConfig</STRONG> (Thumb, 446 bytes, Stack size 16 bytes, stm32f4xx_hal_rcc.o(i.HAL_RCC_ClockConfig))
<BR><BR>[Stack]<UL><LI>Max Depth = 80<LI>Call Chain = HAL_RCC_ClockConfig &rArr; HAL_InitTick &rArr; HAL_NVIC_SetPriority &rArr; __NVIC_SetPriority
</UL>
<BR>[Calls]<UL><LI><a href="#[af]">&gt;&gt;</a>&nbsp;&nbsp;&nbsp;HAL_InitTick
<LI><a href="#[aa]">&gt;&gt;</a>&nbsp;&nbsp;&nbsp;HAL_GetTick
<LI><a href="#[b5]">&gt;&gt;</a>&nbsp;&nbsp;&nbsp;HAL_RCC_GetSysClockFreq
</UL>
<BR>[Called By]<UL><LI><a href="#[d2]">&gt;&gt;</a>&nbsp;&nbsp;&nbsp;SystemClock_Config
</UL>

<P><STRONG><a name="[d3]"></a>HAL_RCC_GetHCLKFreq</STRONG> (Thumb, 6 bytes, Stack size 0 bytes, stm32f4xx_hal_rcc.o(i.HAL_RCC_GetHCLKFreq))
<BR><BR>[Called By]<UL><LI><a href="#[d2]">&gt;&gt;</a>&nbsp;&nbsp;&nbsp;SystemClock_Config
</UL>

<P><STRONG><a name="[b5]"></a>HAL_RCC_GetSysClockFreq</STRONG> (Thumb, 168 bytes, Stack size 16 bytes, stm32f4xx_hal_rcc.o(i.HAL_RCC_GetSysClockFreq))
<BR><BR>[Stack]<UL><LI>Max Depth = 16<LI>Call Chain = HAL_RCC_GetSysClockFreq
</UL>
<BR>[Called By]<UL><LI><a href="#[b4]">&gt;&gt;</a>&nbsp;&nbsp;&nbsp;HAL_RCC_ClockConfig
</UL>

<P><STRONG><a name="[b6]"></a>HAL_RCC_OscConfig</STRONG> (Thumb, 914 bytes, Stack size 16 bytes, stm32f4xx_hal_rcc.o(i.HAL_RCC_OscConfig))
<BR><BR>[Stack]<UL><LI>Max Depth = 16<LI>Call Chain = HAL_RCC_OscConfig
</UL>
<BR>[Calls]<UL><LI><a href="#[aa]">&gt;&gt;</a>&nbsp;&nbsp;&nbsp;HAL_GetTick
</UL>
<BR>[Called By]<UL><LI><a href="#[d2]">&gt;&gt;</a>&nbsp;&nbsp;&nbsp;SystemClock_Config
</UL>

<P><STRONG><a name="[b7]"></a>HAL_SPI_DeInit</STRONG> (Thumb, 54 bytes, Stack size 8 bytes, stm32f4xx_hal_spi.o(i.HAL_SPI_DeInit))
<BR><BR>[Stack]<UL><LI>Max Depth = 8<LI>Call Chain = HAL_SPI_DeInit
</UL>
<BR>[Calls]<UL><LI><a href="#[b8]">&gt;&gt;</a>&nbsp;&nbsp;&nbsp;HAL_SPI_MspDeInit
</UL>
<BR>[Called By]<UL><LI><a href="#[cd]">&gt;&gt;</a>&nbsp;&nbsp;&nbsp;LIS3DSH_Init
</UL>

<P><STRONG><a name="[b9]"></a>HAL_SPI_Init</STRONG> (Thumb, 140 bytes, Stack size 8 bytes, stm32f4xx_hal_spi.o(i.HAL_SPI_Init))
<BR><BR>[Stack]<UL><LI>Max Depth = 64<LI>Call Chain = HAL_SPI_Init &rArr; HAL_SPI_MspInit &rArr; HAL_GPIO_Init
</UL>
<BR>[Calls]<UL><LI><a href="#[ba]">&gt;&gt;</a>&nbsp;&nbsp;&nbsp;HAL_SPI_MspInit
</UL>
<BR>[Called By]<UL><LI><a href="#[cd]">&gt;&gt;</a>&nbsp;&nbsp;&nbsp;LIS3DSH_Init
</UL>

<P><STRONG><a name="[b8]"></a>HAL_SPI_MspDeInit</STRONG> (Thumb, 2 bytes, Stack size 0 bytes, stm32f4xx_hal_spi.o(i.HAL_SPI_MspDeInit))
<BR><BR>[Called By]<UL><LI><a href="#[b7]">&gt;&gt;</a>&nbsp;&nbsp;&nbsp;HAL_SPI_DeInit
</UL>

<P><STRONG><a name="[ba]"></a>HAL_SPI_MspInit</STRONG> (Thumb, 218 bytes, Stack size 32 bytes, lis3dsh.o(i.HAL_SPI_MspInit))
<BR><BR>[Stack]<UL><LI>Max Depth = 56<LI>Call Chain = HAL_SPI_MspInit &rArr; HAL_GPIO_Init
</UL>
<BR>[Calls]<UL><LI><a href="#[bc]">&gt;&gt;</a>&nbsp;&nbsp;&nbsp;HAL_GPIO_WritePin
<LI><a href="#[bb]">&gt;&gt;</a>&nbsp;&nbsp;&nbsp;HAL_GPIO_Init
</UL>
<BR>[Called By]<UL><LI><a href="#[b9]">&gt;&gt;</a>&nbsp;&nbsp;&nbsp;HAL_SPI_Init
</UL>

<P><STRONG><a name="[d4]"></a>HAL_SYSTICK_CLKSourceConfig</STRONG> (Thumb, 40 bytes, Stack size 0 bytes, stm32f4xx_hal_cortex.o(i.HAL_SYSTICK_CLKSourceConfig))
<BR><BR>[Called By]<UL><LI><a href="#[d2]">&gt;&gt;</a>&nbsp;&nbsp;&nbsp;SystemClock_Config
</UL>

<P><STRONG><a name="[b1]"></a>HAL_SYSTICK_Config</STRONG> (Thumb, 52 bytes, Stack size 16 bytes, stm32f4xx_hal_cortex.o(i.HAL_SYSTICK_Config))
<BR><BR>[Stack]<UL><LI>Max Depth = 24<LI>Call Chain = HAL_SYSTICK_Config &rArr; __NVIC_SetPriority
</UL>
<BR>[Calls]<UL><LI><a href="#[b3]">&gt;&gt;</a>&nbsp;&nbsp;&nbsp;__NVIC_SetPriority
</UL>
<BR>[Called By]<UL><LI><a href="#[d2]">&gt;&gt;</a>&nbsp;&nbsp;&nbsp;SystemClock_Config
<LI><a href="#[af]">&gt;&gt;</a>&nbsp;&nbsp;&nbsp;HAL_InitTick
</UL>

<P><STRONG><a name="[c4]"></a>HAL_TIMEx_BreakCallback</STRONG> (Thumb, 2 bytes, Stack size 0 bytes, stm32f4xx_hal_tim_ex.o(i.HAL_TIMEx_BreakCallback))
<BR><BR>[Called By]<UL><LI><a href="#[bf]">&gt;&gt;</a>&nbsp;&nbsp;&nbsp;HAL_TIM_IRQHandler
</UL>

<P><STRONG><a name="[c6]"></a>HAL_TIMEx_CommutationCallback</STRONG> (Thumb, 2 bytes, Stack size 0 bytes, stm32f4xx_hal_tim_ex.o(i.HAL_TIMEx_CommutationCallback))
<BR><BR>[Called By]<UL><LI><a href="#[bf]">&gt;&gt;</a>&nbsp;&nbsp;&nbsp;HAL_TIM_IRQHandler
</UL>

<P><STRONG><a name="[a2]"></a>HAL_TIM_Base_Init</STRONG> (Thumb, 52 bytes, Stack size 8 bytes, stm32f4xx_hal_tim.o(i.HAL_TIM_Base_Init))
<BR><BR>[Stack]<UL><LI>Max Depth = 8<LI>Call Chain = HAL_TIM_Base_Init
</UL>
<BR>[Calls]<UL><LI><a href="#[bd]">&gt;&gt;</a>&nbsp;&nbsp;&nbsp;HAL_TIM_Base_MspInit
<LI><a href="#[be]">&gt;&gt;</a>&nbsp;&nbsp;&nbsp;TIM_Base_SetConfig
</UL>
<BR>[Called By]<UL><LI><a href="#[d5]">&gt;&gt;</a>&nbsp;&nbsp;&nbsp;Temp_thread_periph_init
<LI><a href="#[9c]">&gt;&gt;</a>&nbsp;&nbsp;&nbsp;Disp_thread_periph_init
<LI><a href="#[c7]">&gt;&gt;</a>&nbsp;&nbsp;&nbsp;Kp_thread_periph_init
</UL>

<P><STRONG><a name="[bd]"></a>HAL_TIM_Base_MspInit</STRONG> (Thumb, 2 bytes, Stack size 0 bytes, stm32f4xx_hal_tim.o(i.HAL_TIM_Base_MspInit))
<BR><BR>[Called By]<UL><LI><a href="#[a2]">&gt;&gt;</a>&nbsp;&nbsp;&nbsp;HAL_TIM_Base_Init
</UL>

<P><STRONG><a name="[a3]"></a>HAL_TIM_Base_Start_IT</STRONG> (Thumb, 30 bytes, Stack size 0 bytes, stm32f4xx_hal_tim.o(i.HAL_TIM_Base_Start_IT))
<BR><BR>[Called By]<UL><LI><a href="#[d5]">&gt;&gt;</a>&nbsp;&nbsp;&nbsp;Temp_thread_periph_init
<LI><a href="#[9c]">&gt;&gt;</a>&nbsp;&nbsp;&nbsp;Disp_thread_periph_init
<LI><a href="#[c7]">&gt;&gt;</a>&nbsp;&nbsp;&nbsp;Kp_thread_periph_init
</UL>

<P><STRONG><a name="[c0]"></a>HAL_TIM_IC_CaptureCallback</STRONG> (Thumb, 2 bytes, Stack size 0 bytes, stm32f4xx_hal_tim.o(i.HAL_TIM_IC_CaptureCallback))
<BR><BR>[Called By]<UL><LI><a href="#[bf]">&gt;&gt;</a>&nbsp;&nbsp;&nbsp;HAL_TIM_IRQHandler
</UL>

<P><STRONG><a name="[bf]"></a>HAL_TIM_IRQHandler</STRONG> (Thumb, 406 bytes, Stack size 8 bytes, stm32f4xx_hal_tim.o(i.HAL_TIM_IRQHandler))
<BR><BR>[Stack]<UL><LI>Max Depth = 56<LI>Call Chain = HAL_TIM_IRQHandler &rArr; HAL_TIM_PeriodElapsedCallback &rArr; osSignalSet &rArr; isrSignalSet &rArr; isr_evt_set &rArr; rt_psq_enq
</UL>
<BR>[Calls]<UL><LI><a href="#[c3]">&gt;&gt;</a>&nbsp;&nbsp;&nbsp;HAL_TIM_PeriodElapsedCallback
<LI><a href="#[c5]">&gt;&gt;</a>&nbsp;&nbsp;&nbsp;HAL_TIM_TriggerCallback
<LI><a href="#[c2]">&gt;&gt;</a>&nbsp;&nbsp;&nbsp;HAL_TIM_PWM_PulseFinishedCallback
<LI><a href="#[c1]">&gt;&gt;</a>&nbsp;&nbsp;&nbsp;HAL_TIM_OC_DelayElapsedCallback
<LI><a href="#[c0]">&gt;&gt;</a>&nbsp;&nbsp;&nbsp;HAL_TIM_IC_CaptureCallback
<LI><a href="#[c6]">&gt;&gt;</a>&nbsp;&nbsp;&nbsp;HAL_TIMEx_CommutationCallback
<LI><a href="#[c4]">&gt;&gt;</a>&nbsp;&nbsp;&nbsp;HAL_TIMEx_BreakCallback
</UL>
<BR>[Called By]<UL><LI><a href="#[3d]">&gt;&gt;</a>&nbsp;&nbsp;&nbsp;TIM5_IRQHandler
<LI><a href="#[29]">&gt;&gt;</a>&nbsp;&nbsp;&nbsp;TIM4_IRQHandler
<LI><a href="#[28]">&gt;&gt;</a>&nbsp;&nbsp;&nbsp;TIM3_IRQHandler
</UL>

<P><STRONG><a name="[c1]"></a>HAL_TIM_OC_DelayElapsedCallback</STRONG> (Thumb, 2 bytes, Stack size 0 bytes, stm32f4xx_hal_tim.o(i.HAL_TIM_OC_DelayElapsedCallback))
<BR><BR>[Called By]<UL><LI><a href="#[bf]">&gt;&gt;</a>&nbsp;&nbsp;&nbsp;HAL_TIM_IRQHandler
</UL>

<P><STRONG><a name="[c2]"></a>HAL_TIM_PWM_PulseFinishedCallback</STRONG> (Thumb, 2 bytes, Stack size 0 bytes, stm32f4xx_hal_tim.o(i.HAL_TIM_PWM_PulseFinishedCallback))
<BR><BR>[Called By]<UL><LI><a href="#[bf]">&gt;&gt;</a>&nbsp;&nbsp;&nbsp;HAL_TIM_IRQHandler
</UL>

<P><STRONG><a name="[c3]"></a>HAL_TIM_PeriodElapsedCallback</STRONG> (Thumb, 64 bytes, Stack size 8 bytes, timer.o(i.HAL_TIM_PeriodElapsedCallback))
<BR><BR>[Stack]<UL><LI>Max Depth = 48<LI>Call Chain = HAL_TIM_PeriodElapsedCallback &rArr; osSignalSet &rArr; isrSignalSet &rArr; isr_evt_set &rArr; rt_psq_enq
</UL>
<BR>[Calls]<UL><LI><a href="#[ac]">&gt;&gt;</a>&nbsp;&nbsp;&nbsp;osSignalSet
</UL>
<BR>[Called By]<UL><LI><a href="#[bf]">&gt;&gt;</a>&nbsp;&nbsp;&nbsp;HAL_TIM_IRQHandler
</UL>

<P><STRONG><a name="[c5]"></a>HAL_TIM_TriggerCallback</STRONG> (Thumb, 2 bytes, Stack size 0 bytes, stm32f4xx_hal_tim.o(i.HAL_TIM_TriggerCallback))
<BR><BR>[Called By]<UL><LI><a href="#[bf]">&gt;&gt;</a>&nbsp;&nbsp;&nbsp;HAL_TIM_IRQHandler
</UL>

<P><STRONG><a name="[3]"></a>HardFault_Handler</STRONG> (Thumb, 4 bytes, Stack size 0 bytes, stm32f4xx_it.o(i.HardFault_Handler))
<BR>[Address Reference Count : 1]<UL><LI> startup_stm32f407xx.o(RESET)
</UL>
<P><STRONG><a name="[129]"></a>ITM_SendChar</STRONG> (Thumb, 42 bytes, Stack size 0 bytes, retarget_io.o(i.ITM_SendChar))
<BR><BR>[Called By]<UL><LI><a href="#[ea]">&gt;&gt;</a>&nbsp;&nbsp;&nbsp;stdout_putchar
</UL>

<P><STRONG><a name="[94]"></a>Kalmanfilter_C</STRONG> (Thumb, 170 bytes, Stack size 0 bytes, kalman.o(i.Kalmanfilter_C))
<BR><BR>[Called By]<UL><LI><a href="#[71]">&gt;&gt;</a>&nbsp;&nbsp;&nbsp;Temp_thread
<LI><a href="#[70]">&gt;&gt;</a>&nbsp;&nbsp;&nbsp;Acc_thread
</UL>

<P><STRONG><a name="[72]"></a>Kp_thread</STRONG> (Thumb, 148 bytes, Stack size 16 bytes, kp_thread.o(i.Kp_thread))
<BR><BR>[Stack]<UL><LI>Max Depth = 72<LI>Call Chain = Kp_thread &rArr; Kp_thread_periph_init &rArr; HAL_NVIC_SetPriority &rArr; __NVIC_SetPriority
</UL>
<BR>[Calls]<UL><LI><a href="#[c8]">&gt;&gt;</a>&nbsp;&nbsp;&nbsp;keypad_read
<LI><a href="#[91]">&gt;&gt;</a>&nbsp;&nbsp;&nbsp;osSignalWait
<LI><a href="#[93]">&gt;&gt;</a>&nbsp;&nbsp;&nbsp;osMutexWait
<LI><a href="#[97]">&gt;&gt;</a>&nbsp;&nbsp;&nbsp;osMutexRelease
<LI><a href="#[c7]">&gt;&gt;</a>&nbsp;&nbsp;&nbsp;Kp_thread_periph_init
<LI><a href="#[a8]">&gt;&gt;</a>&nbsp;&nbsp;&nbsp;__2printf
</UL>
<BR>[Address Reference Count : 1]<UL><LI> kp_thread.o(.constdata)
</UL>
<P><STRONG><a name="[c7]"></a>Kp_thread_periph_init</STRONG> (Thumb, 116 bytes, Stack size 8 bytes, kp_thread.o(i.Kp_thread_periph_init))
<BR><BR>[Stack]<UL><LI>Max Depth = 56<LI>Call Chain = Kp_thread_periph_init &rArr; HAL_NVIC_SetPriority &rArr; __NVIC_SetPriority
</UL>
<BR>[Calls]<UL><LI><a href="#[c9]">&gt;&gt;</a>&nbsp;&nbsp;&nbsp;keypad_init
<LI><a href="#[a3]">&gt;&gt;</a>&nbsp;&nbsp;&nbsp;HAL_TIM_Base_Start_IT
<LI><a href="#[a2]">&gt;&gt;</a>&nbsp;&nbsp;&nbsp;HAL_TIM_Base_Init
<LI><a href="#[a4]">&gt;&gt;</a>&nbsp;&nbsp;&nbsp;HAL_NVIC_EnableIRQ
<LI><a href="#[9b]">&gt;&gt;</a>&nbsp;&nbsp;&nbsp;osMutexCreate
<LI><a href="#[a5]">&gt;&gt;</a>&nbsp;&nbsp;&nbsp;HAL_NVIC_SetPriority
</UL>
<BR>[Called By]<UL><LI><a href="#[72]">&gt;&gt;</a>&nbsp;&nbsp;&nbsp;Kp_thread
</UL>

<P><STRONG><a name="[ca]"></a>LIS3DSH_DataReadyInterruptConfig</STRONG> (Thumb, 42 bytes, Stack size 16 bytes, lis3dsh.o(i.LIS3DSH_DataReadyInterruptConfig))
<BR><BR>[Stack]<UL><LI>Max Depth = 36<LI>Call Chain = LIS3DSH_DataReadyInterruptConfig &rArr; LIS3DSH_Write &rArr; LIS3DSH_SendByte
</UL>
<BR>[Calls]<UL><LI><a href="#[cc]">&gt;&gt;</a>&nbsp;&nbsp;&nbsp;LIS3DSH_Write
<LI><a href="#[cb]">&gt;&gt;</a>&nbsp;&nbsp;&nbsp;LIS3DSH_Read
</UL>
<BR>[Called By]<UL><LI><a href="#[98]">&gt;&gt;</a>&nbsp;&nbsp;&nbsp;acc_init
</UL>

<P><STRONG><a name="[cd]"></a>LIS3DSH_Init</STRONG> (Thumb, 170 bytes, Stack size 16 bytes, lis3dsh.o(i.LIS3DSH_Init))
<BR><BR>[Stack]<UL><LI>Max Depth = 80<LI>Call Chain = LIS3DSH_Init &rArr; HAL_SPI_Init &rArr; HAL_SPI_MspInit &rArr; HAL_GPIO_Init
</UL>
<BR>[Calls]<UL><LI><a href="#[b9]">&gt;&gt;</a>&nbsp;&nbsp;&nbsp;HAL_SPI_Init
<LI><a href="#[b7]">&gt;&gt;</a>&nbsp;&nbsp;&nbsp;HAL_SPI_DeInit
<LI><a href="#[cc]">&gt;&gt;</a>&nbsp;&nbsp;&nbsp;LIS3DSH_Write
<LI><a href="#[a8]">&gt;&gt;</a>&nbsp;&nbsp;&nbsp;__2printf
</UL>
<BR>[Called By]<UL><LI><a href="#[98]">&gt;&gt;</a>&nbsp;&nbsp;&nbsp;acc_init
</UL>

<P><STRONG><a name="[cb]"></a>LIS3DSH_Read</STRONG> (Thumb, 70 bytes, Stack size 16 bytes, lis3dsh.o(i.LIS3DSH_Read))
<BR><BR>[Stack]<UL><LI>Max Depth = 20<LI>Call Chain = LIS3DSH_Read &rArr; LIS3DSH_SendByte
</UL>
<BR>[Calls]<UL><LI><a href="#[bc]">&gt;&gt;</a>&nbsp;&nbsp;&nbsp;HAL_GPIO_WritePin
<LI><a href="#[ce]">&gt;&gt;</a>&nbsp;&nbsp;&nbsp;LIS3DSH_SendByte
</UL>
<BR>[Called By]<UL><LI><a href="#[ca]">&gt;&gt;</a>&nbsp;&nbsp;&nbsp;LIS3DSH_DataReadyInterruptConfig
<LI><a href="#[92]">&gt;&gt;</a>&nbsp;&nbsp;&nbsp;LIS3DSH_ReadACC
</UL>

<P><STRONG><a name="[92]"></a>LIS3DSH_ReadACC</STRONG> (Thumb, 538 bytes, Stack size 64 bytes, lis3dsh.o(i.LIS3DSH_ReadACC))
<BR><BR>[Stack]<UL><LI>Max Depth = 152<LI>Call Chain = LIS3DSH_ReadACC &rArr; __aeabi_dmul &rArr; _double_epilogue &rArr; _double_round
</UL>
<BR>[Calls]<UL><LI><a href="#[9e]">&gt;&gt;</a>&nbsp;&nbsp;&nbsp;__aeabi_f2d
<LI><a href="#[82]">&gt;&gt;</a>&nbsp;&nbsp;&nbsp;__aeabi_dmul
<LI><a href="#[86]">&gt;&gt;</a>&nbsp;&nbsp;&nbsp;__aeabi_d2f
<LI><a href="#[cb]">&gt;&gt;</a>&nbsp;&nbsp;&nbsp;LIS3DSH_Read
</UL>
<BR>[Called By]<UL><LI><a href="#[99]">&gt;&gt;</a>&nbsp;&nbsp;&nbsp;acc_calibrate
<LI><a href="#[70]">&gt;&gt;</a>&nbsp;&nbsp;&nbsp;Acc_thread
</UL>

<P><STRONG><a name="[cf]"></a>LIS3DSH_TIMEOUT_UserCallback</STRONG> (Thumb, 4 bytes, Stack size 0 bytes, lis3dsh.o(i.LIS3DSH_TIMEOUT_UserCallback))
<BR><BR>[Called By]<UL><LI><a href="#[ce]">&gt;&gt;</a>&nbsp;&nbsp;&nbsp;LIS3DSH_SendByte
</UL>

<P><STRONG><a name="[cc]"></a>LIS3DSH_Write</STRONG> (Thumb, 62 bytes, Stack size 16 bytes, lis3dsh.o(i.LIS3DSH_Write))
<BR><BR>[Stack]<UL><LI>Max Depth = 20<LI>Call Chain = LIS3DSH_Write &rArr; LIS3DSH_SendByte
</UL>
<BR>[Calls]<UL><LI><a href="#[bc]">&gt;&gt;</a>&nbsp;&nbsp;&nbsp;HAL_GPIO_WritePin
<LI><a href="#[ce]">&gt;&gt;</a>&nbsp;&nbsp;&nbsp;LIS3DSH_SendByte
</UL>
<BR>[Called By]<UL><LI><a href="#[cd]">&gt;&gt;</a>&nbsp;&nbsp;&nbsp;LIS3DSH_Init
<LI><a href="#[ca]">&gt;&gt;</a>&nbsp;&nbsp;&nbsp;LIS3DSH_DataReadyInterruptConfig
</UL>

<P><STRONG><a name="[4]"></a>MemManage_Handler</STRONG> (Thumb, 4 bytes, Stack size 0 bytes, stm32f4xx_it.o(i.MemManage_Handler))
<BR>[Address Reference Count : 1]<UL><LI> startup_stm32f407xx.o(RESET)
</UL>
<P><STRONG><a name="[2]"></a>NMI_Handler</STRONG> (Thumb, 2 bytes, Stack size 0 bytes, stm32f4xx_it.o(i.NMI_Handler))
<BR>[Address Reference Count : 1]<UL><LI> startup_stm32f407xx.o(RESET)
</UL>
<P><STRONG><a name="[d1]"></a>SPI_ReceiveData</STRONG> (Thumb, 10 bytes, Stack size 0 bytes, lis3dsh.o(i.SPI_ReceiveData))
<BR><BR>[Called By]<UL><LI><a href="#[ce]">&gt;&gt;</a>&nbsp;&nbsp;&nbsp;LIS3DSH_SendByte
</UL>

<P><STRONG><a name="[d0]"></a>SPI_SendData</STRONG> (Thumb, 6 bytes, Stack size 0 bytes, lis3dsh.o(i.SPI_SendData))
<BR><BR>[Called By]<UL><LI><a href="#[ce]">&gt;&gt;</a>&nbsp;&nbsp;&nbsp;LIS3DSH_SendByte
</UL>

<P><STRONG><a name="[d2]"></a>SystemClock_Config</STRONG> (Thumb, 192 bytes, Stack size 80 bytes, sysclk_config.o(i.SystemClock_Config))
<BR><BR>[Stack]<UL><LI>Max Depth = 160<LI>Call Chain = SystemClock_Config &rArr; HAL_RCC_ClockConfig &rArr; HAL_InitTick &rArr; HAL_NVIC_SetPriority &rArr; __NVIC_SetPriority
</UL>
<BR>[Calls]<UL><LI><a href="#[b1]">&gt;&gt;</a>&nbsp;&nbsp;&nbsp;HAL_SYSTICK_Config
<LI><a href="#[d4]">&gt;&gt;</a>&nbsp;&nbsp;&nbsp;HAL_SYSTICK_CLKSourceConfig
<LI><a href="#[b6]">&gt;&gt;</a>&nbsp;&nbsp;&nbsp;HAL_RCC_OscConfig
<LI><a href="#[d3]">&gt;&gt;</a>&nbsp;&nbsp;&nbsp;HAL_RCC_GetHCLKFreq
<LI><a href="#[b4]">&gt;&gt;</a>&nbsp;&nbsp;&nbsp;HAL_RCC_ClockConfig
<LI><a href="#[a5]">&gt;&gt;</a>&nbsp;&nbsp;&nbsp;HAL_NVIC_SetPriority
<LI><a href="#[a7]">&gt;&gt;</a>&nbsp;&nbsp;&nbsp;Error_Handler
</UL>
<BR>[Called By]<UL><LI><a href="#[75]">&gt;&gt;</a>&nbsp;&nbsp;&nbsp;main
</UL>

<P><STRONG><a name="[5e]"></a>SystemInit</STRONG> (Thumb, 82 bytes, Stack size 0 bytes, system_stm32f4xx.o(i.SystemInit))
<BR>[Address Reference Count : 1]<UL><LI> startup_stm32f407xx.o(.text)
</UL>
<P><STRONG><a name="[28]"></a>TIM3_IRQHandler</STRONG> (Thumb, 10 bytes, Stack size 8 bytes, stm32f4xx_it.o(i.TIM3_IRQHandler))
<BR><BR>[Stack]<UL><LI>Max Depth = 64<LI>Call Chain = TIM3_IRQHandler &rArr; HAL_TIM_IRQHandler &rArr; HAL_TIM_PeriodElapsedCallback &rArr; osSignalSet &rArr; isrSignalSet &rArr; isr_evt_set &rArr; rt_psq_enq
</UL>
<BR>[Calls]<UL><LI><a href="#[bf]">&gt;&gt;</a>&nbsp;&nbsp;&nbsp;HAL_TIM_IRQHandler
</UL>
<BR>[Address Reference Count : 1]<UL><LI> startup_stm32f407xx.o(RESET)
</UL>
<P><STRONG><a name="[29]"></a>TIM4_IRQHandler</STRONG> (Thumb, 10 bytes, Stack size 8 bytes, stm32f4xx_it.o(i.TIM4_IRQHandler))
<BR><BR>[Stack]<UL><LI>Max Depth = 64<LI>Call Chain = TIM4_IRQHandler &rArr; HAL_TIM_IRQHandler &rArr; HAL_TIM_PeriodElapsedCallback &rArr; osSignalSet &rArr; isrSignalSet &rArr; isr_evt_set &rArr; rt_psq_enq
</UL>
<BR>[Calls]<UL><LI><a href="#[bf]">&gt;&gt;</a>&nbsp;&nbsp;&nbsp;HAL_TIM_IRQHandler
</UL>
<BR>[Address Reference Count : 1]<UL><LI> startup_stm32f407xx.o(RESET)
</UL>
<P><STRONG><a name="[3d]"></a>TIM5_IRQHandler</STRONG> (Thumb, 10 bytes, Stack size 8 bytes, stm32f4xx_it.o(i.TIM5_IRQHandler))
<BR><BR>[Stack]<UL><LI>Max Depth = 64<LI>Call Chain = TIM5_IRQHandler &rArr; HAL_TIM_IRQHandler &rArr; HAL_TIM_PeriodElapsedCallback &rArr; osSignalSet &rArr; isrSignalSet &rArr; isr_evt_set &rArr; rt_psq_enq
</UL>
<BR>[Calls]<UL><LI><a href="#[bf]">&gt;&gt;</a>&nbsp;&nbsp;&nbsp;HAL_TIM_IRQHandler
</UL>
<BR>[Address Reference Count : 1]<UL><LI> startup_stm32f407xx.o(RESET)
</UL>
<P><STRONG><a name="[be]"></a>TIM_Base_SetConfig</STRONG> (Thumb, 184 bytes, Stack size 0 bytes, stm32f4xx_hal_tim.o(i.TIM_Base_SetConfig))
<BR><BR>[Called By]<UL><LI><a href="#[a2]">&gt;&gt;</a>&nbsp;&nbsp;&nbsp;HAL_TIM_Base_Init
</UL>

<P><STRONG><a name="[71]"></a>Temp_thread</STRONG> (Thumb, 66 bytes, Stack size 24 bytes, temp_thread.o(i.Temp_thread))
<BR><BR>[Stack]<UL><LI>Max Depth = 160<LI>Call Chain = Temp_thread &rArr; Temp_thread_periph_init &rArr; adc_Temp_Init &rArr; HAL_GPIO_Init
</UL>
<BR>[Calls]<UL><LI><a href="#[d6]">&gt;&gt;</a>&nbsp;&nbsp;&nbsp;get_Data_Sensor
<LI><a href="#[d5]">&gt;&gt;</a>&nbsp;&nbsp;&nbsp;Temp_thread_periph_init
<LI><a href="#[91]">&gt;&gt;</a>&nbsp;&nbsp;&nbsp;osSignalWait
<LI><a href="#[93]">&gt;&gt;</a>&nbsp;&nbsp;&nbsp;osMutexWait
<LI><a href="#[97]">&gt;&gt;</a>&nbsp;&nbsp;&nbsp;osMutexRelease
<LI><a href="#[94]">&gt;&gt;</a>&nbsp;&nbsp;&nbsp;Kalmanfilter_C
</UL>
<BR>[Address Reference Count : 1]<UL><LI> temp_thread.o(.constdata)
</UL>
<P><STRONG><a name="[d5]"></a>Temp_thread_periph_init</STRONG> (Thumb, 136 bytes, Stack size 8 bytes, temp_thread.o(i.Temp_thread_periph_init))
<BR><BR>[Stack]<UL><LI>Max Depth = 136<LI>Call Chain = Temp_thread_periph_init &rArr; adc_Temp_Init &rArr; HAL_GPIO_Init
</UL>
<BR>[Calls]<UL><LI><a href="#[d7]">&gt;&gt;</a>&nbsp;&nbsp;&nbsp;adc_Temp_Init
<LI><a href="#[a3]">&gt;&gt;</a>&nbsp;&nbsp;&nbsp;HAL_TIM_Base_Start_IT
<LI><a href="#[a2]">&gt;&gt;</a>&nbsp;&nbsp;&nbsp;HAL_TIM_Base_Init
<LI><a href="#[a4]">&gt;&gt;</a>&nbsp;&nbsp;&nbsp;HAL_NVIC_EnableIRQ
<LI><a href="#[9b]">&gt;&gt;</a>&nbsp;&nbsp;&nbsp;osMutexCreate
<LI><a href="#[9a]">&gt;&gt;</a>&nbsp;&nbsp;&nbsp;kalman_init
<LI><a href="#[a5]">&gt;&gt;</a>&nbsp;&nbsp;&nbsp;HAL_NVIC_SetPriority
</UL>
<BR>[Called By]<UL><LI><a href="#[71]">&gt;&gt;</a>&nbsp;&nbsp;&nbsp;Temp_thread
</UL>

<P><STRONG><a name="[6]"></a>UsageFault_Handler</STRONG> (Thumb, 4 bytes, Stack size 0 bytes, stm32f4xx_it.o(i.UsageFault_Handler))
<BR>[Address Reference Count : 1]<UL><LI> startup_stm32f407xx.o(RESET)
</UL>
<P><STRONG><a name="[d8]"></a>__0printf$bare</STRONG> (Thumb, 8 bytes, Stack size 0 bytes, printfb.o(i.__0printf$bare), UNUSED)
<BR><BR>[Calls]<UL><LI><a href="#[d9]">&gt;&gt;</a>&nbsp;&nbsp;&nbsp;_printf_core
</UL>

<P><STRONG><a name="[147]"></a>__1printf$bare</STRONG> (Thumb, 0 bytes, Stack size 0 bytes, printfb.o(i.__0printf$bare), UNUSED)

<P><STRONG><a name="[a8]"></a>__2printf</STRONG> (Thumb, 0 bytes, Stack size 0 bytes, printfb.o(i.__0printf$bare))
<BR><BR>[Called By]<UL><LI><a href="#[c9]">&gt;&gt;</a>&nbsp;&nbsp;&nbsp;keypad_init
<LI><a href="#[cd]">&gt;&gt;</a>&nbsp;&nbsp;&nbsp;LIS3DSH_Init
<LI><a href="#[99]">&gt;&gt;</a>&nbsp;&nbsp;&nbsp;acc_calibrate
<LI><a href="#[a7]">&gt;&gt;</a>&nbsp;&nbsp;&nbsp;Error_Handler
<LI><a href="#[72]">&gt;&gt;</a>&nbsp;&nbsp;&nbsp;Kp_thread
</UL>

<P><STRONG><a name="[dc]"></a>__ARM_fpclassify</STRONG> (Thumb, 48 bytes, Stack size 8 bytes, fpclassify.o(i.__ARM_fpclassify))
<BR><BR>[Stack]<UL><LI>Max Depth = 8<LI>Call Chain = __ARM_fpclassify
</UL>
<BR>[Called By]<UL><LI><a href="#[da]">&gt;&gt;</a>&nbsp;&nbsp;&nbsp;__hardfp_atan
</UL>

<P><STRONG><a name="[da]"></a>__hardfp_atan</STRONG> (Thumb, 622 bytes, Stack size 48 bytes, atan.o(i.__hardfp_atan))
<BR><BR>[Stack]<UL><LI>Max Depth = 160<LI>Call Chain = __hardfp_atan &rArr; __kernel_poly &rArr; __aeabi_dmul &rArr; _double_epilogue &rArr; _double_round
</UL>
<BR>[Calls]<UL><LI><a href="#[84]">&gt;&gt;</a>&nbsp;&nbsp;&nbsp;__aeabi_ddiv
<LI><a href="#[82]">&gt;&gt;</a>&nbsp;&nbsp;&nbsp;__aeabi_dmul
<LI><a href="#[df]">&gt;&gt;</a>&nbsp;&nbsp;&nbsp;__kernel_poly
<LI><a href="#[dc]">&gt;&gt;</a>&nbsp;&nbsp;&nbsp;__ARM_fpclassify
<LI><a href="#[de]">&gt;&gt;</a>&nbsp;&nbsp;&nbsp;fabs
<LI><a href="#[dd]">&gt;&gt;</a>&nbsp;&nbsp;&nbsp;__mathlib_dbl_underflow
<LI><a href="#[db]">&gt;&gt;</a>&nbsp;&nbsp;&nbsp;__mathlib_dbl_infnan
<LI><a href="#[8c]">&gt;&gt;</a>&nbsp;&nbsp;&nbsp;__aeabi_dsub
<LI><a href="#[8d]">&gt;&gt;</a>&nbsp;&nbsp;&nbsp;__aeabi_drsub
<LI><a href="#[8a]">&gt;&gt;</a>&nbsp;&nbsp;&nbsp;__aeabi_dadd
</UL>
<BR>[Called By]<UL><LI><a href="#[96]">&gt;&gt;</a>&nbsp;&nbsp;&nbsp;roll_calc
<LI><a href="#[95]">&gt;&gt;</a>&nbsp;&nbsp;&nbsp;pitch_calc
</UL>

<P><STRONG><a name="[e0]"></a>__hardfp_sqrt</STRONG> (Thumb, 122 bytes, Stack size 32 bytes, sqrt.o(i.__hardfp_sqrt))
<BR><BR>[Stack]<UL><LI>Max Depth = 72<LI>Call Chain = __hardfp_sqrt &rArr; _dsqrt &rArr; _double_round
</UL>
<BR>[Calls]<UL><LI><a href="#[e1]">&gt;&gt;</a>&nbsp;&nbsp;&nbsp;__set_errno
<LI><a href="#[8e]">&gt;&gt;</a>&nbsp;&nbsp;&nbsp;_dsqrt
</UL>
<BR>[Called By]<UL><LI><a href="#[96]">&gt;&gt;</a>&nbsp;&nbsp;&nbsp;roll_calc
<LI><a href="#[95]">&gt;&gt;</a>&nbsp;&nbsp;&nbsp;pitch_calc
</UL>

<P><STRONG><a name="[df]"></a>__kernel_poly</STRONG> (Thumb, 248 bytes, Stack size 24 bytes, poly.o(i.__kernel_poly))
<BR><BR>[Stack]<UL><LI>Max Depth = 112<LI>Call Chain = __kernel_poly &rArr; __aeabi_dmul &rArr; _double_epilogue &rArr; _double_round
</UL>
<BR>[Calls]<UL><LI><a href="#[82]">&gt;&gt;</a>&nbsp;&nbsp;&nbsp;__aeabi_dmul
<LI><a href="#[8a]">&gt;&gt;</a>&nbsp;&nbsp;&nbsp;__aeabi_dadd
</UL>
<BR>[Called By]<UL><LI><a href="#[da]">&gt;&gt;</a>&nbsp;&nbsp;&nbsp;__hardfp_atan
</UL>

<P><STRONG><a name="[db]"></a>__mathlib_dbl_infnan</STRONG> (Thumb, 20 bytes, Stack size 8 bytes, dunder.o(i.__mathlib_dbl_infnan))
<BR><BR>[Stack]<UL><LI>Max Depth = 96<LI>Call Chain = __mathlib_dbl_infnan &rArr; __aeabi_dadd &rArr; _double_epilogue &rArr; _double_round
</UL>
<BR>[Calls]<UL><LI><a href="#[8a]">&gt;&gt;</a>&nbsp;&nbsp;&nbsp;__aeabi_dadd
</UL>
<BR>[Called By]<UL><LI><a href="#[da]">&gt;&gt;</a>&nbsp;&nbsp;&nbsp;__hardfp_atan
</UL>

<P><STRONG><a name="[dd]"></a>__mathlib_dbl_underflow</STRONG> (Thumb, 24 bytes, Stack size 8 bytes, dunder.o(i.__mathlib_dbl_underflow))
<BR><BR>[Stack]<UL><LI>Max Depth = 96<LI>Call Chain = __mathlib_dbl_underflow &rArr; __aeabi_dmul &rArr; _double_epilogue &rArr; _double_round
</UL>
[...]
<LI><a href="#[125]">&gt;&gt;</a>&nbsp;&nbsp;&nbsp;rt_tsk_delete
</UL>

<P><STRONG><a name="[103]"></a>rt_switch_req</STRONG> (Thumb, 30 bytes, Stack size 0 bytes, rt_task.o(i.rt_switch_req))
<BR><BR>[Calls]<UL><LI><a href="#[11b]">&gt;&gt;</a>&nbsp;&nbsp;&nbsp;dbg_task_switch
</UL>
<BR>[Called By]<UL><LI><a href="#[7f]">&gt;&gt;</a>&nbsp;&nbsp;&nbsp;rt_systick
<LI><a href="#[7e]">&gt;&gt;</a>&nbsp;&nbsp;&nbsp;rt_pop_req
<LI><a href="#[107]">&gt;&gt;</a>&nbsp;&nbsp;&nbsp;rt_dispatch
<LI><a href="#[100]">&gt;&gt;</a>&nbsp;&nbsp;&nbsp;rt_block
</UL>

<P><STRONG><a name="[11c]"></a>rt_sys_init</STRONG> (Thumb, 138 bytes, Stack size 16 bytes, rt_task.o(i.rt_sys_init))
<BR><BR>[Stack]<UL><LI>Max Depth = 48<LI>Call Chain = rt_sys_init &rArr; rt_init_context &rArr; rt_init_stack
</UL>
<BR>[Calls]<UL><LI><a href="#[11f]">&gt;&gt;</a>&nbsp;&nbsp;&nbsp;rt_init_robin
<LI><a href="#[11d]">&gt;&gt;</a>&nbsp;&nbsp;&nbsp;dbg_init
<LI><a href="#[10f]">&gt;&gt;</a>&nbsp;&nbsp;&nbsp;rt_init_context
<LI><a href="#[11e]">&gt;&gt;</a>&nbsp;&nbsp;&nbsp;_init_box
</UL>
<BR>[Called By]<UL><LI><a href="#[62]">&gt;&gt;</a>&nbsp;&nbsp;&nbsp;svcKernelInitialize
</UL>

<P><STRONG><a name="[120]"></a>rt_sys_start</STRONG> (Thumb, 110 bytes, Stack size 8 bytes, rt_task.o(i.rt_sys_start))
<BR><BR>[Stack]<UL><LI>Max Depth = 8<LI>Call Chain = rt_sys_start
</UL>
<BR>[Calls]<UL><LI><a href="#[121]">&gt;&gt;</a>&nbsp;&nbsp;&nbsp;os_tick_init
</UL>
<BR>[Called By]<UL><LI><a href="#[63]">&gt;&gt;</a>&nbsp;&nbsp;&nbsp;svcKernelStart
</UL>

<P><STRONG><a name="[7f]"></a>rt_systick</STRONG> (Thumb, 50 bytes, Stack size 8 bytes, rt_system.o(i.rt_systick))
<BR><BR>[Stack]<UL><LI>Max Depth = 72<LI>Call Chain = rt_systick &rArr; sysTimerTick &rArr; isrMessagePut &rArr; isr_mbx_send &rArr; rt_psq_enq
</UL>
<BR>[Calls]<UL><LI><a href="#[106]">&gt;&gt;</a>&nbsp;&nbsp;&nbsp;rt_dec_dly
<LI><a href="#[104]">&gt;&gt;</a>&nbsp;&nbsp;&nbsp;rt_chk_robin
<LI><a href="#[108]">&gt;&gt;</a>&nbsp;&nbsp;&nbsp;rt_put_rdy_first
<LI><a href="#[103]">&gt;&gt;</a>&nbsp;&nbsp;&nbsp;rt_switch_req
<LI><a href="#[102]">&gt;&gt;</a>&nbsp;&nbsp;&nbsp;rt_get_first
<LI><a href="#[122]">&gt;&gt;</a>&nbsp;&nbsp;&nbsp;sysTimerTick
</UL>
<BR>[Called By]<UL><LI><a href="#[80]">&gt;&gt;</a>&nbsp;&nbsp;&nbsp;OS_Tick_Handler
<LI><a href="#[a]">&gt;&gt;</a>&nbsp;&nbsp;&nbsp;SysTick_Handler
</UL>

<P><STRONG><a name="[123]"></a>rt_tsk_create</STRONG> (Thumb, 118 bytes, Stack size 24 bytes, rt_task.o(i.rt_tsk_create))
<BR><BR>[Stack]<UL><LI>Max Depth = 56<LI>Call Chain = rt_tsk_create &rArr; rt_init_context &rArr; rt_init_stack
</UL>
<BR>[Calls]<UL><LI><a href="#[124]">&gt;&gt;</a>&nbsp;&nbsp;&nbsp;dbg_task_notify
<LI><a href="#[10f]">&gt;&gt;</a>&nbsp;&nbsp;&nbsp;rt_init_context
<LI><a href="#[107]">&gt;&gt;</a>&nbsp;&nbsp;&nbsp;rt_dispatch
<LI><a href="#[5c]">&gt;&gt;</a>&nbsp;&nbsp;&nbsp;rt_alloc_box
</UL>
<BR>[Called By]<UL><LI><a href="#[6a]">&gt;&gt;</a>&nbsp;&nbsp;&nbsp;svcThreadCreate
</UL>

<P><STRONG><a name="[125]"></a>rt_tsk_delete</STRONG> (Thumb, 352 bytes, Stack size 40 bytes, rt_task.o(i.rt_tsk_delete))
<BR><BR>[Stack]<UL><LI>Max Depth = 68<LI>Call Chain = rt_tsk_delete &rArr; rt_dispatch &rArr; rt_put_prio
</UL>
<BR>[Calls]<UL><LI><a href="#[7d]">&gt;&gt;</a>&nbsp;&nbsp;&nbsp;rt_stk_check
<LI><a href="#[119]">&gt;&gt;</a>&nbsp;&nbsp;&nbsp;rt_rmv_list
<LI><a href="#[126]">&gt;&gt;</a>&nbsp;&nbsp;&nbsp;rt_get_PSP
<LI><a href="#[124]">&gt;&gt;</a>&nbsp;&nbsp;&nbsp;dbg_task_notify
<LI><a href="#[10b]">&gt;&gt;</a>&nbsp;&nbsp;&nbsp;rt_rmv_dly
<LI><a href="#[112]">&gt;&gt;</a>&nbsp;&nbsp;&nbsp;rt_ret_val
<LI><a href="#[105]">&gt;&gt;</a>&nbsp;&nbsp;&nbsp;rt_put_prio
<LI><a href="#[102]">&gt;&gt;</a>&nbsp;&nbsp;&nbsp;rt_get_first
<LI><a href="#[5d]">&gt;&gt;</a>&nbsp;&nbsp;&nbsp;rt_free_box
<LI><a href="#[107]">&gt;&gt;</a>&nbsp;&nbsp;&nbsp;rt_dispatch
</UL>
<BR>[Called By]<UL><LI><a href="#[6c]">&gt;&gt;</a>&nbsp;&nbsp;&nbsp;svcThreadTerminate
</UL>

<P><STRONG><a name="[127]"></a>rt_tsk_prio</STRONG> (Thumb, 108 bytes, Stack size 16 bytes, rt_task.o(i.rt_tsk_prio))
<BR><BR>[Stack]<UL><LI>Max Depth = 44<LI>Call Chain = rt_tsk_prio &rArr; rt_dispatch &rArr; rt_put_prio
</UL>
<BR>[Calls]<UL><LI><a href="#[117]">&gt;&gt;</a>&nbsp;&nbsp;&nbsp;rt_resort_prio
<LI><a href="#[105]">&gt;&gt;</a>&nbsp;&nbsp;&nbsp;rt_put_prio
<LI><a href="#[102]">&gt;&gt;</a>&nbsp;&nbsp;&nbsp;rt_get_first
<LI><a href="#[107]">&gt;&gt;</a>&nbsp;&nbsp;&nbsp;rt_dispatch
</UL>
<BR>[Called By]<UL><LI><a href="#[63]">&gt;&gt;</a>&nbsp;&nbsp;&nbsp;svcKernelStart
</UL>

<P><STRONG><a name="[132]"></a>rt_tsk_self</STRONG> (Thumb, 12 bytes, Stack size 0 bytes, rt_task.o(i.rt_tsk_self))
<BR><BR>[Called By]<UL><LI><a href="#[6b]">&gt;&gt;</a>&nbsp;&nbsp;&nbsp;svcThreadGetId
</UL>

<P><STRONG><a name="[f9]"></a>set_col_read</STRONG> (Thumb, 218 bytes, Stack size 8 bytes, key_pad.o(i.set_col_read))
<BR><BR>[Stack]<UL><LI>Max Depth = 8<LI>Call Chain = set_col_read
</UL>
<BR>[Calls]<UL><LI><a href="#[128]">&gt;&gt;</a>&nbsp;&nbsp;&nbsp;HAL_GPIO_ReadPin
<LI><a href="#[bc]">&gt;&gt;</a>&nbsp;&nbsp;&nbsp;HAL_GPIO_WritePin
</UL>
<BR>[Called By]<UL><LI><a href="#[c8]">&gt;&gt;</a>&nbsp;&nbsp;&nbsp;keypad_read
</UL>

<P><STRONG><a name="[fc]"></a>start_Acc_thread</STRONG> (Thumb, 18 bytes, Stack size 8 bytes, acc_thread.o(i.start_Acc_thread))
<BR><BR>[Stack]<UL><LI>Max Depth = 80<LI>Call Chain = start_Acc_thread &rArr; osThreadCreate &rArr; svcThreadCreate &rArr; rt_tsk_create &rArr; rt_init_context &rArr; rt_init_stack
</UL>
<BR>[Calls]<UL><LI><a href="#[7b]">&gt;&gt;</a>&nbsp;&nbsp;&nbsp;osThreadCreate
</UL>
<BR>[Called By]<UL><LI><a href="#[75]">&gt;&gt;</a>&nbsp;&nbsp;&nbsp;main
</UL>

<P><STRONG><a name="[fd]"></a>start_Disp_thread</STRONG> (Thumb, 18 bytes, Stack size 8 bytes, disp_thread.o(i.start_Disp_thread))
<BR><BR>[Stack]<UL><LI>Max Depth = 80<LI>Call Chain = start_Disp_thread &rArr; osThreadCreate &rArr; svcThreadCreate &rArr; rt_tsk_create &rArr; rt_init_context &rArr; rt_init_stack
</UL>
<BR>[Calls]<UL><LI><a href="#[7b]">&gt;&gt;</a>&nbsp;&nbsp;&nbsp;osThreadCreate
</UL>
<BR>[Called By]<UL><LI><a href="#[75]">&gt;&gt;</a>&nbsp;&nbsp;&nbsp;main
</UL>

<P><STRONG><a name="[fa]"></a>start_Kp_thread</STRONG> (Thumb, 18 bytes, Stack size 8 bytes, kp_thread.o(i.start_Kp_thread))
<BR><BR>[Stack]<UL><LI>Max Depth = 80<LI>Call Chain = start_Kp_thread &rArr; osThreadCreate &rArr; svcThreadCreate &rArr; rt_tsk_create &rArr; rt_init_context &rArr; rt_init_stack
</UL>
<BR>[Calls]<UL><LI><a href="#[7b]">&gt;&gt;</a>&nbsp;&nbsp;&nbsp;osThreadCreate
</UL>
<BR>[Called By]<UL><LI><a href="#[75]">&gt;&gt;</a>&nbsp;&nbsp;&nbsp;main
</UL>

<P><STRONG><a name="[fb]"></a>start_Temp_thread</STRONG> (Thumb, 18 bytes, Stack size 8 bytes, temp_thread.o(i.start_Temp_thread))
<BR><BR>[Stack]<UL><LI>Max Depth = 80<LI>Call Chain = start_Temp_thread &rArr; osThreadCreate &rArr; svcThreadCreate &rArr; rt_tsk_create &rArr; rt_init_context &rArr; rt_init_stack
</UL>
<BR>[Calls]<UL><LI><a href="#[7b]">&gt;&gt;</a>&nbsp;&nbsp;&nbsp;osThreadCreate
</UL>
<BR>[Called By]<UL><LI><a href="#[75]">&gt;&gt;</a>&nbsp;&nbsp;&nbsp;main
</UL>

<P><STRONG><a name="[61]"></a>svcDelay</STRONG> (Thumb, 18 bytes, Stack size 8 bytes, rt_cmsis.o(i.svcDelay))
<BR><BR>[Stack]<UL><LI>Max Depth = 32<LI>Call Chain = svcDelay &rArr; rt_dly_wait &rArr; rt_block &rArr; rt_put_dly
</UL>
<BR>[Calls]<UL><LI><a href="#[12a]">&gt;&gt;</a>&nbsp;&nbsp;&nbsp;rt_ms2tick
<LI><a href="#[109]">&gt;&gt;</a>&nbsp;&nbsp;&nbsp;rt_dly_wait
</UL>
<BR>[Address Reference Count : 1]<UL><LI> rt_cmsis.o(i.osDelay)
</UL>
<P><STRONG><a name="[62]"></a>svcKernelInitialize</STRONG> (Thumb, 80 bytes, Stack size 8 bytes, rt_cmsis.o(i.svcKernelInitialize))
<BR><BR>[Stack]<UL><LI>Max Depth = 80<LI>Call Chain = svcKernelInitialize &rArr; svcThreadCreate &rArr; rt_tsk_create &rArr; rt_init_context &rArr; rt_init_stack
</UL>
<BR>[Calls]<UL><LI><a href="#[11c]">&gt;&gt;</a>&nbsp;&nbsp;&nbsp;rt_sys_init
<LI><a href="#[12b]">&gt;&gt;</a>&nbsp;&nbsp;&nbsp;rt_init_mem
<LI><a href="#[6a]">&gt;&gt;</a>&nbsp;&nbsp;&nbsp;svcThreadCreate
<LI><a href="#[12c]">&gt;&gt;</a>&nbsp;&nbsp;&nbsp;svcMessageCreate
</UL>
<BR>[Called By]<UL><LI><a href="#[7a]">&gt;&gt;</a>&nbsp;&nbsp;&nbsp;osKernelInitialize
</UL>
<BR>[Address Reference Count : 1]<UL><LI> rt_cmsis.o(i.osKernelInitialize)
</UL>
<P><STRONG><a name="[63]"></a>svcKernelStart</STRONG> (Thumb, 62 bytes, Stack size 16 bytes, rt_cmsis.o(i.svcKernelStart))
<BR><BR>[Stack]<UL><LI>Max Depth = 60<LI>Call Chain = svcKernelStart &rArr; rt_tsk_prio &rArr; rt_dispatch &rArr; rt_put_prio
</UL>
<BR>[Calls]<UL><LI><a href="#[127]">&gt;&gt;</a>&nbsp;&nbsp;&nbsp;rt_tsk_prio
<LI><a href="#[120]">&gt;&gt;</a>&nbsp;&nbsp;&nbsp;rt_sys_start
</UL>
<BR>[Address Reference Count : 1]<UL><LI> rt_cmsis.o(i.osKernelStart)
</UL>
<P><STRONG><a name="[12c]"></a>svcMessageCreate</STRONG> (Thumb, 36 bytes, Stack size 8 bytes, rt_cmsis.o(i.svcMessageCreate))
<BR><BR>[Stack]<UL><LI>Max Depth = 8<LI>Call Chain = svcMessageCreate
</UL>
<BR>[Calls]<UL><LI><a href="#[12d]">&gt;&gt;</a>&nbsp;&nbsp;&nbsp;rt_mbx_init
</UL>
<BR>[Called By]<UL><LI><a href="#[62]">&gt;&gt;</a>&nbsp;&nbsp;&nbsp;svcKernelInitialize
</UL>

<P><STRONG><a name="[64]"></a>svcMessageGet</STRONG> (Thumb, 58 bytes, Stack size 24 bytes, rt_cmsis.o(i.svcMessageGet))
<BR><BR>[Stack]<UL><LI>Max Depth = 68<LI>Call Chain = svcMessageGet &rArr; rt_mbx_wait &rArr; rt_dispatch &rArr; rt_put_prio
</UL>
<BR>[Calls]<UL><LI><a href="#[12a]">&gt;&gt;</a>&nbsp;&nbsp;&nbsp;rt_ms2tick
<LI><a href="#[114]">&gt;&gt;</a>&nbsp;&nbsp;&nbsp;rt_mbx_wait
</UL>
<BR>[Address Reference Count : 1]<UL><LI> rt_cmsis.o(i.osMessageGet)
</UL>
<P><STRONG><a name="[65]"></a>svcMutexCreate</STRONG> (Thumb, 28 bytes, Stack size 8 bytes, rt_cmsis.o(i.svcMutexCreate))
<BR><BR>[Stack]<UL><LI>Max Depth = 8<LI>Call Chain = svcMutexCreate
</UL>
<BR>[Calls]<UL><LI><a href="#[12e]">&gt;&gt;</a>&nbsp;&nbsp;&nbsp;rt_mut_init
</UL>
<BR>[Called By]<UL><LI><a href="#[9b]">&gt;&gt;</a>&nbsp;&nbsp;&nbsp;osMutexCreate
</UL>
<BR>[Address Reference Count : 1]<UL><LI> rt_cmsis.o(i.osMutexCreate)
</UL>
<P><STRONG><a name="[66]"></a>svcMutexRelease</STRONG> (Thumb, 34 bytes, Stack size 8 bytes, rt_cmsis.o(i.svcMutexRelease))
<BR><BR>[Stack]<UL><LI>Max Depth = 60<LI>Call Chain = svcMutexRelease &rArr; rt_mut_release &rArr; rt_dispatch &rArr; rt_put_prio
</UL>
<BR>[Calls]<UL><LI><a href="#[12f]">&gt;&gt;</a>&nbsp;&nbsp;&nbsp;rt_id2obj
<LI><a href="#[115]">&gt;&gt;</a>&nbsp;&nbsp;&nbsp;rt_mut_release
</UL>
<BR>[Address Reference Count : 1]<UL><LI> rt_cmsis.o(i.osMutexRelease)
</UL>
<P><STRONG><a name="[67]"></a>svcMutexWait</STRONG> (Thumb, 54 bytes, Stack size 16 bytes, rt_cmsis.o(i.svcMutexWait))
<BR><BR>[Stack]<UL><LI>Max Depth = 56<LI>Call Chain = svcMutexWait &rArr; rt_mut_wait &rArr; rt_block &rArr; rt_put_dly
</UL>
<BR>[Calls]<UL><LI><a href="#[12a]">&gt;&gt;</a>&nbsp;&nbsp;&nbsp;rt_ms2tick
<LI><a href="#[12f]">&gt;&gt;</a>&nbsp;&nbsp;&nbsp;rt_id2obj
<LI><a href="#[116]">&gt;&gt;</a>&nbsp;&nbsp;&nbsp;rt_mut_wait
</UL>
<BR>[Address Reference Count : 1]<UL><LI> rt_cmsis.o(i.osMutexWait)
</UL>
<P><STRONG><a name="[68]"></a>svcSignalSet</STRONG> (Thumb, 36 bytes, Stack size 16 bytes, rt_cmsis.o(i.svcSignalSet))
<BR><BR>[Stack]<UL><LI>Max Depth = 52<LI>Call Chain = svcSignalSet &rArr; rt_evt_set &rArr; rt_dispatch &rArr; rt_put_prio
</UL>
<BR>[Calls]<UL><LI><a href="#[f5]">&gt;&gt;</a>&nbsp;&nbsp;&nbsp;rt_tid2ptcb
<LI><a href="#[10d]">&gt;&gt;</a>&nbsp;&nbsp;&nbsp;rt_evt_set
</UL>
<BR>[Address Reference Count : 1]<UL><LI> rt_cmsis.o(i.osSignalSet)
</UL>
<P><STRONG><a name="[69]"></a>svcSignalWait</STRONG> (Thumb, 80 bytes, Stack size 16 bytes, rt_cmsis.o(i.svcSignalWait))
<BR><BR>[Stack]<UL><LI>Max Depth = 56<LI>Call Chain = svcSignalWait &rArr; rt_evt_wait &rArr; rt_block &rArr; rt_put_dly
</UL>
<BR>[Calls]<UL><LI><a href="#[12a]">&gt;&gt;</a>&nbsp;&nbsp;&nbsp;rt_ms2tick
<LI><a href="#[10e]">&gt;&gt;</a>&nbsp;&nbsp;&nbsp;rt_evt_wait
</UL>
<BR>[Address Reference Count : 1]<UL><LI> rt_cmsis.o(i.osSignalWait)
</UL>
<P><STRONG><a name="[6a]"></a>svcThreadCreate</STRONG> (Thumb, 100 bytes, Stack size 16 bytes, rt_cmsis.o(i.svcThreadCreate))
<BR><BR>[Stack]<UL><LI>Max Depth = 72<LI>Call Chain = svcThreadCreate &rArr; rt_tsk_create &rArr; rt_init_context &rArr; rt_init_stack
</UL>
<BR>[Calls]<UL><LI><a href="#[123]">&gt;&gt;</a>&nbsp;&nbsp;&nbsp;rt_tsk_create
<LI><a href="#[131]">&gt;&gt;</a>&nbsp;&nbsp;&nbsp;rt_free_mem
<LI><a href="#[130]">&gt;&gt;</a>&nbsp;&nbsp;&nbsp;rt_alloc_mem
</UL>
<BR>[Called By]<UL><LI><a href="#[7b]">&gt;&gt;</a>&nbsp;&nbsp;&nbsp;osThreadCreate
<LI><a href="#[62]">&gt;&gt;</a>&nbsp;&nbsp;&nbsp;svcKernelInitialize
</UL>
<BR>[Address Reference Count : 1]<UL><LI> rt_cmsis.o(i.osThreadCreate)
</UL>
<P><STRONG><a name="[6b]"></a>svcThreadGetId</STRONG> (Thumb, 22 bytes, Stack size 8 bytes, rt_cmsis.o(i.svcThreadGetId))
<BR><BR>[Stack]<UL><LI>Max Depth = 8<LI>Call Chain = svcThreadGetId
</UL>
<BR>[Calls]<UL><LI><a href="#[132]">&gt;&gt;</a>&nbsp;&nbsp;&nbsp;rt_tsk_self
</UL>
<BR>[Address Reference Count : 1]<UL><LI> rt_cmsis.o(i.osThreadExit)
</UL>
<P><STRONG><a name="[6c]"></a>svcThreadTerminate</STRONG> (Thumb, 50 bytes, Stack size 8 bytes, rt_cmsis.o(i.svcThreadTerminate))
<BR><BR>[Stack]<UL><LI>Max Depth = 76<LI>Call Chain = svcThreadTerminate &rArr; rt_tsk_delete &rArr; rt_dispatch &rArr; rt_put_prio
</UL>
<BR>[Calls]<UL><LI><a href="#[f5]">&gt;&gt;</a>&nbsp;&nbsp;&nbsp;rt_tid2ptcb
<LI><a href="#[125]">&gt;&gt;</a>&nbsp;&nbsp;&nbsp;rt_tsk_delete
<LI><a href="#[131]">&gt;&gt;</a>&nbsp;&nbsp;&nbsp;rt_free_mem
</UL>
<BR>[Address Reference Count : 1]<UL><LI> rt_cmsis.o(i.osThreadExit)
</UL>
<P><STRONG><a name="[6d]"></a>svcTimerCall</STRONG> (Thumb, 24 bytes, Stack size 8 bytes, rt_cmsis.o(i.svcTimerCall))
<BR><BR>[Stack]<UL><LI>Max Depth = 8<LI>Call Chain = svcTimerCall
</UL>
<BR>[Calls]<UL><LI><a href="#[12f]">&gt;&gt;</a>&nbsp;&nbsp;&nbsp;rt_id2obj
</UL>
<BR>[Address Reference Count : 1]<UL><LI> rt_cmsis.o(i.osTimerCall)
</UL>
<P><STRONG><a name="[122]"></a>sysTimerTick</STRONG> (Thumb, 84 bytes, Stack size 24 bytes, rt_cmsis.o(i.sysTimerTick))
<BR><BR>[Stack]<UL><LI>Max Depth = 64<LI>Call Chain = sysTimerTick &rArr; isrMessagePut &rArr; isr_mbx_send &rArr; rt_psq_enq
</UL>
<BR>[Calls]<UL><LI><a href="#[113]">&gt;&gt;</a>&nbsp;&nbsp;&nbsp;os_error
<LI><a href="#[133]">&gt;&gt;</a>&nbsp;&nbsp;&nbsp;rt_timer_insert
<LI><a href="#[f1]">&gt;&gt;</a>&nbsp;&nbsp;&nbsp;isrMessagePut
</UL>
<BR>[Called By]<UL><LI><a href="#[7f]">&gt;&gt;</a>&nbsp;&nbsp;&nbsp;rt_systick
</UL>

<P><STRONG><a name="[e9]"></a>undisplay_Decimal</STRONG> (Thumb, 16 bytes, Stack size 8 bytes, 7_segment_display.o(i.undisplay_Decimal))
<BR><BR>[Stack]<UL><LI>Max Depth = 8<LI>Call Chain = undisplay_Decimal
</UL>
<BR>[Calls]<UL><LI><a href="#[bc]">&gt;&gt;</a>&nbsp;&nbsp;&nbsp;HAL_GPIO_WritePin
</UL>
<BR>[Called By]<UL><LI><a href="#[9d]">&gt;&gt;</a>&nbsp;&nbsp;&nbsp;display_Number
</UL>

<P><STRONG><a name="[ee]"></a>vol_To_Temp</STRONG> (Thumb, 34 bytes, Stack size 0 bytes, temperature.o(i.vol_To_Temp))
<BR><BR>[Called By]<UL><LI><a href="#[d6]">&gt;&gt;</a>&nbsp;&nbsp;&nbsp;get_Data_Sensor
</UL>

<P><STRONG><a name="[e8]"></a>write_Number</STRONG> (Thumb, 992 bytes, Stack size 8 bytes, 7_segment_display.o(i.write_Number))
<BR><BR>[Stack]<UL><LI>Max Depth = 8<LI>Call Chain = write_Number
</UL>
<BR>[Calls]<UL><LI><a href="#[bc]">&gt;&gt;</a>&nbsp;&nbsp;&nbsp;HAL_GPIO_WritePin
</UL>
<BR>[Called By]<UL><LI><a href="#[9d]">&gt;&gt;</a>&nbsp;&nbsp;&nbsp;display_Number
</UL>
<P>
<H3>
Local Symbols
</H3>
<P><STRONG><a name="[ce]"></a>LIS3DSH_SendByte</STRONG> (Thumb, 108 bytes, Stack size 4 bytes, lis3dsh.o(i.LIS3DSH_SendByte))
<BR><BR>[Stack]<UL><LI>Max Depth = 4<LI>Call Chain = LIS3DSH_SendByte
</UL>
<BR>[Calls]<UL><LI><a href="#[d0]">&gt;&gt;</a>&nbsp;&nbsp;&nbsp;SPI_SendData
<LI><a href="#[d1]">&gt;&gt;</a>&nbsp;&nbsp;&nbsp;SPI_ReceiveData
<LI><a href="#[cf]">&gt;&gt;</a>&nbsp;&nbsp;&nbsp;LIS3DSH_TIMEOUT_UserCallback
</UL>
<BR>[Called By]<UL><LI><a href="#[cc]">&gt;&gt;</a>&nbsp;&nbsp;&nbsp;LIS3DSH_Write
<LI><a href="#[cb]">&gt;&gt;</a>&nbsp;&nbsp;&nbsp;LIS3DSH_Read
</UL>

<P><STRONG><a name="[ea]"></a>stdout_putchar</STRONG> (Thumb, 12 bytes, Stack size 4 bytes, retarget_io.o(i.stdout_putchar))
<BR><BR>[Stack]<UL><LI>Max Depth = 4<LI>Call Chain = stdout_putchar
</UL>
<BR>[Calls]<UL><LI><a href="#[129]">&gt;&gt;</a>&nbsp;&nbsp;&nbsp;ITM_SendChar
</UL>
<BR>[Called By]<UL><LI><a href="#[60]">&gt;&gt;</a>&nbsp;&nbsp;&nbsp;fputc
</UL>

<P><STRONG><a name="[b2]"></a>__NVIC_GetPriorityGrouping</STRONG> (Thumb, 10 bytes, Stack size 0 bytes, stm32f4xx_hal_cortex.o(i.__NVIC_GetPriorityGrouping))
<BR><BR>[Called By]<UL><LI><a href="#[a5]">&gt;&gt;</a>&nbsp;&nbsp;&nbsp;HAL_NVIC_SetPriority
</UL>

<P><STRONG><a name="[b3]"></a>__NVIC_SetPriority</STRONG> (Thumb, 32 bytes, Stack size 8 bytes, stm32f4xx_hal_cortex.o(i.__NVIC_SetPriority))
<BR><BR>[Stack]<UL><LI>Max Depth = 8<LI>Call Chain = __NVIC_SetPriority
</UL>
<BR>[Called By]<UL><LI><a href="#[b1]">&gt;&gt;</a>&nbsp;&nbsp;&nbsp;HAL_SYSTICK_Config
<LI><a href="#[a5]">&gt;&gt;</a>&nbsp;&nbsp;&nbsp;HAL_NVIC_SetPriority
</UL>

<P><STRONG><a name="[12f]"></a>rt_id2obj</STRONG> (Thumb, 8 bytes, Stack size 0 bytes, rt_cmsis.o(i.rt_id2obj))
<BR><BR>[Called By]<UL><LI><a href="#[6d]">&gt;&gt;</a>&nbsp;&nbsp;&nbsp;svcTimerCall
<LI><a href="#[67]">&gt;&gt;</a>&nbsp;&nbsp;&nbsp;svcMutexWait
<LI><a href="#[66]">&gt;&gt;</a>&nbsp;&nbsp;&nbsp;svcMutexRelease
</UL>

<P><STRONG><a name="[12a]"></a>rt_ms2tick</STRONG> (Thumb, 58 bytes, Stack size 0 bytes, rt_cmsis.o(i.rt_ms2tick))
<BR><BR>[Called By]<UL><LI><a href="#[69]">&gt;&gt;</a>&nbsp;&nbsp;&nbsp;svcSignalWait
<LI><a href="#[67]">&gt;&gt;</a>&nbsp;&nbsp;&nbsp;svcMutexWait
<LI><a href="#[64]">&gt;&gt;</a>&nbsp;&nbsp;&nbsp;svcMessageGet
<LI><a href="#[61]">&gt;&gt;</a>&nbsp;&nbsp;&nbsp;svcDelay
</UL>

<P><STRONG><a name="[f5]"></a>rt_tid2ptcb</STRONG> (Thumb, 18 bytes, Stack size 0 bytes, rt_cmsis.o(i.rt_tid2ptcb))
<BR><BR>[Called By]<UL><LI><a href="#[6c]">&gt;&gt;</a>&nbsp;&nbsp;&nbsp;svcThreadTerminate
<LI><a href="#[68]">&gt;&gt;</a>&nbsp;&nbsp;&nbsp;svcSignalSet
<LI><a href="#[f4]">&gt;&gt;</a>&nbsp;&nbsp;&nbsp;isrSignalSet
</UL>

<P><STRONG><a name="[133]"></a>rt_timer_insert</STRONG> (Thumb, 48 bytes, Stack size 12 bytes, rt_cmsis.o(i.rt_timer_insert))
<BR><BR>[Stack]<UL><LI>Max Depth = 12<LI>Call Chain = rt_timer_insert
</UL>
<BR>[Called By]<UL><LI><a href="#[122]">&gt;&gt;</a>&nbsp;&nbsp;&nbsp;sysTimerTick
</UL>

<P><STRONG><a name="[10f]"></a>rt_init_context</STRONG> (Thumb, 66 bytes, Stack size 16 bytes, rt_task.o(i.rt_init_context))
<BR><BR>[Stack]<UL><LI>Max Depth = 32<LI>Call Chain = rt_init_context &rArr; rt_init_stack
</UL>
<BR>[Calls]<UL><LI><a href="#[110]">&gt;&gt;</a>&nbsp;&nbsp;&nbsp;rt_init_stack
<LI><a href="#[5c]">&gt;&gt;</a>&nbsp;&nbsp;&nbsp;rt_alloc_box
</UL>
<BR>[Called By]<UL><LI><a href="#[123]">&gt;&gt;</a>&nbsp;&nbsp;&nbsp;rt_tsk_create
<LI><a href="#[11c]">&gt;&gt;</a>&nbsp;&nbsp;&nbsp;rt_sys_init
</UL>

<P><STRONG><a name="[11a]"></a>rt_ret_regs</STRONG> (Thumb, 16 bytes, Stack size 0 bytes, hal_cm.o(i.rt_ret_regs))
<BR><BR>[Called By]<UL><LI><a href="#[10c]">&gt;&gt;</a>&nbsp;&nbsp;&nbsp;rt_ret_val2
<LI><a href="#[112]">&gt;&gt;</a>&nbsp;&nbsp;&nbsp;rt_ret_val
</UL>

<P><STRONG><a name="[d9]"></a>_printf_core</STRONG> (Thumb, 34 bytes, Stack size 24 bytes, printfb.o(i._printf_core), UNUSED)
<BR><BR>[Called By]<UL><LI><a href="#[d8]">&gt;&gt;</a>&nbsp;&nbsp;&nbsp;__0printf$bare
</UL>
<P>
<H3>
Undefined Global Symbols
</H3><HR></body></html>
